
Running 48 tests using 1 worker

  [OK]   1 [chromium] > e2e\case1-native-jump.spec.ts:16:9 > native jump (safe href), restoration=enabled, mixin=0 (1.3s)
  [OK]   2 [chromium] > e2e\case1-native-jump.spec.ts:16:9 > native jump (safe href), restoration=enabled, mixin=1 (1.8s)
  [OK]   3 [chromium] > e2e\case1-native-jump.spec.ts:16:9 > native jump (safe href), restoration=top, mixin=0 (1.3s)
  [OK]   4 [chromium] > e2e\case1-native-jump.spec.ts:16:9 > native jump (safe href), restoration=top, mixin=1 (1.8s)
  [OK]   5 [chromium] > e2e\case1-native-jump.spec.ts:64:5 > native jump (bare href) demonstrates the <base href> hazard on a non-root route (1.1s)
  [OK]   6 [chromium] > e2e\case2-defer-replay.spec.ts:47:5 > container host: click before hydration (1.3s)
  [OK]   7 [chromium] > e2e\case2-defer-replay.spec.ts:102:5 > link host: click before hydration (1.3s)
  [OK]   8 [chromium] > e2e\case3-magellan-history.spec.ts:25:9 > Back/Forward over Magellan-lite entries, restoration=enabled, historyMode=replace (5.6s)
  [OK]   9 [chromium] > e2e\case3-magellan-history.spec.ts:25:9 > Back/Forward over Magellan-lite entries, restoration=enabled, historyMode=push (5.1s)
  [OK]  10 [chromium] > e2e\case3-magellan-history.spec.ts:25:9 > Back/Forward over Magellan-lite entries, restoration=top, historyMode=replace (5.5s)
  [OK]  11 [chromium] > e2e\case3-magellan-history.spec.ts:25:9 > Back/Forward over Magellan-lite entries, restoration=top, historyMode=push (5.2s)
  [OK]  12 [chromium] > e2e\case3-magellan-history.spec.ts:25:9 > Back/Forward over Magellan-lite entries, restoration=disabled, historyMode=replace (5.3s)
  [OK]  13 [chromium] > e2e\case3-magellan-history.spec.ts:25:9 > Back/Forward over Magellan-lite entries, restoration=disabled, historyMode=push (5.2s)
  [OK]  14 [chromium] > e2e\case3-magellan-history.spec.ts:82:7 > replaceState entry survives navigating away and back, restoration=enabled (2.8s)
  [OK]  15 [chromium] > e2e\case3-magellan-history.spec.ts:82:7 > replaceState entry survives navigating away and back, restoration=top (2.5s)
  [OK]  16 [chromium] > e2e\case3-magellan-history.spec.ts:82:7 > replaceState entry survives navigating away and back, restoration=disabled (2.5s)
  [OK]  17 [firefox] > e2e\case1-native-jump.spec.ts:16:9 > native jump (safe href), restoration=enabled, mixin=0 (5.3s)
  [OK]  18 [firefox] > e2e\case1-native-jump.spec.ts:16:9 > native jump (safe href), restoration=enabled, mixin=1 (2.4s)
  [OK]  19 [firefox] > e2e\case1-native-jump.spec.ts:16:9 > native jump (safe href), restoration=top, mixin=0 (1.8s)
  [OK]  20 [firefox] > e2e\case1-native-jump.spec.ts:16:9 > native jump (safe href), restoration=top, mixin=1 (2.5s)
  [OK]  21 [firefox] > e2e\case1-native-jump.spec.ts:64:5 > native jump (bare href) demonstrates the <base href> hazard on a non-root route (1.5s)
  [OK]  22 [firefox] > e2e\case2-defer-replay.spec.ts:47:5 > container host: click before hydration (1.8s)
  [OK]  23 [firefox] > e2e\case2-defer-replay.spec.ts:102:5 > link host: click before hydration (1.7s)
  [OK]  24 [firefox] > e2e\case3-magellan-history.spec.ts:25:9 > Back/Forward over Magellan-lite entries, restoration=enabled, historyMode=replace (5.9s)
  [OK]  25 [firefox] > e2e\case3-magellan-history.spec.ts:25:9 > Back/Forward over Magellan-lite entries, restoration=enabled, historyMode=push (5.9s)
  [OK]  26 [firefox] > e2e\case3-magellan-history.spec.ts:25:9 > Back/Forward over Magellan-lite entries, restoration=top, historyMode=replace (6.4s)
  [OK]  27 [firefox] > e2e\case3-magellan-history.spec.ts:25:9 > Back/Forward over Magellan-lite entries, restoration=top, historyMode=push (5.9s)
  [OK]  28 [firefox] > e2e\case3-magellan-history.spec.ts:25:9 > Back/Forward over Magellan-lite entries, restoration=disabled, historyMode=replace (5.8s)
  [OK]  29 [firefox] > e2e\case3-magellan-history.spec.ts:25:9 > Back/Forward over Magellan-lite entries, restoration=disabled, historyMode=push (5.7s)
  [OK]  30 [firefox] > e2e\case3-magellan-history.spec.ts:82:7 > replaceState entry survives navigating away and back, restoration=enabled (3.0s)
  [OK]  31 [firefox] > e2e\case3-magellan-history.spec.ts:82:7 > replaceState entry survives navigating away and back, restoration=top (2.9s)
  [OK]  32 [firefox] > e2e\case3-magellan-history.spec.ts:82:7 > replaceState entry survives navigating away and back, restoration=disabled (3.0s)
  [OK]  33 [webkit] > e2e\case1-native-jump.spec.ts:16:9 > native jump (safe href), restoration=enabled, mixin=0 (1.6s)
  [OK]  34 [webkit] > e2e\case1-native-jump.spec.ts:16:9 > native jump (safe href), restoration=enabled, mixin=1 (2.1s)
  [OK]  35 [webkit] > e2e\case1-native-jump.spec.ts:16:9 > native jump (safe href), restoration=top, mixin=0 (1.9s)
  [OK]  36 [webkit] > e2e\case1-native-jump.spec.ts:16:9 > native jump (safe href), restoration=top, mixin=1 (2.2s)
  [OK]  37 [webkit] > e2e\case1-native-jump.spec.ts:64:5 > native jump (bare href) demonstrates the <base href> hazard on a non-root route (1.3s)
  [OK]  38 [webkit] > e2e\case2-defer-replay.spec.ts:47:5 > container host: click before hydration (1.7s)
  [OK]  39 [webkit] > e2e\case2-defer-replay.spec.ts:102:5 > link host: click before hydration (2.0s)
  [OK]  40 [webkit] > e2e\case3-magellan-history.spec.ts:25:9 > Back/Forward over Magellan-lite entries, restoration=enabled, historyMode=replace (5.1s)
  [OK]  41 [webkit] > e2e\case3-magellan-history.spec.ts:25:9 > Back/Forward over Magellan-lite entries, restoration=enabled, historyMode=push (4.4s)
  [OK]  42 [webkit] > e2e\case3-magellan-history.spec.ts:25:9 > Back/Forward over Magellan-lite entries, restoration=top, historyMode=replace (4.6s)
  [OK]  43 [webkit] > e2e\case3-magellan-history.spec.ts:25:9 > Back/Forward over Magellan-lite entries, restoration=top, historyMode=push (4.9s)
  [OK]  44 [webkit] > e2e\case3-magellan-history.spec.ts:25:9 > Back/Forward over Magellan-lite entries, restoration=disabled, historyMode=replace (4.6s)
  [OK]  45 [webkit] > e2e\case3-magellan-history.spec.ts:25:9 > Back/Forward over Magellan-lite entries, restoration=disabled, historyMode=push (4.4s)
  [OK]  46 [webkit] > e2e\case3-magellan-history.spec.ts:82:7 > replaceState entry survives navigating away and back, restoration=enabled (2.9s)
  [OK]  47 [webkit] > e2e\case3-magellan-history.spec.ts:82:7 > replaceState entry survives navigating away and back, restoration=top (2.5s)
  [OK]  48 [webkit] > e2e\case3-magellan-history.spec.ts:82:7 > replaceState entry survives navigating away and back, restoration=disabled (2.9s)

  48 passed (2.8m)
