PASSED  native jump (safe href), restoration=enabled, mixin=0 [chromium]
  restoration=enabled | mixin=0 | scrollYAfterInitialNav=0 | targetTop=2542 | finalScrollY=0 | landedOnTarget=false | landedAtTop=true | documentReloaded=false | finalUrl=http://localhost:4640/page-a?restoration=enabled&mixin=0#c1-target
PASSED  native jump (safe href), restoration=enabled, mixin=1 [chromium]
  restoration=enabled | mixin=1 | scrollYAfterInitialNav=0 | targetTop=2542 | finalScrollY=0 | landedOnTarget=false | landedAtTop=true | documentReloaded=false | finalUrl=http://localhost:4640/page-a?restoration=enabled&mixin=1#c1-target
PASSED  native jump (safe href), restoration=top, mixin=0 [chromium]
  restoration=top | mixin=0 | scrollYAfterInitialNav=0 | targetTop=2542 | finalScrollY=0 | landedOnTarget=false | landedAtTop=true | documentReloaded=false | finalUrl=http://localhost:4640/page-a?restoration=top&mixin=0#c1-target
PASSED  native jump (safe href), restoration=top, mixin=1 [chromium]
  restoration=top | mixin=1 | scrollYAfterInitialNav=0 | targetTop=2542 | finalScrollY=0 | landedOnTarget=false | landedAtTop=true | documentReloaded=false | finalUrl=http://localhost:4640/page-a?restoration=top&mixin=1#c1-target
PASSED  native jump (bare href) demonstrates the <base href> hazard on a non-root route [chromium]
  linkHrefProp=http://localhost:4640/#c1-target | documentReloaded=true | finalUrl=http://localhost:4640/page-a#c1-target
PASSED  native jump (safe href), restoration=enabled, mixin=0 [firefox]
  restoration=enabled | mixin=0 | scrollYAfterInitialNav=0 | targetTop=2544.39990234375 | finalScrollY=0 | landedOnTarget=false | landedAtTop=true | documentReloaded=false | finalUrl=http://localhost:4640/page-a?restoration=enabled&mixin=0#c1-target
PASSED  native jump (safe href), restoration=enabled, mixin=1 [firefox]
  restoration=enabled | mixin=1 | scrollYAfterInitialNav=0 | targetTop=2544.39990234375 | finalScrollY=0 | landedOnTarget=false | landedAtTop=true | documentReloaded=false | finalUrl=http://localhost:4640/page-a?restoration=enabled&mixin=1#c1-target
PASSED  native jump (safe href), restoration=top, mixin=0 [firefox]
  restoration=top | mixin=0 | scrollYAfterInitialNav=0 | targetTop=2544.39990234375 | finalScrollY=0 | landedOnTarget=false | landedAtTop=true | documentReloaded=false | finalUrl=http://localhost:4640/page-a?restoration=top&mixin=0#c1-target
PASSED  native jump (safe href), restoration=top, mixin=1 [firefox]
  restoration=top | mixin=1 | scrollYAfterInitialNav=0 | targetTop=2544.39990234375 | finalScrollY=0 | landedOnTarget=false | landedAtTop=true | documentReloaded=false | finalUrl=http://localhost:4640/page-a?restoration=top&mixin=1#c1-target
PASSED  native jump (bare href) demonstrates the <base href> hazard on a non-root route [firefox]
  linkHrefProp=http://localhost:4640/#c1-target | documentReloaded=true | finalUrl=http://localhost:4640/page-a#c1-target
PASSED  native jump (safe href), restoration=enabled, mixin=0 [webkit]
  restoration=enabled | mixin=0 | scrollYAfterInitialNav=0 | targetTop=2542 | finalScrollY=0 | landedOnTarget=false | landedAtTop=true | documentReloaded=false | finalUrl=http://localhost:4640/page-a?restoration=enabled&mixin=0#c1-target
PASSED  native jump (safe href), restoration=enabled, mixin=1 [webkit]
  restoration=enabled | mixin=1 | scrollYAfterInitialNav=0 | targetTop=2542 | finalScrollY=0 | landedOnTarget=false | landedAtTop=true | documentReloaded=false | finalUrl=http://localhost:4640/page-a?restoration=enabled&mixin=1#c1-target
PASSED  native jump (safe href), restoration=top, mixin=0 [webkit]
  restoration=top | mixin=0 | scrollYAfterInitialNav=0 | targetTop=2542 | finalScrollY=0 | landedOnTarget=false | landedAtTop=true | documentReloaded=false | finalUrl=http://localhost:4640/page-a?restoration=top&mixin=0#c1-target
PASSED  native jump (safe href), restoration=top, mixin=1 [webkit]
  restoration=top | mixin=1 | scrollYAfterInitialNav=0 | targetTop=2542 | finalScrollY=0 | landedOnTarget=false | landedAtTop=true | documentReloaded=false | finalUrl=http://localhost:4640/page-a?restoration=top&mixin=1#c1-target
PASSED  native jump (bare href) demonstrates the <base href> hazard on a non-root route [webkit]
  linkHrefProp=http://localhost:4640/#c1-target | documentReloaded=true | finalUrl=http://localhost:4640/page-a#c1-target
PASSED  container host: click before hydration [chromium]
  targetTop=6259 | scrollYBeforeHydration=6259 | jumpedNativelyBeforeHydration=true | documentReloadedBeforeHydration=false | finalScrollY=6259 | landedOnTarget=true | landedAtTop=false | clickLog=[{"host":"container","eventPhaseAtEntry":101,"defaultPreventedAtEntry":false,"outcome":"scrolled, calling preventDefault()"}] | consoleErrors=["ERROR Error: `preventDefault` called during event replay. Because event replay occurs after browser dispatch, `preventDefault` would have no effect. You can check whether an event is being replayed by accessing the event phase: `event.eventPhase === EventPhase.REPLAY`.\n    at PointerEvent.<anonymous> (http://localhost:4640/chunk-ERMNDRD3.js:25046:11)\n    at _NfsSmoothScroll.onClick (http://localhost:4640/chunk-ERMNDRD3.js:27432:13)\n    at NfsSmoothScroll_click_HostBindingHandler (http://localhost:4640/chunk-ERMNDRD3.js:27460:20)\n    at executeListenerWithErrorHandling (http://localhost:4640/chunk-ERMNDRD3.js:13004:12)\n    at wrapListenerIn_markDirtyAndPreventDefault (http://localhost:4640/chunk-ERMNDRD3.js:12991:18)\n    at invokeListeners (http://localhost:4640/chunk-ERMNDRD3.js:7483:5)\n    at http://localhost:4640/chunk-ERMNDRD3.js:25544:9\n    at triggerHydrationForBlockQueue (http://localhost:4640/chunk-ERMNDRD3.js:18185:5)\n    at async triggerHydrationFromBlockName (http://localhost:4640/chunk-ERMNDRD3.js:18153:5)"]
PASSED  link host: click before hydration [chromium]
  targetTop=9976 | scrollYBeforeHydration=9976 | jumpedNativelyBeforeHydration=true | documentReloadedBeforeHydration=false | finalScrollY=9976 | landedOnTarget=true | landedAtTop=false | clickLog=[{"host":"link","eventPhaseAtEntry":101,"defaultPreventedAtEntry":true,"outcome":"scrolled, skipped preventDefault() (already prevented)"}] | consoleErrors=[]
PASSED  container host: click before hydration [firefox]
  targetTop=6261.39990234375 | scrollYBeforeHydration=6261.39990234375 | jumpedNativelyBeforeHydration=true | documentReloadedBeforeHydration=false | finalScrollY=6261.39990234375 | landedOnTarget=true | landedAtTop=false | clickLog=[{"host":"container","eventPhaseAtEntry":101,"defaultPreventedAtEntry":false,"outcome":"scrolled, calling preventDefault()"}] | consoleErrors=["ERROR Error"]
PASSED  link host: click before hydration [firefox]
  targetTop=9978.400390625 | scrollYBeforeHydration=9978.400390625 | jumpedNativelyBeforeHydration=true | documentReloadedBeforeHydration=false | finalScrollY=9978.400390625 | landedOnTarget=true | landedAtTop=false | clickLog=[{"host":"link","eventPhaseAtEntry":101,"defaultPreventedAtEntry":true,"outcome":"scrolled, skipped preventDefault() (already prevented)"}] | consoleErrors=[]
PASSED  container host: click before hydration [webkit]
  targetTop=6259 | scrollYBeforeHydration=6259 | jumpedNativelyBeforeHydration=true | documentReloadedBeforeHydration=false | finalScrollY=6259 | landedOnTarget=true | landedAtTop=false | clickLog=[{"host":"container","eventPhaseAtEntry":101,"defaultPreventedAtEntry":false,"outcome":"scrolled, calling preventDefault()"}] | consoleErrors=["ERROR Error: `preventDefault` called during event replay. Because event replay occurs after browser dispatch, `preventDefault` would have no effect. You can check whether an event is being replayed by accessing the event phase: `event.eventPhase === EventPhase.REPLAY`."]
PASSED  link host: click before hydration [webkit]
  targetTop=9976 | scrollYBeforeHydration=9976 | jumpedNativelyBeforeHydration=true | documentReloadedBeforeHydration=false | finalScrollY=9976 | landedOnTarget=true | landedAtTop=false | clickLog=[{"host":"link","eventPhaseAtEntry":101,"defaultPreventedAtEntry":true,"outcome":"scrolled, skipped preventDefault() (already prevented)"}] | consoleErrors=[]
PASSED  Back/Forward over Magellan-lite entries, restoration=enabled, historyMode=replace [chromium]
  afterLink1=#m-s1 | afterLink2=#m-s2 | afterLink3=#m-s3 | back1Url= | back1ScrollY=0 | back2Url= | back2ScrollY=0 | forward1Url=#m-s3 | forward1ScrollY=0 | consoleErrors=[]
PASSED  Back/Forward over Magellan-lite entries, restoration=enabled, historyMode=push [chromium]
  afterLink1=#m-s1 | afterLink2=#m-s2 | afterLink3=#m-s3 | back1Url=#m-s2 | back1ScrollY=14994 | back2Url=#m-s1 | back2ScrollY=14994 | forward1Url=#m-s2 | forward1ScrollY=14994 | consoleErrors=[]
PASSED  Back/Forward over Magellan-lite entries, restoration=top, historyMode=replace [chromium]
  afterLink1=#m-s1 | afterLink2=#m-s2 | afterLink3=#m-s3 | back1Url= | back1ScrollY=0 | back2Url= | back2ScrollY=0 | forward1Url=#m-s3 | forward1ScrollY=0 | consoleErrors=[]
PASSED  Back/Forward over Magellan-lite entries, restoration=top, historyMode=push [chromium]
  afterLink1=#m-s1 | afterLink2=#m-s2 | afterLink3=#m-s3 | back1Url=#m-s2 | back1ScrollY=0 | back2Url=#m-s1 | back2ScrollY=0 | forward1Url=#m-s2 | forward1ScrollY=0 | consoleErrors=[]
PASSED  Back/Forward over Magellan-lite entries, restoration=disabled, historyMode=replace [chromium]
  afterLink1=#m-s1 | afterLink2=#m-s2 | afterLink3=#m-s3 | back1Url= | back1ScrollY=0 | back2Url= | back2ScrollY=0 | forward1Url=#m-s3 | forward1ScrollY=14994 | consoleErrors=[]
PASSED  Back/Forward over Magellan-lite entries, restoration=disabled, historyMode=push [chromium]
  afterLink1=#m-s1 | afterLink2=#m-s2 | afterLink3=#m-s3 | back1Url=#m-s2 | back1ScrollY=13761 | back2Url=#m-s1 | back2ScrollY=12125 | forward1Url=#m-s2 | forward1ScrollY=13761 | consoleErrors=[]
PASSED  replaceState entry survives navigating away and back, restoration=enabled [chromium]
  beforeLeavingUrl=#m-s2 | backOnPageAUrl=http://localhost:4640/page-a?restoration=enabled#m-s2 | backOnPageAFragment=#m-s2 | backOnPageAScrollY=0 | survivedFragment=true | consoleErrors=[]
PASSED  replaceState entry survives navigating away and back, restoration=top [chromium]
  beforeLeavingUrl=#m-s2 | backOnPageAUrl=http://localhost:4640/page-a?restoration=top#m-s2 | backOnPageAFragment=#m-s2 | backOnPageAScrollY=0 | survivedFragment=true | consoleErrors=[]
PASSED  replaceState entry survives navigating away and back, restoration=disabled [chromium]
  beforeLeavingUrl=#m-s2 | backOnPageAUrl=http://localhost:4640/page-a?restoration=disabled#m-s2 | backOnPageAFragment=#m-s2 | backOnPageAScrollY=0 | survivedFragment=true | consoleErrors=[]
PASSED  Back/Forward over Magellan-lite entries, restoration=enabled, historyMode=replace [firefox]
  afterLink1=#m-s1 | afterLink2=#m-s2 | afterLink3=#m-s3 | back1Url=#m-s3 | back1ScrollY=15000 | back2Url=#m-s3 | back2ScrollY=15000 | forward1Url=#m-s3 | forward1ScrollY=15000 | consoleErrors=[]
PASSED  Back/Forward over Magellan-lite entries, restoration=enabled, historyMode=push [firefox]
  afterLink1=#m-s1 | afterLink2=#m-s2 | afterLink3=#m-s3 | back1Url=#m-s2 | back1ScrollY=15000 | back2Url=#m-s1 | back2ScrollY=15000 | forward1Url=#m-s2 | forward1ScrollY=15000 | consoleErrors=[]
PASSED  Back/Forward over Magellan-lite entries, restoration=top, historyMode=replace [firefox]
  afterLink1=#m-s1 | afterLink2=#m-s2 | afterLink3=#m-s3 | back1Url=#m-s3 | back1ScrollY=15000 | back2Url=#m-s3 | back2ScrollY=15000 | forward1Url=#m-s3 | forward1ScrollY=15000 | consoleErrors=[]
PASSED  Back/Forward over Magellan-lite entries, restoration=top, historyMode=push [firefox]
  afterLink1=#m-s1 | afterLink2=#m-s2 | afterLink3=#m-s3 | back1Url=#m-s2 | back1ScrollY=0 | back2Url=#m-s1 | back2ScrollY=0 | forward1Url=#m-s2 | forward1ScrollY=0 | consoleErrors=[]
PASSED  Back/Forward over Magellan-lite entries, restoration=disabled, historyMode=replace [firefox]
  afterLink1=#m-s1 | afterLink2=#m-s2 | afterLink3=#m-s3 | back1Url=#m-s3 | back1ScrollY=15000 | back2Url=#m-s3 | back2ScrollY=15000 | forward1Url=#m-s3 | forward1ScrollY=15000 | consoleErrors=[]
PASSED  Back/Forward over Magellan-lite entries, restoration=disabled, historyMode=push [firefox]
  afterLink1=#m-s1 | afterLink2=#m-s2 | afterLink3=#m-s3 | back1Url=#m-s2 | back1ScrollY=12149 | back2Url=#m-s1 | back2ScrollY=12130 | forward1Url=#m-s2 | forward1ScrollY=12149 | consoleErrors=[]
PASSED  replaceState entry survives navigating away and back, restoration=enabled [firefox]
  beforeLeavingUrl=#m-s2 | backOnPageAUrl=http://localhost:4640/page-a?restoration=enabled#m-s2 | backOnPageAFragment=#m-s2 | backOnPageAScrollY=0 | survivedFragment=true | consoleErrors=[]
PASSED  replaceState entry survives navigating away and back, restoration=top [firefox]
  beforeLeavingUrl=#m-s2 | backOnPageAUrl=http://localhost:4640/page-a?restoration=top#m-s2 | backOnPageAFragment=#m-s2 | backOnPageAScrollY=0 | survivedFragment=true | consoleErrors=[]
PASSED  replaceState entry survives navigating away and back, restoration=disabled [firefox]
  beforeLeavingUrl=#m-s2 | backOnPageAUrl=http://localhost:4640/page-a?restoration=disabled#m-s2 | backOnPageAFragment=#m-s2 | backOnPageAScrollY=0 | survivedFragment=true | consoleErrors=[]
PASSED  Back/Forward over Magellan-lite entries, restoration=enabled, historyMode=replace [webkit]
  afterLink1=#m-s1 | afterLink2=#m-s2 | afterLink3=#m-s3 | back1Url= | back1ScrollY=0 | back2Url= | back2ScrollY=0 | forward1Url=#m-s3 | forward1ScrollY=0 | consoleErrors=[]
PASSED  Back/Forward over Magellan-lite entries, restoration=enabled, historyMode=push [webkit]
  afterLink1=#m-s1 | afterLink2=#m-s2 | afterLink3=#m-s3 | back1Url=#m-s2 | back1ScrollY=14994 | back2Url=#m-s1 | back2ScrollY=14994 | forward1Url=#m-s2 | forward1ScrollY=14994 | consoleErrors=[]
PASSED  Back/Forward over Magellan-lite entries, restoration=top, historyMode=replace [webkit]
  afterLink1=#m-s1 | afterLink2=#m-s2 | afterLink3=#m-s3 | back1Url= | back1ScrollY=0 | back2Url= | back2ScrollY=0 | forward1Url=#m-s3 | forward1ScrollY=0 | consoleErrors=[]
PASSED  Back/Forward over Magellan-lite entries, restoration=top, historyMode=push [webkit]
  afterLink1=#m-s1 | afterLink2=#m-s2 | afterLink3=#m-s3 | back1Url=#m-s2 | back1ScrollY=0 | back2Url=#m-s1 | back2ScrollY=0 | forward1Url=#m-s2 | forward1ScrollY=0 | consoleErrors=[]
PASSED  Back/Forward over Magellan-lite entries, restoration=disabled, historyMode=replace [webkit]
  afterLink1=#m-s1 | afterLink2=#m-s2 | afterLink3=#m-s3 | back1Url= | back1ScrollY=0 | back2Url= | back2ScrollY=0 | forward1Url=#m-s3 | forward1ScrollY=14994 | consoleErrors=[]
PASSED  Back/Forward over Magellan-lite entries, restoration=disabled, historyMode=push [webkit]
  afterLink1=#m-s1 | afterLink2=#m-s2 | afterLink3=#m-s3 | back1Url=#m-s2 | back1ScrollY=12143 | back2Url=#m-s1 | back2ScrollY=12125 | forward1Url=#m-s2 | forward1ScrollY=12143 | consoleErrors=[]
PASSED  replaceState entry survives navigating away and back, restoration=enabled [webkit]
  beforeLeavingUrl=#m-s2 | backOnPageAUrl=http://localhost:4640/page-a?restoration=enabled#m-s2 | backOnPageAFragment=#m-s2 | backOnPageAScrollY=0 | survivedFragment=true | consoleErrors=[]
PASSED  replaceState entry survives navigating away and back, restoration=top [webkit]
  beforeLeavingUrl=#m-s2 | backOnPageAUrl=http://localhost:4640/page-a?restoration=top#m-s2 | backOnPageAFragment=#m-s2 | backOnPageAScrollY=0 | survivedFragment=true | consoleErrors=[]
PASSED  replaceState entry survives navigating away and back, restoration=disabled [webkit]
  beforeLeavingUrl=#m-s2 | backOnPageAUrl=http://localhost:4640/page-a?restoration=disabled#m-s2 | backOnPageAFragment=#m-s2 | backOnPageAScrollY=0 | survivedFragment=true | consoleErrors=[]
