[chromium] size classes at 320px: default: dialog=0,0,320,800 foundation=0,0,320,800 backdrop=rgba(10, 10, 10, 0.45) overlay=rgba(10, 10, 10, 0.45)
[chromium] size classes at 320px: tiny: dialog=0,0,320,800 foundation=0,0,320,800 backdrop=rgba(10, 10, 10, 0.45) overlay=rgba(10, 10, 10, 0.45)
[chromium] size classes at 320px: small: dialog=0,0,320,800 foundation=0,0,320,800 backdrop=rgba(10, 10, 10, 0.45) overlay=rgba(10, 10, 10, 0.45)
[chromium] size classes at 320px: large: dialog=0,0,320,800 foundation=0,0,320,800 backdrop=rgba(10, 10, 10, 0.45) overlay=rgba(10, 10, 10, 0.45)
[chromium] size classes at 320px: full: dialog=0,0,320,800 foundation=0,0,320,800 backdrop=rgba(10, 10, 10, 0.45) overlay=rgba(10, 10, 10, 0.45)
[chromium] size classes at 640px: default: dialog=20,100,600,150 foundation=20,100,600,150 backdrop=rgba(10, 10, 10, 0.45) overlay=rgba(10, 10, 10, 0.45)
[chromium] size classes at 640px: tiny: dialog=224,100,192,150 foundation=224,100,192,150 backdrop=rgba(10, 10, 10, 0.45) overlay=rgba(10, 10, 10, 0.45)
[chromium] size classes at 640px: small: dialog=160,100,320,150 foundation=160,100,320,150 backdrop=rgba(10, 10, 10, 0.45) overlay=rgba(10, 10, 10, 0.45)
[chromium] size classes at 640px: large: dialog=32,100,576,150 foundation=32,100,576,150 backdrop=rgba(10, 10, 10, 0.45) overlay=rgba(10, 10, 10, 0.45)
[chromium] size classes at 640px: full: dialog=0,0,640,800 foundation=0,0,640,800 backdrop=rgba(10, 10, 10, 0.45) overlay=rgba(10, 10, 10, 0.45)
[chromium] size classes at 1024px: default: dialog=212,100,600,150 foundation=212,100,600,150 backdrop=rgba(10, 10, 10, 0.45) overlay=rgba(10, 10, 10, 0.45)
[chromium] size classes at 1024px: tiny: dialog=358,100,307,150 foundation=358,100,307,150 backdrop=rgba(10, 10, 10, 0.45) overlay=rgba(10, 10, 10, 0.45)
[chromium] size classes at 1024px: small: dialog=256,100,512,150 foundation=256,100,512,150 backdrop=rgba(10, 10, 10, 0.45) overlay=rgba(10, 10, 10, 0.45)
[chromium] size classes at 1024px: large: dialog=51,100,922,150 foundation=51,100,922,150 backdrop=rgba(10, 10, 10, 0.45) overlay=rgba(10, 10, 10, 0.45)
[chromium] size classes at 1024px: full: dialog=0,0,1024,800 foundation=0,0,1024,800 backdrop=rgba(10, 10, 10, 0.45) overlay=rgba(10, 10, 10, 0.45)
[chromium] scrolled page: dialog stays in view and the page does not jump: during={"rect":[212,100,600,190],"scrollY":1000} after=1000
[chromium] tall content: the dialog box ends inside the viewport and its end is reachable: dialog=212,100,600,600 end=229,626,566,57
[chromium] overlay false: show(), not modal, Foundation .without-overlay, page stays interactive: state={"open":true,"modal":false,"cls":"reveal without-overlay","pos":"fixed"} dialog=212,100,600,151 foundationCssOnlyWithoutOverlay=16,100,600,150
[chromium] overlay false: show(), not modal, Foundation .without-overlay, page stays interactive: after outside click: {"open":false,"behind":"Behind the backdrop (1)"}
[chromium] nested modals, multipleOpened: stacked, Escape closes the top one, focus returns per layer: stacked={"outerOpen":true,"innerOpen":true,"topIsInner":true,"focus":"im-close"} afterFirstEsc={"outerOpen":true,"innerOpen":false,"focus":"open-inner-multi"} afterSecondEsc focus=open-outer
[chromium] nested modals, multipleOpened false: opening the inner closes the outer first: state={"outerOpen":false,"innerOpen":true,"focus":"is-close"} focusAfterInnerClose=BODY#
[chromium] backdrop pointerdown closes; the press does not reach the page; padding and drag-out do not close: padding keeps open=true drag-out keeps open=true backdrop={"open":false,"behind":"Behind the backdrop (0)"}
[chromium] Escape: closes through cancel after the exit keyframes; closeOnEsc false keeps it open: during exit={"open":true,"closing":true} closed=true noesc after 1st Esc open=true after 2nd and 3rd Esc (no activation between)={"open":false,"log":"basic:opened basic:closed noesc:closed"}
[chromium] initial focus per case, and never the dialog when content is focusable: {"first tabbable (directive)":"a#basic-link","autoFocus selector (directive)":"button#af-ok","native default, no autofocus attribute":"a#afn-link","native, autofocus attribute on OK":"button#afa-ok","no focusable content (directive leaves the native choice)":"dialog#textonly","static autoFocus=\"native\" on the dialog (= HTML autofocus)":"a#afc-link"}
[chromium] wrapFocus: Tab and Shift+Tab wrap inside the dialog in every engine: wr-link -> wr-close -> wr-link -> wr-close -> wr-link -> wr-close
[chromium] Tab and Shift+Tab at the ends of the dialog: from #basic-link, Tab x4: button#basic-close -> body -> a#basic-link -> button#basic-close
[chromium] restore focus to the invoker: directive and native: directive restore -> open-basic; restoreFocus=false (native close only) -> open-norestore
[chromium] lock=none #basic: pageMovedBehindModal=true {"before":{"y":500,"behindTop":-484,"width":1024},"opened":{"y":500,"behindTop":-484,"width":1024,"htmlClass":""},"afterWheelBackdrop":-884,"afterWheelDialog":-1284,"afterKeys":-2614,"focusStillInside":true,"closed":{"y":2630,"htmlClass":""}}
[chromium] lock=none #contain: pageMovedBehindModal=true {"before":{"y":500,"behindTop":-484,"width":1024},"opened":{"y":500,"behindTop":-484,"width":1024,"htmlClass":""},"afterWheelBackdrop":-884,"afterWheelDialog":-884,"afterKeys":-884,"focusStillInside":true,"closed":{"y":900,"htmlClass":""}}
[chromium] lock=foundation #basic: pageMovedBehindModal=false {"before":{"y":500,"behindTop":-484,"width":1024},"opened":{"y":0,"behindTop":-484,"width":1024,"htmlClass":"zf-has-scroll is-reveal-open"},"afterWheelBackdrop":-484,"afterWheelDialog":-484,"afterKeys":-484,"focusStillInside":true,"closed":{"y":500,"htmlClass":""}}
[chromium] lock=foundation #contain: pageMovedBehindModal=false {"before":{"y":500,"behindTop":-484,"width":1024},"opened":{"y":0,"behindTop":-484,"width":1024,"htmlClass":"zf-has-scroll is-reveal-open"},"afterWheelBackdrop":-484,"afterWheelDialog":-484,"afterKeys":-484,"focusStillInside":true,"closed":{"y":500,"htmlClass":""}}
[chromium] animationend path: {"ms":247,"animationEnds":1,"backdropEnds":1,"events":["nfs-fade-out:\"\"","nfs-reveal-backdrop-out:\"::backdrop\""],"log":"basic:opened basic:closed"}
[chromium] fallback timer (animationend never fires: paused keyframes): {"ms":364,"animationEnds":0,"backdropEnds":1,"events":["nfs-reveal-backdrop-out:\"::backdrop\""],"log":"basic:opened basic:closed"}
[chromium] prefers-reduced-motion: 1ms keyframes, animationend still fires: {"ms":15,"animationEnds":1,"backdropEnds":1,"events":["nfs-fade-out:\"\"","nfs-reveal-backdrop-out:\"::backdrop\""],"log":"basic:opened basic:closed"}
[chromium] server HTML: closed dialog with content; open-by-default opens with showModal after hydration: server basic tag: <dialog id="basic" nfsreveal="" aria-labelledby="basic-title" class="reveal" jsaction="pointerdown:;keydown:;">
[chromium] server HTML: closed dialog with content; open-by-default opens with showModal after hydration: server open-by-default tag: <dialog id="obd" nfsreveal="" aria-labelledby="obd-title" class="reveal" jsaction="pointerdown:;keydown:;">
[chromium] server HTML: closed dialog with content; open-by-default opens with showModal after hydration: client after hydration: {"open":true,"modal":true,"focus":"obd-close"} console=[]
[chromium] JavaScript disabled: closed dialogs stay hidden, content stays in the DOM: {"open":false,"display":"none","text":true}
[chromium] axe on the open dialog (WCAG 2.2 AA tags): violations=[] passes=15
[chromium] axe on the open dialog in each size at 320px: {"default":{"violations":[],"incomplete":[],"targetSize":"pass"},"tiny":{"violations":[],"incomplete":[],"targetSize":"pass"},"small":{"violations":[],"incomplete":[],"targetSize":"pass"},"large":{"violations":[],"incomplete":[],"targetSize":"pass"},"full":{"violations":[],"incomplete":[],"targetSize":"pass"}}
[chromium] axe on the open dialog in each size at 1024px: {"default":{"violations":[],"incomplete":[],"targetSize":"pass"},"tiny":{"violations":[],"incomplete":[],"targetSize":"pass"},"small":{"violations":[],"incomplete":[],"targetSize":"pass"},"large":{"violations":[],"incomplete":[],"targetSize":"pass"},"full":{"violations":[],"incomplete":[],"targetSize":"pass"}}
[chromium] 2.5.8 target size, 1.4.11 contrast, focus indicator on the close button at 320px: {"size":[18.7,32],"minDistToOtherTarget":156,"glyphColourFocused":"rgb(10, 10, 10)","glyphVsDialogFocused":19.63,"focusOutline":"auto 1px rgb(16, 16, 16)","focusVisible":true,"dimmedPage":"rgb(144,144,144)","dialogVsDimmedPage":3.17,"dialogBorderVsDimmed":6.2} glyphColourIdle=rgb(138, 138, 138) idleVsWhite=3.45
[chromium] 2.5.8 target size, 1.4.11 contrast, focus indicator on the close button at 1024px: {"size":[18.7,32],"minDistToOtherTarget":134,"glyphColourFocused":"rgb(10, 10, 10)","glyphVsDialogFocused":19.63,"focusOutline":"auto 1px rgb(16, 16, 16)","focusVisible":true,"dimmedPage":"rgb(144,144,144)","dialogVsDimmedPage":3.17,"dialogBorderVsDimmed":1.95} glyphColourIdle=rgb(138, 138, 138) idleVsWhite=3.45
[chromium] 2.4.11 focus not obscured: every focus stop in the dialog, the tall dialog end, and the restored Trigger: [{"id":"basic-link","inViewport":true,"notCovered":true},{"id":"basic-close","inViewport":true,"notCovered":true},{"id":"open-basic","inViewport":true,"notCovered":true},{"id":"tl-close","inViewport":true,"notCovered":true},{"id":"tl-end-link","inViewport":true,"notCovered":true}]
[firefox] size classes at 320px: default: dialog=0,0,320,800 foundation=0,0,320,800 backdrop=rgba(10, 10, 10, 0.45) overlay=rgba(10, 10, 10, 0.45)
[firefox] size classes at 320px: tiny: dialog=0,0,320,800 foundation=0,0,320,800 backdrop=rgba(10, 10, 10, 0.45) overlay=rgba(10, 10, 10, 0.45)
[firefox] size classes at 320px: small: dialog=0,0,320,800 foundation=0,0,320,800 backdrop=rgba(10, 10, 10, 0.45) overlay=rgba(10, 10, 10, 0.45)
[firefox] size classes at 320px: large: dialog=0,0,320,800 foundation=0,0,320,800 backdrop=rgba(10, 10, 10, 0.45) overlay=rgba(10, 10, 10, 0.45)
[firefox] size classes at 320px: full: dialog=0,0,320,800 foundation=0,0,320,800 backdrop=rgba(10, 10, 10, 0.45) overlay=rgba(10, 10, 10, 0.45)
[firefox] size classes at 640px: default: dialog=20,100,600,150 foundation=20,100,600,150 backdrop=rgba(10, 10, 10, 0.45) overlay=rgba(10, 10, 10, 0.45)
[firefox] size classes at 640px: tiny: dialog=224,100,192,150 foundation=224,100,192,150 backdrop=rgba(10, 10, 10, 0.45) overlay=rgba(10, 10, 10, 0.45)
[firefox] size classes at 640px: small: dialog=160,100,320,150 foundation=160,100,320,150 backdrop=rgba(10, 10, 10, 0.45) overlay=rgba(10, 10, 10, 0.45)
[firefox] size classes at 640px: large: dialog=32,100,576,150 foundation=32,100,576,150 backdrop=rgba(10, 10, 10, 0.45) overlay=rgba(10, 10, 10, 0.45)
[firefox] size classes at 640px: full: dialog=0,0,640,800 foundation=0,0,640,800 backdrop=rgba(10, 10, 10, 0.45) overlay=rgba(10, 10, 10, 0.45)
[firefox] size classes at 1024px: default: dialog=212,100,600,150 foundation=212,100,600,150 backdrop=rgba(10, 10, 10, 0.45) overlay=rgba(10, 10, 10, 0.45)
[firefox] size classes at 1024px: tiny: dialog=358,100,307,150 foundation=358,100,307,150 backdrop=rgba(10, 10, 10, 0.45) overlay=rgba(10, 10, 10, 0.45)
[firefox] size classes at 1024px: small: dialog=256,100,512,150 foundation=256,100,512,150 backdrop=rgba(10, 10, 10, 0.45) overlay=rgba(10, 10, 10, 0.45)
[firefox] size classes at 1024px: large: dialog=51,100,922,150 foundation=51,100,922,150 backdrop=rgba(10, 10, 10, 0.45) overlay=rgba(10, 10, 10, 0.45)
[firefox] size classes at 1024px: full: dialog=0,0,1024,800 foundation=0,0,1024,800 backdrop=rgba(10, 10, 10, 0.45) overlay=rgba(10, 10, 10, 0.45)
[firefox] scrolled page: dialog stays in view and the page does not jump: during={"rect":[212,100,600,190],"scrollY":1000} after=1000
[firefox] tall content: the dialog box ends inside the viewport and its end is reachable: dialog=212,100,600,600 end=229,626,566,57
[firefox] overlay false: show(), not modal, Foundation .without-overlay, page stays interactive: state={"open":true,"modal":false,"cls":"reveal without-overlay","pos":"fixed"} dialog=212,100,600,151 foundationCssOnlyWithoutOverlay=16,100,600,150
[firefox] overlay false: show(), not modal, Foundation .without-overlay, page stays interactive: after outside click: {"open":false,"behind":"Behind the backdrop (1)"}
[firefox] nested modals, multipleOpened: stacked, Escape closes the top one, focus returns per layer: stacked={"outerOpen":true,"innerOpen":true,"topIsInner":true,"focus":"im-close"} afterFirstEsc={"outerOpen":true,"innerOpen":false,"focus":"open-inner-multi"} afterSecondEsc focus=open-outer
[firefox] nested modals, multipleOpened false: opening the inner closes the outer first: state={"outerOpen":false,"innerOpen":true,"focus":"is-close"} focusAfterInnerClose=BODY#
[firefox] backdrop pointerdown closes; the press does not reach the page; padding and drag-out do not close: padding keeps open=true drag-out keeps open=true backdrop={"open":false,"behind":"Behind the backdrop (0)"}
[firefox] Escape: closes through cancel after the exit keyframes; closeOnEsc false keeps it open: during exit={"open":true,"closing":true} closed=true noesc after 1st Esc open=true after 2nd and 3rd Esc (no activation between)={"open":false,"log":"basic:opened basic:closed noesc:closed"}
[firefox] initial focus per case, and never the dialog when content is focusable: {"first tabbable (directive)":"a#basic-link","autoFocus selector (directive)":"button#af-ok","native default, no autofocus attribute":"a#afn-link","native, autofocus attribute on OK":"button#afa-ok","no focusable content (directive leaves the native choice)":"dialog#textonly","static autoFocus=\"native\" on the dialog (= HTML autofocus)":"a#afc-link"}
[firefox] wrapFocus: Tab and Shift+Tab wrap inside the dialog in every engine: wr-link -> wr-close -> wr-link -> wr-close -> wr-link -> wr-close
[firefox] Tab and Shift+Tab at the ends of the dialog: from #basic-link, Tab x4: button#basic-close -> button#basic-close -> button#basic-close -> button#basic-close
[firefox] restore focus to the invoker: directive and native: directive restore -> open-basic; restoreFocus=false (native close only) -> open-norestore
[firefox] lock=none #basic: pageMovedBehindModal=true {"before":{"y":500,"behindTop":-484,"width":1024},"opened":{"y":500,"behindTop":-484,"width":1024,"htmlClass":""},"afterWheelBackdrop":-884,"afterWheelDialog":-1284,"afterKeys":-1284,"focusStillInside":true,"closed":{"y":1300,"htmlClass":""}}
[firefox] lock=none #contain: pageMovedBehindModal=true {"before":{"y":500,"behindTop":-484,"width":1024},"opened":{"y":500,"behindTop":-484,"width":1024,"htmlClass":""},"afterWheelBackdrop":-884,"afterWheelDialog":-1284,"afterKeys":-1284,"focusStillInside":true,"closed":{"y":1300,"htmlClass":""}}
[firefox] lock=foundation #basic: pageMovedBehindModal=false {"before":{"y":500,"behindTop":-484,"width":1024},"opened":{"y":0,"behindTop":-484,"width":1024,"htmlClass":"zf-has-scroll is-reveal-open"},"afterWheelBackdrop":-484,"afterWheelDialog":-484,"afterKeys":-484,"focusStillInside":true,"closed":{"y":500,"htmlClass":""}}
[firefox] lock=foundation #contain: pageMovedBehindModal=false {"before":{"y":500,"behindTop":-484,"width":1024},"opened":{"y":0,"behindTop":-484,"width":1024,"htmlClass":"zf-has-scroll is-reveal-open"},"afterWheelBackdrop":-484,"afterWheelDialog":-484,"afterKeys":-484,"focusStillInside":true,"closed":{"y":500,"htmlClass":""}}
[firefox] animationend path: {"ms":269,"animationEnds":1,"backdropEnds":1,"events":["nfs-fade-out:\"\"","nfs-reveal-backdrop-out:\"::backdrop\""],"log":"basic:opened basic:closed"}
[firefox] fallback timer (animationend never fires: paused keyframes): {"ms":379,"animationEnds":0,"backdropEnds":1,"events":["nfs-reveal-backdrop-out:\"::backdrop\""],"log":"basic:opened basic:closed"}
[firefox] prefers-reduced-motion: 1ms keyframes, animationend still fires: {"ms":10,"animationEnds":1,"backdropEnds":1,"events":["nfs-fade-out:\"\"","nfs-reveal-backdrop-out:\"::backdrop\""],"log":"basic:opened basic:closed"}
[firefox] server HTML: closed dialog with content; open-by-default opens with showModal after hydration: server basic tag: <dialog id="basic" nfsreveal="" aria-labelledby="basic-title" class="reveal" jsaction="pointerdown:;keydown:;">
[firefox] server HTML: closed dialog with content; open-by-default opens with showModal after hydration: server open-by-default tag: <dialog id="obd" nfsreveal="" aria-labelledby="obd-title" class="reveal" jsaction="pointerdown:;keydown:;">
[firefox] server HTML: closed dialog with content; open-by-default opens with showModal after hydration: client after hydration: {"open":true,"modal":true,"focus":"obd-close"} console=[]
[firefox] JavaScript disabled: closed dialogs stay hidden, content stays in the DOM: {"open":false,"display":"none","text":true}
[firefox] axe on the open dialog (WCAG 2.2 AA tags): violations=[] passes=15
[firefox] axe on the open dialog in each size at 320px: {"default":{"violations":[],"incomplete":[],"targetSize":"pass"},"tiny":{"violations":[],"incomplete":[],"targetSize":"pass"},"small":{"violations":[],"incomplete":[],"targetSize":"pass"},"large":{"violations":[],"incomplete":[],"targetSize":"pass"},"full":{"violations":[],"incomplete":[],"targetSize":"pass"}}
[firefox] axe on the open dialog in each size at 1024px: {"default":{"violations":[],"incomplete":[],"targetSize":"pass"},"tiny":{"violations":[],"incomplete":[],"targetSize":"pass"},"small":{"violations":[],"incomplete":[],"targetSize":"pass"},"large":{"violations":[],"incomplete":[],"targetSize":"pass"},"full":{"violations":[],"incomplete":[],"targetSize":"pass"}}
[firefox] 2.5.8 target size, 1.4.11 contrast, focus indicator on the close button at 320px: {"size":[18.7,32],"minDistToOtherTarget":156,"glyphColourFocused":"rgb(10, 10, 10)","glyphVsDialogFocused":19.63,"focusOutline":"dotted 1px rgb(0, 0, 0)","focusVisible":true,"dimmedPage":"rgb(144,144,144)","dialogVsDimmedPage":3.17,"dialogBorderVsDimmed":6.2} glyphColourIdle=rgb(138, 138, 138) idleVsWhite=3.45
[firefox] 2.5.8 target size, 1.4.11 contrast, focus indicator on the close button at 1024px: {"size":[18.7,32],"minDistToOtherTarget":134,"glyphColourFocused":"rgb(10, 10, 10)","glyphVsDialogFocused":19.63,"focusOutline":"dotted 1px rgb(0, 0, 0)","focusVisible":true,"dimmedPage":"rgb(144,144,144)","dialogVsDimmedPage":3.17,"dialogBorderVsDimmed":1.95} glyphColourIdle=rgb(138, 138, 138) idleVsWhite=3.45
[firefox] 2.4.11 focus not obscured: every focus stop in the dialog, the tall dialog end, and the restored Trigger: [{"id":"basic-link","inViewport":true,"notCovered":true},{"id":"basic-close","inViewport":true,"notCovered":true},{"id":"open-basic","inViewport":true,"notCovered":true},{"id":"tl-close","inViewport":true,"notCovered":true},{"id":"tl-end-link","inViewport":true,"notCovered":true}]
[webkit] size classes at 320px: default: dialog=0,0,320,800 foundation=0,0,320,800 backdrop=rgba(10, 10, 10, 0.45) overlay=rgba(10, 10, 10, 0.45)
[webkit] size classes at 320px: tiny: dialog=0,0,320,800 foundation=0,0,320,800 backdrop=rgba(10, 10, 10, 0.45) overlay=rgba(10, 10, 10, 0.45)
[webkit] size classes at 320px: small: dialog=0,0,320,800 foundation=0,0,320,800 backdrop=rgba(10, 10, 10, 0.45) overlay=rgba(10, 10, 10, 0.45)
[webkit] size classes at 320px: large: dialog=0,0,320,800 foundation=0,0,320,800 backdrop=rgba(10, 10, 10, 0.45) overlay=rgba(10, 10, 10, 0.45)
[webkit] size classes at 320px: full: dialog=0,0,320,800 foundation=0,0,320,800 backdrop=rgba(10, 10, 10, 0.45) overlay=rgba(10, 10, 10, 0.45)
[webkit] size classes at 640px: default: dialog=20,100,600,150 foundation=20,100,600,150 backdrop=rgba(10, 10, 10, 0.45) overlay=rgba(10, 10, 10, 0.45)
[webkit] size classes at 640px: tiny: dialog=224,100,192,150 foundation=224,100,192,150 backdrop=rgba(10, 10, 10, 0.45) overlay=rgba(10, 10, 10, 0.45)
[webkit] size classes at 640px: small: dialog=160,100,320,150 foundation=160,100,320,150 backdrop=rgba(10, 10, 10, 0.45) overlay=rgba(10, 10, 10, 0.45)
[webkit] size classes at 640px: large: dialog=32,100,576,150 foundation=32,100,576,150 backdrop=rgba(10, 10, 10, 0.45) overlay=rgba(10, 10, 10, 0.45)
[webkit] size classes at 640px: full: dialog=0,0,640,800 foundation=0,0,640,800 backdrop=rgba(10, 10, 10, 0.45) overlay=rgba(10, 10, 10, 0.45)
[webkit] size classes at 1024px: default: dialog=212,100,600,150 foundation=212,100,600,150 backdrop=rgba(10, 10, 10, 0.45) overlay=rgba(10, 10, 10, 0.45)
[webkit] size classes at 1024px: tiny: dialog=358,100,307,150 foundation=358,100,307,150 backdrop=rgba(10, 10, 10, 0.45) overlay=rgba(10, 10, 10, 0.45)
[webkit] size classes at 1024px: small: dialog=256,100,512,150 foundation=256,100,512,150 backdrop=rgba(10, 10, 10, 0.45) overlay=rgba(10, 10, 10, 0.45)
[webkit] size classes at 1024px: large: dialog=51,100,922,150 foundation=51,100,922,150 backdrop=rgba(10, 10, 10, 0.45) overlay=rgba(10, 10, 10, 0.45)
[webkit] size classes at 1024px: full: dialog=0,0,1024,800 foundation=0,0,1024,800 backdrop=rgba(10, 10, 10, 0.45) overlay=rgba(10, 10, 10, 0.45)
[webkit] scrolled page: dialog stays in view and the page does not jump: during={"rect":[212,100,600,190],"scrollY":1000} after=1000
[webkit] tall content: the dialog box ends inside the viewport and its end is reachable: dialog=212,100,600,600 end=229,626,566,57
[webkit] overlay false: show(), not modal, Foundation .without-overlay, page stays interactive: state={"open":true,"modal":false,"cls":"reveal without-overlay","pos":"fixed"} dialog=212,100,600,151 foundationCssOnlyWithoutOverlay=16,100,600,150
[webkit] overlay false: show(), not modal, Foundation .without-overlay, page stays interactive: after outside click: {"open":false,"behind":"Behind the backdrop (1)"}
[webkit] nested modals, multipleOpened: stacked, Escape closes the top one, focus returns per layer: stacked={"outerOpen":true,"innerOpen":true,"topIsInner":true,"focus":"im-close"} afterFirstEsc={"outerOpen":true,"innerOpen":false,"focus":"open-inner-multi"} afterSecondEsc focus=open-outer
[webkit] nested modals, multipleOpened false: opening the inner closes the outer first: state={"outerOpen":false,"innerOpen":true,"focus":"is-close"} focusAfterInnerClose=BODY#
[webkit] backdrop pointerdown closes; the press does not reach the page; padding and drag-out do not close: padding keeps open=true drag-out keeps open=true backdrop={"open":false,"behind":"Behind the backdrop (0)"}
[webkit] Escape: closes through cancel after the exit keyframes; closeOnEsc false keeps it open: during exit={"open":true,"closing":true} closed=true noesc after 1st Esc open=true after 2nd and 3rd Esc (no activation between)={"open":false,"log":"basic:opened basic:closed noesc:closed"}
[webkit] initial focus per case, and never the dialog when content is focusable: {"first tabbable (directive)":"a#basic-link","autoFocus selector (directive)":"button#af-ok","native default, no autofocus attribute":"a#afn-link","native, autofocus attribute on OK":"button#afa-ok","no focusable content (directive leaves the native choice)":"dialog#textonly","static autoFocus=\"native\" on the dialog (= HTML autofocus)":"a#afc-link"}
[webkit] wrapFocus: Tab and Shift+Tab wrap inside the dialog in every engine: wr-link -> wr-close -> wr-link -> wr-close -> wr-link -> wr-close
[webkit] Tab and Shift+Tab at the ends of the dialog: from #basic-link, Tab x4: button#basic-close -> body -> dialog#basic -> button#basic-close
[webkit] restore focus to the invoker: directive and native: directive restore -> open-basic; restoreFocus=false (native close only) -> BODY
[webkit] lock=none #basic: pageMovedBehindModal=true {"before":{"y":500,"behindTop":-484,"width":1024},"opened":{"y":500,"behindTop":-484,"width":1024,"htmlClass":""},"afterWheelBackdrop":-884,"afterWheelDialog":-1284,"afterKeys":-2616,"focusStillInside":true,"closed":{"y":2632,"htmlClass":""}}
[webkit] lock=none #contain: pageMovedBehindModal=true {"before":{"y":500,"behindTop":-484,"width":1024},"opened":{"y":500,"behindTop":-484,"width":1024,"htmlClass":""},"afterWheelBackdrop":-884,"afterWheelDialog":-1284,"afterKeys":-2592,"focusStillInside":true,"closed":{"y":2608,"htmlClass":""}}
[webkit] lock=foundation #basic: pageMovedBehindModal=false {"before":{"y":500,"behindTop":-484,"width":1024},"opened":{"y":0,"behindTop":-484,"width":1024,"htmlClass":"zf-has-scroll is-reveal-open"},"afterWheelBackdrop":-484,"afterWheelDialog":-484,"afterKeys":-484,"focusStillInside":true,"closed":{"y":500,"htmlClass":""}}
[webkit] lock=foundation #contain: pageMovedBehindModal=false {"before":{"y":500,"behindTop":-484,"width":1024},"opened":{"y":0,"behindTop":-484,"width":1024,"htmlClass":"zf-has-scroll is-reveal-open"},"afterWheelBackdrop":-484,"afterWheelDialog":-484,"afterKeys":-484,"focusStillInside":true,"closed":{"y":500,"htmlClass":""}}
[webkit] animationend path: {"ms":302,"animationEnds":1,"backdropEnds":1,"events":["nfs-fade-out:\"\"","nfs-reveal-backdrop-out:\"\""],"log":"basic:opened basic:closed"}
[webkit] fallback timer (animationend never fires: paused keyframes): {"ms":386,"animationEnds":0,"backdropEnds":1,"events":["nfs-reveal-backdrop-out:\"\""],"log":"basic:opened basic:closed"}
[webkit] prefers-reduced-motion: 1ms keyframes, animationend still fires: {"ms":64,"animationEnds":1,"backdropEnds":1,"events":["nfs-fade-out:\"\"","nfs-reveal-backdrop-out:\"\""],"log":"basic:opened basic:closed"}
[webkit] server HTML: closed dialog with content; open-by-default opens with showModal after hydration: server basic tag: <dialog id="basic" nfsreveal="" aria-labelledby="basic-title" class="reveal" jsaction="pointerdown:;keydown:;">
[webkit] server HTML: closed dialog with content; open-by-default opens with showModal after hydration: server open-by-default tag: <dialog id="obd" nfsreveal="" aria-labelledby="obd-title" class="reveal" jsaction="pointerdown:;keydown:;">
[webkit] server HTML: closed dialog with content; open-by-default opens with showModal after hydration: client after hydration: {"open":true,"modal":true,"focus":"obd-close"} console=[]
[webkit] JavaScript disabled: closed dialogs stay hidden, content stays in the DOM: {"open":false,"display":"none","text":true}
[webkit] axe on the open dialog (WCAG 2.2 AA tags): violations=[] passes=15
[webkit] axe on the open dialog in each size at 320px: {"default":{"violations":[],"incomplete":[],"targetSize":"pass"},"tiny":{"violations":[],"incomplete":[],"targetSize":"pass"},"small":{"violations":[],"incomplete":[],"targetSize":"pass"},"large":{"violations":[],"incomplete":[],"targetSize":"pass"},"full":{"violations":[],"incomplete":[],"targetSize":"pass"}}
[webkit] axe on the open dialog in each size at 1024px: {"default":{"violations":[],"incomplete":[],"targetSize":"pass"},"tiny":{"violations":[],"incomplete":[],"targetSize":"pass"},"small":{"violations":[],"incomplete":[],"targetSize":"pass"},"large":{"violations":[],"incomplete":[],"targetSize":"pass"},"full":{"violations":[],"incomplete":[],"targetSize":"pass"}}
[webkit] 2.5.8 target size, 1.4.11 contrast, focus indicator on the close button at 320px: {"size":[18.7,32],"minDistToOtherTarget":156,"glyphColourFocused":"rgb(10, 10, 10)","glyphVsDialogFocused":19.63,"focusOutline":"auto 3px rgb(10, 10, 10)","focusVisible":true,"dimmedPage":"rgb(144,144,144)","dialogVsDimmedPage":3.17,"dialogBorderVsDimmed":6.2} glyphColourIdle=rgb(138, 138, 138) idleVsWhite=3.45
[webkit] 2.5.8 target size, 1.4.11 contrast, focus indicator on the close button at 1024px: {"size":[18.7,32],"minDistToOtherTarget":134,"glyphColourFocused":"rgb(10, 10, 10)","glyphVsDialogFocused":19.63,"focusOutline":"auto 3px rgb(10, 10, 10)","focusVisible":true,"dimmedPage":"rgb(144,144,144)","dialogVsDimmedPage":3.17,"dialogBorderVsDimmed":1.95} glyphColourIdle=rgb(138, 138, 138) idleVsWhite=3.45
[webkit] 2.4.11 focus not obscured: every focus stop in the dialog, the tall dialog end, and the restored Trigger: [{"id":"basic-link","inViewport":true,"notCovered":true},{"id":"basic-close","inViewport":true,"notCovered":true},{"id":"open-basic","inViewport":true,"notCovered":true},{"id":"tl-close","inViewport":true,"notCovered":true},{"id":"tl-end-link","inViewport":true,"notCovered":true}]
87 passed (4.5m)
