Running 54 tests using 3 workers
  [OK]   1 [chromium] > e2e\slider.spec.ts:70:5 > server HTML carries min, max, step, value and the fill (44ms)
  -   2 [webkit] > e2e\slider.spec.ts:70:5 > server HTML carries min, max, step, value and the fill
  -   3 [firefox] > e2e\slider.spec.ts:70:5 > server HTML carries min, max, step, value and the fill
  [OK]   4 [chromium] > e2e\slider.spec.ts:84:5 > server HTML with the app bundle blocked: axe-clean, painted, native keyboard works (1.2s)
  [OK]   7 [chromium] > e2e\slider.spec.ts:102:5 > keys pressed before hydration survive hydration (828ms)
  [OK]   5 [webkit] > e2e\slider.spec.ts:84:5 > server HTML with the app bundle blocked: axe-clean, painted, native keyboard works (2.2s)
  [OK]   9 [webkit] > e2e\slider.spec.ts:102:5 > keys pressed before hydration survive hydration (1.1s)
  [OK]   8 [chromium] > e2e\slider.spec.ts:129:5 > hydrated page: no console errors and axe-clean (2.8s)
  [OK]  10 [webkit] > e2e\slider.spec.ts:129:5 > hydrated page: no console errors and axe-clean (2.1s)
  [OK]   6 [firefox] > e2e\slider.spec.ts:84:5 > server HTML with the app bundle blocked: axe-clean, painted, native keyboard works (4.9s)
  [OK]  11 [chromium] > e2e\slider.spec.ts:139:5 > every thumb is painted where the value says (1.2s)
  [OK]  14 [chromium] > e2e\slider.spec.ts:166:5 > fill runs from the low thumb to the high thumb (557ms)
  [OK]  13 [firefox] > e2e\slider.spec.ts:102:5 > keys pressed before hydration survive hydration (1.1s)
  [OK]  15 [chromium] > e2e\slider.spec.ts:205:5 > APG slider keys on a single slider (656ms)
  [OK]  12 [webkit] > e2e\slider.spec.ts:139:5 > every thumb is painted where the value says (2.1s)
  [OK]  17 [chromium] > e2e\slider.spec.ts:230:5 > APG multi-thumb: dependent bounds, no crossing, constant tab order (987ms)
  [OK]  19 [chromium] > e2e\slider.spec.ts:254:5 > vertical: Up and Right increase, Down and Left decrease (550ms)
  [OK]  18 [webkit] > e2e\slider.spec.ts:166:5 > fill runs from the low thumb to the high thumb (1.5s)
  [OK]  16 [firefox] > e2e\slider.spec.ts:129:5 > hydrated page: no console errors and axe-clean (3.7s)
  [OK]  21 [webkit] > e2e\slider.spec.ts:205:5 > APG slider keys on a single slider (1.8s)
  [OK]  23 [webkit] > e2e\slider.spec.ts:230:5 > APG multi-thumb: dependent bounds, no crossing, constant tab order (1.5s)
  [OK]  22 [firefox] > e2e\slider.spec.ts:139:5 > every thumb is painted where the value says (2.0s)
  [OK]  20 [chromium] > e2e\slider.spec.ts:266:5 > pointer drag moves every thumb along its axis (3.9s)
  [OK]  24 [webkit] > e2e\slider.spec.ts:254:5 > vertical: Up and Right increase, Down and Left decrease (1.8s)
  [OK]  25 [firefox] > e2e\slider.spec.ts:166:5 > fill runs from the low thumb to the high thumb (1.7s)
  [OK]  28 [firefox] > e2e\slider.spec.ts:205:5 > APG slider keys on a single slider (1.3s)
  [OK]  29 [firefox] > e2e\slider.spec.ts:230:5 > APG multi-thumb: dependent bounds, no crossing, constant tab order (1.3s)
  [OK]  30 [firefox] > e2e\slider.spec.ts:254:5 > vertical: Up and Right increase, Down and Left decrease (1.2s)
  [OK]  27 [webkit] > e2e\slider.spec.ts:266:5 > pointer drag moves every thumb along its axis (4.6s)
  [OK]  32 [webkit] > e2e\slider.spec.ts:313:5 > long fast drag lands on the release point (single vs double) (1.5s)
  [OK]  26 [chromium] > e2e\slider.spec.ts:313:5 > long fast drag lands on the release point (single vs double) (7.7s)
  [OK]  34 [chromium] > e2e\slider.spec.ts:323:5 > meeting thumbs stay separable at both ends (1.4s)
  [OK]  33 [webkit] > e2e\slider.spec.ts:323:5 > meeting thumbs stay separable at both ends (1.8s)
  [OK]  31 [firefox] > e2e\slider.spec.ts:266:5 > pointer drag moves every thumb along its axis (3.8s)
  [OK]  35 [chromium] > e2e\slider.spec.ts:344:5 > cross-thumb keys in the same frame never invert the range (404ms)
  [OK]  38 [chromium] > e2e\slider.spec.ts:359:5 > clickSelect on the range track moves the nearest thumb (446ms)
  [OK]  36 [webkit] > e2e\slider.spec.ts:344:5 > cross-thumb keys in the same frame never invert the range (791ms)
  [OK]  39 [chromium] > e2e\slider.spec.ts:370:5 > disabled: soft stays focusable and inert to keys and pointer; native leaves the tab order (893ms)
  [OK]  40 [webkit] > e2e\slider.spec.ts:359:5 > clickSelect on the range track moves the nearest thumb (981ms)
  [OK]  41 [chromium] > e2e\slider.spec.ts:388:5 > stepped and non-linear: keys move one value step; valuetext carries the value (695ms)
  [OK]  42 [webkit] > e2e\slider.spec.ts:370:5 > disabled: soft stays focusable and inert to keys and pointer; native leaves the tab order (983ms)
  [OK]  37 [firefox] > e2e\slider.spec.ts:313:5 > long fast drag lands on the release point (single vs double) (2.8s)
  [OK]  43 [chromium] > e2e\slider.spec.ts:409:5 > keyboard focus is visible on the thumb (509ms)
  [OK]  46 [chromium] > e2e\slider.spec.ts:420:5 > Chromium accessibility tree: slider role, bounds, orientation, valuetext (466ms)
  [OK]  44 [webkit] > e2e\slider.spec.ts:388:5 > stepped and non-linear: keys move one value step; valuetext carries the value (1.4s)
  [OK]  45 [firefox] > e2e\slider.spec.ts:323:5 > meeting thumbs stay separable at both ends (1.7s)
  [OK]  47 [webkit] > e2e\slider.spec.ts:409:5 > keyboard focus is visible on the thumb (959ms)
  [OK]  48 [firefox] > e2e\slider.spec.ts:344:5 > cross-thumb keys in the same frame never invert the range (860ms)
  -  49 [webkit] > e2e\slider.spec.ts:420:5 > Chromium accessibility tree: slider role, bounds, orientation, valuetext
  [OK]  50 [firefox] > e2e\slider.spec.ts:359:5 > clickSelect on the range track moves the nearest thumb (797ms)
  [OK]  51 [firefox] > e2e\slider.spec.ts:370:5 > disabled: soft stays focusable and inert to keys and pointer; native leaves the tab order (1.3s)
  [OK]  52 [firefox] > e2e\slider.spec.ts:388:5 > stepped and non-linear: keys move one value step; valuetext carries the value (1.2s)
  [OK]  53 [firefox] > e2e\slider.spec.ts:409:5 > keyboard focus is visible on the thumb (951ms)
  -  54 [firefox] > e2e\slider.spec.ts:420:5 > Chromium accessibility tree: slider role, bounds, orientation, valuetext
  4 skipped
  50 passed (35.0s)
