Running 54 tests using 3 workers
  -  1 [firefox] > slider.spec.ts:70:5 > server HTML carries min, max, step, value and the fill
  -  2 [webkit] > slider.spec.ts:70:5 > server HTML carries min, max, step, value and the fill
  [OK]  3 [chromium] > slider.spec.ts:70:5 > server HTML carries min, max, step, value and the fill (68ms)
  [OK]  4 [chromium] > slider.spec.ts:84:5 > server HTML with the app bundle blocked: axe-clean, painted, native keyboard works (1.3s)
  [OK]  5 [chromium] > slider.spec.ts:102:5 > keys pressed before hydration survive hydration (893ms)
  [OK]  6 [webkit] > slider.spec.ts:84:5 > server HTML with the app bundle blocked: axe-clean, painted, native keyboard works (2.8s)
  [OK]  7 [chromium] > slider.spec.ts:129:5 > hydrated page: no console errors and axe-clean (1.3s)
  [OK]  8 [webkit] > slider.spec.ts:102:5 > keys pressed before hydration survive hydration (1.3s)
  [OK]  9 [firefox] > slider.spec.ts:84:5 > server HTML with the app bundle blocked: axe-clean, painted, native keyboard works (3.6s)
  [OK]  10 [chromium] > slider.spec.ts:139:5 > every thumb is painted where the value says (1.3s)
  [OK]  11 [chromium] > slider.spec.ts:166:5 > fill runs from the low thumb to the high thumb (488ms)
  [OK]  12 [firefox] > slider.spec.ts:102:5 > keys pressed before hydration survive hydration (1.0s)
  [OK]  13 [chromium] > slider.spec.ts:205:5 > APG slider keys on a single slider (530ms)
  [OK]  14 [chromium] > slider.spec.ts:230:5 > APG multi-thumb: dependent bounds, no crossing, constant tab order (523ms)
  [OK]  15 [webkit] > slider.spec.ts:129:5 > hydrated page: no console errors and axe-clean (2.6s)
  [OK]  16 [chromium] > slider.spec.ts:254:5 > vertical: Up and Right increase, Down and Left decrease (480ms)
  [OK]  17 [firefox] > slider.spec.ts:129:5 > hydrated page: no console errors and axe-clean (2.4s)
  [OK]  18 [webkit] > slider.spec.ts:139:5 > every thumb is painted where the value says (3.0s)
  [OK]  19 [firefox] > slider.spec.ts:139:5 > every thumb is painted where the value says (1.9s)
  [OK]  20 [firefox] > slider.spec.ts:166:5 > fill runs from the low thumb to the high thumb (1.2s)
  [OK]  21 [chromium] > slider.spec.ts:266:5 > pointer drag moves every thumb along its axis (4.0s)
  [OK]  22 [webkit] > slider.spec.ts:166:5 > fill runs from the low thumb to the high thumb (1.7s)
  [OK]  23 [firefox] > slider.spec.ts:205:5 > APG slider keys on a single slider (1.6s)
  [OK]  24 [firefox] > slider.spec.ts:230:5 > APG multi-thumb: dependent bounds, no crossing, constant tab order (1.2s)
  [OK]  25 [webkit] > slider.spec.ts:205:5 > APG slider keys on a single slider (2.6s)
  [OK]  26 [firefox] > slider.spec.ts:254:5 > vertical: Up and Right increase, Down and Left decrease (1.5s)
  [OK]  27 [webkit] > slider.spec.ts:230:5 > APG multi-thumb: dependent bounds, no crossing, constant tab order (2.5s)
  [OK]  28 [webkit] > slider.spec.ts:254:5 > vertical: Up and Right increase, Down and Left decrease (1.4s)
  [OK]  29 [chromium] > slider.spec.ts:313:5 > long fast drag lands on the release point (single vs double) (7.6s)
  [OK]  30 [firefox] > slider.spec.ts:266:5 > pointer drag moves every thumb along its axis (4.4s)
  [OK]  31 [chromium] > slider.spec.ts:323:5 > meeting thumbs stay separable at both ends (1.3s)
  [OK]  32 [chromium] > slider.spec.ts:344:5 > cross-thumb keys in the same frame never invert the range (499ms)
  [OK]  33 [chromium] > slider.spec.ts:359:5 > clickSelect on the range track moves the nearest thumb (508ms)
  [OK]  34 [chromium] > slider.spec.ts:370:5 > disabled: soft stays focusable and inert to keys and pointer; native leaves the tab order (1.0s)
  [OK]  35 [chromium] > slider.spec.ts:388:5 > stepped and non-linear: keys move one value step; valuetext carries the value (809ms)
  [OK]  36 [chromium] > slider.spec.ts:409:5 > keyboard focus is visible on the thumb (631ms)
  [OK]  37 [chromium] > slider.spec.ts:420:5 > Chromium accessibility tree: slider role, bounds, orientation, valuetext (621ms)
  [OK]  38 [firefox] > slider.spec.ts:313:5 > long fast drag lands on the release point (single vs double) (6.9s)
  [OK]  39 [webkit] > slider.spec.ts:266:5 > pointer drag moves every thumb along its axis (9.1s)
  [OK]  40 [firefox] > slider.spec.ts:323:5 > meeting thumbs stay separable at both ends (1.4s)
  [OK]  41 [firefox] > slider.spec.ts:344:5 > cross-thumb keys in the same frame never invert the range (820ms)
  [OK]  42 [firefox] > slider.spec.ts:359:5 > clickSelect on the range track moves the nearest thumb (829ms)
  [OK]  43 [webkit] > slider.spec.ts:313:5 > long fast drag lands on the release point (single vs double) (2.9s)
  [OK]  44 [firefox] > slider.spec.ts:370:5 > disabled: soft stays focusable and inert to keys and pointer; native leaves the tab order (1.4s)
  [OK]  45 [firefox] > slider.spec.ts:388:5 > stepped and non-linear: keys move one value step; valuetext carries the value (902ms)
  [OK]  46 [webkit] > slider.spec.ts:323:5 > meeting thumbs stay separable at both ends (2.7s)
  [OK]  47 [firefox] > slider.spec.ts:409:5 > keyboard focus is visible on the thumb (948ms)
  -  48 [firefox] > slider.spec.ts:420:5 > Chromium accessibility tree: slider role, bounds, orientation, valuetext
  [OK]  49 [webkit] > slider.spec.ts:344:5 > cross-thumb keys in the same frame never invert the range (1.7s)
  [OK]  50 [webkit] > slider.spec.ts:359:5 > clickSelect on the range track moves the nearest thumb (1.3s)
  [OK]  51 [webkit] > slider.spec.ts:370:5 > disabled: soft stays focusable and inert to keys and pointer; native leaves the tab order (1.7s)
  [OK]  52 [webkit] > slider.spec.ts:388:5 > stepped and non-linear: keys move one value step; valuetext carries the value (1.4s)
  [OK]  53 [webkit] > slider.spec.ts:409:5 > keyboard focus is visible on the thumb (999ms)
  -  54 [webkit] > slider.spec.ts:420:5 > Chromium accessibility tree: slider role, bounds, orientation, valuetext
  Slow test file: [webkit] > slider.spec.ts (40.1s)
  Slow test file: [firefox] > slider.spec.ts (32.4s)
  Slow test file: [chromium] > slider.spec.ts (23.8s)
  Consider splitting slow test files to speed up parallel execution
  4 skipped
  50 passed (42.2s)
