
Running 33 tests using 3 workers

  [PASS]   1 [chromium] > e2e\slider.spec.ts:75:7 > case 1: before hydration > a drag on the two-handle linear slider before hydration survives (893ms)
  [PASS]   3 [webkit] > e2e\slider.spec.ts:75:7 > case 1: before hydration > a drag on the two-handle linear slider before hydration survives (950ms)
  [PASS]   4 [chromium] > e2e\slider.spec.ts:98:7 > case 1: before hydration > keys on a two-handle non-linear slider before hydration survive (670ms)
  [PASS]   5 [webkit] > e2e\slider.spec.ts:98:7 > case 1: before hydration > keys on a two-handle non-linear slider before hydration survive (865ms)
  [PASS]   6 [chromium] > e2e\slider.spec.ts:127:7 > case 1: before hydration > a replayed non-linear key applies exactly one value step (711ms)
  [PASS]   8 [chromium] > e2e\slider.spec.ts:165:7 > case 2: two-handle non-linear bounds > dependent bounds are bar positions, not values (281ms)
  [PASS]   7 [webkit] > e2e\slider.spec.ts:127:7 > case 1: before hydration > a replayed non-linear key applies exactly one value step (1.0s)
  [PASS]   9 [chromium] > e2e\slider.spec.ts:183:7 > case 2: two-handle non-linear bounds > thumbs cannot cross: dragging past the sibling stops at it (512ms)
  [PASS]  10 [webkit] > e2e\slider.spec.ts:165:7 > case 2: two-handle non-linear bounds > dependent bounds are bar positions, not values (565ms)
  [PASS]  11 [chromium] > e2e\slider.spec.ts:192:7 > case 2: two-handle non-linear bounds > fill spans the low thumb to the high thumb (299ms)
  [PASS]  13 [chromium] > e2e\slider.spec.ts:204:7 > case 2: two-handle non-linear bounds > keys respect the dependent bound and move one value step (467ms)
  [PASS]  12 [webkit] > e2e\slider.spec.ts:183:7 > case 2: two-handle non-linear bounds > thumbs cannot cross: dragging past the sibling stops at it (643ms)
  [PASS]   2 [firefox] > e2e\slider.spec.ts:75:7 > case 1: before hydration > a drag on the two-handle linear slider before hydration survives (3.5s)
  [PASS]  14 [chromium] > e2e\slider.spec.ts:227:7 > case 3: RTL and forced-colors > thumb positions and fill match a right-to-left slider (358ms)
  [PASS]  17 [chromium] > e2e\slider.spec.ts:249:7 > case 3: RTL and forced-colors > key directions match a right-to-left slider (310ms)
  [PASS]  15 [webkit] > e2e\slider.spec.ts:192:7 > case 2: two-handle non-linear bounds > fill spans the low thumb to the high thumb (533ms)
  [PASS]  18 [chromium] > e2e\slider.spec.ts:270:9 > case 3: RTL and forced-colors > thumb and fill stay visible under forced-colors (double) (510ms)
  [PASS]  19 [webkit] > e2e\slider.spec.ts:204:7 > case 2: two-handle non-linear bounds > keys respect the dependent bound and move one value step (639ms)
  [PASS]  20 [chromium] > e2e\slider.spec.ts:270:9 > case 3: RTL and forced-colors > thumb and fill stay visible under forced-colors (rtl-double) (495ms)
  [PASS]  21 [webkit] > e2e\slider.spec.ts:227:7 > case 3: RTL and forced-colors > thumb positions and fill match a right-to-left slider (603ms)
  [FAIL]  16 [firefox] > e2e\slider.spec.ts:98:7 > case 1: before hydration > keys on a two-handle non-linear slider before hydration survive (1.1s)
  [PASS]  22 [webkit] > e2e\slider.spec.ts:249:7 > case 3: RTL and forced-colors > key directions match a right-to-left slider (648ms)
  -  23 [webkit] > e2e\slider.spec.ts:270:9 > case 3: RTL and forced-colors > thumb and fill stay visible under forced-colors (double)
  -  24 [webkit] > e2e\slider.spec.ts:270:9 > case 3: RTL and forced-colors > thumb and fill stay visible under forced-colors (rtl-double)
  [FAIL]  25 [firefox] > e2e\slider.spec.ts:127:7 > case 1: before hydration > a replayed non-linear key applies exactly one value step (4.5s)
  [PASS]  26 [firefox] > e2e\slider.spec.ts:165:7 > case 2: two-handle non-linear bounds > dependent bounds are bar positions, not values (1.9s)
  [PASS]  27 [firefox] > e2e\slider.spec.ts:183:7 > case 2: two-handle non-linear bounds > thumbs cannot cross: dragging past the sibling stops at it (2.0s)
  [PASS]  28 [firefox] > e2e\slider.spec.ts:192:7 > case 2: two-handle non-linear bounds > fill spans the low thumb to the high thumb (684ms)
  [PASS]  29 [firefox] > e2e\slider.spec.ts:204:7 > case 2: two-handle non-linear bounds > keys respect the dependent bound and move one value step (729ms)
  [PASS]  30 [firefox] > e2e\slider.spec.ts:227:7 > case 3: RTL and forced-colors > thumb positions and fill match a right-to-left slider (685ms)
  [PASS]  31 [firefox] > e2e\slider.spec.ts:249:7 > case 3: RTL and forced-colors > key directions match a right-to-left slider (660ms)
  [PASS]  32 [firefox] > e2e\slider.spec.ts:270:9 > case 3: RTL and forced-colors > thumb and fill stay visible under forced-colors (double) (812ms)
  [PASS]  33 [firefox] > e2e\slider.spec.ts:270:9 > case 3: RTL and forced-colors > thumb and fill stay visible under forced-colors (rtl-double) (940ms)


  1) [firefox] > e2e\slider.spec.ts:98:7 > case 1: before hydration > keys on a two-handle non-linear slider before hydration survive 

    Error: model after hydration

    expect(received).not.toBe(expected) // Object.is equality

    Expected: not "lo=25 hi=75"

      122 |     // The model must reflect what the native raw position says (adopted through
      123 |     // the queued `input` event's replay), not the pre-hydration model value (25).
    > 124 |     expect.soft(model, 'model after hydration').not.toBe('lo=25 hi=75');
          |                                                     ^
      125 |   });
      126 |
      127 |   test('a replayed non-linear key applies exactly one value step', async ({ page, browserName }) => {
        at D:\tmp\nfs-proto-slider-hydration-nonlinear\slider-proto\e2e\slider.spec.ts:124:53

    Error Context: test-results\slider-case-1-before-hydra-7a12d-er-before-hydration-survive-firefox\error-context.md

  2) [firefox] > e2e\slider.spec.ts:127:7 > case 1: before hydration > a replayed non-linear key applies exactly one value step 

    Error: expect(received).toBe(expected) // Object.is equality

    Expected: "value=51"
    Received: "value=50"

      150 |     // the raw bar-position value before any JS ran (the "double-step" risk this
      151 |     // case exists to catch -- see the README).
    > 152 |     expect(model).toBe('value=51');
          |                   ^
      153 |   });
      154 | });
      155 |
        at D:\tmp\nfs-proto-slider-hydration-nonlinear\slider-proto\e2e\slider.spec.ts:152:19

    Error Context: test-results\slider-case-1-before-hydra-73acc-lies-exactly-one-value-step-firefox\error-context.md

  2 failed
    [firefox] > e2e\slider.spec.ts:98:7 > case 1: before hydration > keys on a two-handle non-linear slider before hydration survive 
    [firefox] > e2e\slider.spec.ts:127:7 > case 1: before hydration > a replayed non-linear key applies exactly one value step 
  2 skipped
  29 passed (24.4s)
