passed [chromium] accessibility tree url of links (Chromium CDP) :: [{"name":"link host, bare #s4","url":"http://localhost:4784/guide/a#s4"},{"name":"no directive, bare #s2","url":"http://localhost:4784/guide/a#s2"},{"name":"no directive, base-href-safe #s3","url":"http://localhost:4784/guide/a#s3"},{"name":"deferred link host, bare #s6","url":"http://localhost:4784/guide/a#s6"},{"name":"deferred container, bare #s5","url":"http://localhost:4784/guide/a#s5"},{"name":"hydrate never container, bare #s2","url":"http://localhost:4784/guide/a#s2"},{"name":"container, bare #s2","url":"http://localhost:4784/guide/a#s2"},{"name":"container, base-href-safe #s3","url":"http://localhost:4784/guide/a#s3"}]
passed [chromium] IDL resolution and history.replaceState under <base href="/"> :: {"documentURL":"http://localhost:4784/guide/a","baseURI":"http://localhost:4784/guide/a","rawHref":"#s2","resolvedHref":"http://localhost:4784/guide/a#s2","hash":"#s2","pathname":"/guide/a","newURL":"http://localhost:4784/guide/a#s2","replaceStateHashOnly":"http://localhost:4784/guide/a#probe","restored":"http://localhost:4784/guide/a"}
passed [chromium] hydrated click, rule A, c-bare :: reloaded=false url=/guide/a hist=0 top=1871 y=1871 active=s2 tab=inside-s2 events=[] clicks=scrolled, preventDefault() returned errors=0
passed [chromium] hydrated click, rule A, c-safe :: reloaded=false url=/guide/a hist=0 top=3372 y=3372 active=s3 tab=inside-s3 events=[] clicks=scrolled, preventDefault() returned errors=0
passed [chromium] hydrated click, rule A, l-bare :: reloaded=false url=/guide/a hist=0 top=4873 y=4873 active=s4 tab=inside-s4 events=[] clicks=scrolled, preventDefault() returned errors=0
passed [chromium] hydrated click, rule A, plain-bare :: reloaded=false url=/guide/a#s2 hist=1 top=1871 y=1871 active=BODY tab=inside-s2 events=["popstate http://localhost:4784/guide/a#s2","hashchange http://localhost:4784/guide/a#s2"] clicks= errors=0
passed [chromium] hydrated click, rule A, plain-safe :: reloaded=false url=/guide/a#s3 hist=1 top=3372 y=3372 active=BODY tab=inside-s3 events=["popstate http://localhost:4784/guide/a#s3","hashchange http://localhost:4784/guide/a#s3"] clicks= errors=0
passed [chromium] hydrated click, rule A, router-link :: reloaded=false url=/guide/a#s3 hist=1 top=3372 y=0 active=router-link tab=dc-bare events=[] clicks= errors=0
passed [chromium] hydrated click, rule A, dc-bare :: reloaded=false url=/guide/a#s5 hist=1 top=6374 y=6374 active=s5 tab=inside-s5 events=["popstate http://localhost:4784/guide/a#s5","hashchange http://localhost:4784/guide/a#s5"] clicks=scrolled, preventDefault() returned errors=0
passed [chromium] hydrated click, rule A, dl-bare :: reloaded=false url=/guide/a hist=0 top=7875 y=7875 active=s6 tab=inside-s6 events=[] clicks=scrolled, preventDefault() skipped errors=0
passed [chromium] hydrated click, rule A, nc-bare :: reloaded=false url=/guide/a#s2 hist=1 top=1871 y=1871 active=BODY tab=inside-s2 events=["popstate http://localhost:4784/guide/a#s2","hashchange http://localhost:4784/guide/a#s2"] clicks= errors=0
passed [chromium] pre-hydration click, rule A, c-bare :: reloaded=false url=/guide/a#s2 hist=- top=1871 y=1871 active=s2 tab=- events="-" clicks=scrolled, calling preventDefault() errors=1 ["ERROR Error: `preventDefault` called during event replay.\n    at PointerEvent.<anonymous> (http://localhost:4784/main
passed [chromium] pre-hydration click, rule A, l-bare :: reloaded=false url=/guide/a#s4 hist=- top=4873 y=4873 active=s4 tab=- events="-" clicks=scrolled, preventDefault() skipped errors=0
passed [chromium] pre-hydration click, rule A, c-safe :: reloaded=false url=/guide/a#s3 hist=- top=3372 y=3372 active=s3 tab=- events="-" clicks=scrolled, calling preventDefault() errors=1 ["ERROR Error: `preventDefault` called during event replay.\n    at PointerEvent.<anonymous> (http://localhost:4784/main
passed [chromium] modified clicks, rule A, c-bare :: {"rule":"a","results":{"ControlOrMeta+click":{"newPageUrl":"http://localhost:4784/guide/a#s2","openerUrl":"http://localhost:4784/guide/a"},"middle click":{"newPageUrl":"http://localhost:4784/guide/a#s2","openerUrl":"http://localhost:4784/guide/a"}}}
passed [chromium] hydrated click, rule B, c-bare :: reloaded=false url=/guide/b hist=0 top=1871 y=1871 active=s2 tab=inside-s2 events=[] clicks=scrolled, preventDefault() returned errors=0
passed [chromium] hydrated click, rule B, c-safe :: reloaded=false url=/guide/b hist=0 top=3372 y=3372 active=s3 tab=inside-s3 events=[] clicks=scrolled, preventDefault() returned errors=0
passed [chromium] hydrated click, rule B, l-bare :: reloaded=false url=/guide/b hist=0 top=4873 y=4873 active=s4 tab=inside-s4 events=[] clicks=scrolled, preventDefault() returned errors=0
passed [chromium] hydrated click, rule B, plain-bare :: reloaded=false url=/guide/b#s2 hist=1 top=1871 y=1871 active=BODY tab=inside-s2 events=["popstate http://localhost:4784/guide/b#s2","hashchange http://localhost:4784/guide/b#s2"] clicks= errors=0
passed [chromium] hydrated click, rule B, plain-safe :: reloaded=false url=/guide/b#s3 hist=1 top=3372 y=3372 active=BODY tab=inside-s3 events=["popstate http://localhost:4784/guide/b#s3","hashchange http://localhost:4784/guide/b#s3"] clicks= errors=0
passed [chromium] hydrated click, rule B, router-link :: reloaded=false url=/guide/b#s3 hist=1 top=3372 y=0 active=router-link tab=dc-bare events=[] clicks= errors=0
passed [chromium] hydrated click, rule B, dc-bare :: reloaded=false url=/guide/b#s5 hist=1 top=6374 y=6374 active=s5 tab=inside-s5 events=["popstate http://localhost:4784/guide/b#s5","hashchange http://localhost:4784/guide/b#s5"] clicks=scrolled, preventDefault() returned errors=0
passed [chromium] hydrated click, rule B, dl-bare :: reloaded=false url=/guide/b hist=0 top=7875 y=7875 active=s6 tab=inside-s6 events=[] clicks=scrolled, preventDefault() skipped errors=0
passed [chromium] hydrated click, rule B, nc-bare :: reloaded=false url=/guide/b#s2 hist=1 top=1871 y=1871 active=BODY tab=inside-s2 events=["popstate http://localhost:4784/guide/b#s2","hashchange http://localhost:4784/guide/b#s2"] clicks= errors=0
passed [chromium] pre-hydration click, rule B, c-bare :: reloaded=false url=/guide/b#s2 hist=- top=1871 y=1871 active=s2 tab=- events="-" clicks=scrolled, calling preventDefault() errors=1 ["ERROR Error: `preventDefault` called during event replay.\n    at PointerEvent.<anonymous> (http://localhost:4784/main
passed [chromium] pre-hydration click, rule B, l-bare :: reloaded=false url=/guide/b#s4 hist=- top=4873 y=4873 active=s4 tab=- events="-" clicks=scrolled, preventDefault() skipped errors=0
passed [chromium] pre-hydration click, rule B, c-safe :: reloaded=false url=/guide/b#s3 hist=- top=3372 y=3372 active=s3 tab=- events="-" clicks=scrolled, calling preventDefault() errors=1 ["ERROR Error: `preventDefault` called during event replay.\n    at PointerEvent.<anonymous> (http://localhost:4784/main
passed [chromium] modified clicks, rule B, c-bare :: {"rule":"b","results":{"ControlOrMeta+click":{"newPageUrl":"http://localhost:4784/guide/b#s2","openerUrl":"http://localhost:4784/guide/b"},"middle click":{"newPageUrl":"http://localhost:4784/guide/b#s2","openerUrl":"http://localhost:4784/guide/b"}}}
passed [chromium] JavaScript disabled :: {"c-bare":{"url":"/guide/a#s2","scrollY":1871},"l-bare":{"url":"/guide/a#s4","scrollY":4873},"c-safe":{"url":"/guide/a#s3","scrollY":3372},"dl-bare":{"url":"/guide/a#s6","scrollY":7875},"nc-bare":{"url":"/guide/a#s2","scrollY":1871}}
passed [firefox] IDL resolution and history.replaceState under <base href="/"> :: {"documentURL":"http://localhost:4784/guide/a","baseURI":"http://localhost:4784/guide/a","rawHref":"#s2","resolvedHref":"http://localhost:4784/guide/a#s2","hash":"#s2","pathname":"/guide/a","newURL":"http://localhost:4784/guide/a#s2","replaceStateHashOnly":"http://localhost:4784/guide/a#probe","restored":"http://localhost:4784/guide/a"}
passed [firefox] hydrated click, rule A, c-bare :: reloaded=false url=/guide/a hist=0 top=1877 y=1877 active=s2 tab=inside-s2 events=[] clicks=scrolled, preventDefault() returned errors=0
passed [firefox] hydrated click, rule A, c-safe :: reloaded=false url=/guide/a hist=0 top=3378 y=3378 active=s3 tab=inside-s3 events=[] clicks=scrolled, preventDefault() returned errors=0
passed [firefox] hydrated click, rule A, l-bare :: reloaded=false url=/guide/a hist=0 top=4879 y=4879 active=s4 tab=inside-s4 events=[] clicks=scrolled, preventDefault() returned errors=0
passed [firefox] hydrated click, rule A, plain-bare :: reloaded=false url=/guide/a#s2 hist=1 top=1877 y=1877 active=BODY tab=inside-s2 events=["popstate http://localhost:4784/guide/a#s2","hashchange http://localhost:4784/guide/a#s2"] clicks= errors=0
passed [firefox] hydrated click, rule A, plain-safe :: reloaded=false url=/guide/a#s3 hist=1 top=3378 y=3378 active=BODY tab=inside-s3 events=["popstate http://localhost:4784/guide/a#s3","hashchange http://localhost:4784/guide/a#s3"] clicks= errors=0
passed [firefox] hydrated click, rule A, router-link :: reloaded=false url=/guide/a#s3 hist=1 top=3378 y=0 active=router-link tab=dc-bare events=[] clicks= errors=0
passed [firefox] hydrated click, rule A, dc-bare :: reloaded=false url=/guide/a#s5 hist=1 top=6380 y=6380 active=s5 tab=inside-s5 events=["popstate http://localhost:4784/guide/a#s5","hashchange http://localhost:4784/guide/a#s5"] clicks=scrolled, preventDefault() returned errors=0
passed [firefox] hydrated click, rule A, dl-bare :: reloaded=false url=/guide/a hist=0 top=7881 y=7881 active=s6 tab=inside-s6 events=[] clicks=scrolled, preventDefault() skipped errors=0
passed [firefox] hydrated click, rule A, nc-bare :: reloaded=false url=/guide/a#s2 hist=1 top=1877 y=1877 active=BODY tab=inside-s2 events=["popstate http://localhost:4784/guide/a#s2","hashchange http://localhost:4784/guide/a#s2"] clicks= errors=0
passed [firefox] pre-hydration click, rule A, c-bare :: reloaded=false url=/guide/a#s2 hist=- top=1877 y=1877 active=s2 tab=- events="-" clicks=scrolled, calling preventDefault() errors=1 ["ERROR Error"]
passed [firefox] pre-hydration click, rule A, l-bare :: reloaded=false url=/guide/a#s4 hist=- top=4879 y=4879 active=s4 tab=- events="-" clicks=scrolled, preventDefault() skipped errors=0
passed [firefox] pre-hydration click, rule A, c-safe :: reloaded=false url=/guide/a#s3 hist=- top=3378 y=3378 active=s3 tab=- events="-" clicks=scrolled, calling preventDefault() errors=1 ["ERROR Error"]
passed [firefox] modified clicks, rule A, c-bare :: {"rule":"a","results":{"ControlOrMeta+click":{"newPageUrl":"http://localhost:4784/guide/a#s2","openerUrl":"http://localhost:4784/guide/a"},"middle click":{"newPageUrl":"http://localhost:4784/guide/a#s2","openerUrl":"http://localhost:4784/guide/a"}}}
passed [firefox] hydrated click, rule B, c-bare :: reloaded=false url=/guide/b hist=0 top=1877 y=1877 active=s2 tab=inside-s2 events=[] clicks=scrolled, preventDefault() returned errors=0
passed [firefox] hydrated click, rule B, c-safe :: reloaded=false url=/guide/b hist=0 top=3378 y=3378 active=s3 tab=inside-s3 events=[] clicks=scrolled, preventDefault() returned errors=0
passed [firefox] hydrated click, rule B, l-bare :: reloaded=false url=/guide/b hist=0 top=4879 y=4879 active=s4 tab=inside-s4 events=[] clicks=scrolled, preventDefault() returned errors=0
passed [firefox] hydrated click, rule B, plain-bare :: reloaded=false url=/guide/b#s2 hist=1 top=1877 y=1877 active=BODY tab=inside-s2 events=["popstate http://localhost:4784/guide/b#s2","hashchange http://localhost:4784/guide/b#s2"] clicks= errors=0
passed [firefox] hydrated click, rule B, plain-safe :: reloaded=false url=/guide/b#s3 hist=1 top=3378 y=3378 active=BODY tab=inside-s3 events=["popstate http://localhost:4784/guide/b#s3","hashchange http://localhost:4784/guide/b#s3"] clicks= errors=0
passed [firefox] hydrated click, rule B, router-link :: reloaded=false url=/guide/b#s3 hist=1 top=3378 y=0 active=router-link tab=dc-bare events=[] clicks= errors=0
passed [firefox] hydrated click, rule B, dc-bare :: reloaded=false url=/guide/b#s5 hist=1 top=6380 y=6380 active=s5 tab=inside-s5 events=["popstate http://localhost:4784/guide/b#s5","hashchange http://localhost:4784/guide/b#s5"] clicks=scrolled, preventDefault() returned errors=0
passed [firefox] hydrated click, rule B, dl-bare :: reloaded=false url=/guide/b hist=0 top=7881 y=7881 active=s6 tab=inside-s6 events=[] clicks=scrolled, preventDefault() skipped errors=0
passed [firefox] hydrated click, rule B, nc-bare :: reloaded=false url=/guide/b#s2 hist=1 top=1877 y=1877 active=BODY tab=inside-s2 events=["popstate http://localhost:4784/guide/b#s2","hashchange http://localhost:4784/guide/b#s2"] clicks= errors=0
passed [firefox] pre-hydration click, rule B, c-bare :: reloaded=false url=/guide/b#s2 hist=- top=1877 y=1877 active=s2 tab=- events="-" clicks=scrolled, calling preventDefault() errors=1 ["ERROR Error"]
passed [firefox] pre-hydration click, rule B, l-bare :: reloaded=false url=/guide/b#s4 hist=- top=4879 y=4879 active=s4 tab=- events="-" clicks=scrolled, preventDefault() skipped errors=0
passed [firefox] pre-hydration click, rule B, c-safe :: reloaded=false url=/guide/b#s3 hist=- top=3378 y=3378 active=s3 tab=- events="-" clicks=scrolled, calling preventDefault() errors=1 ["ERROR Error"]
passed [firefox] modified clicks, rule B, c-bare :: {"rule":"b","results":{"ControlOrMeta+click":{"newPageUrl":"http://localhost:4784/guide/b#s2","openerUrl":"http://localhost:4784/guide/b"},"middle click":{"newPageUrl":"http://localhost:4784/guide/b#s2","openerUrl":"http://localhost:4784/guide/b"}}}
passed [firefox] JavaScript disabled :: {"c-bare":{"url":"/guide/a#s2","scrollY":1877},"l-bare":{"url":"/guide/a#s4","scrollY":4879},"c-safe":{"url":"/guide/a#s3","scrollY":3378},"dl-bare":{"url":"/guide/a#s6","scrollY":7881},"nc-bare":{"url":"/guide/a#s2","scrollY":1877}}
passed [webkit] IDL resolution and history.replaceState under <base href="/"> :: {"documentURL":"http://localhost:4784/guide/a","baseURI":"http://localhost:4784/guide/a","rawHref":"#s2","resolvedHref":"http://localhost:4784/guide/a#s2","hash":"#s2","pathname":"/guide/a","newURL":"http://localhost:4784/guide/a#s2","replaceStateHashOnly":"http://localhost:4784/guide/a#probe","restored":"http://localhost:4784/guide/a"}
passed [webkit] hydrated click, rule A, c-bare :: reloaded=false url=/guide/a hist=0 top=1871 y=1871 active=s2 tab=- events=[] clicks=scrolled, preventDefault() returned errors=0
passed [webkit] hydrated click, rule A, c-safe :: reloaded=false url=/guide/a hist=0 top=3372 y=3372 active=s3 tab=- events=[] clicks=scrolled, preventDefault() returned errors=0
passed [webkit] hydrated click, rule A, l-bare :: reloaded=false url=/guide/a hist=0 top=4873 y=4873 active=s4 tab=- events=[] clicks=scrolled, preventDefault() returned errors=0
passed [webkit] hydrated click, rule A, plain-bare :: reloaded=false url=/guide/a#s2 hist=1 top=1871 y=1871 active=BODY tab=- events=["popstate http://localhost:4784/guide/a#s2","hashchange http://localhost:4784/guide/a#s2"] clicks= errors=0
passed [webkit] hydrated click, rule A, plain-safe :: reloaded=false url=/guide/a#s3 hist=1 top=3372 y=3372 active=BODY tab=- events=["popstate http://localhost:4784/guide/a#s3","hashchange http://localhost:4784/guide/a#s3"] clicks= errors=0
passed [webkit] hydrated click, rule A, router-link :: reloaded=false url=/guide/a#s3 hist=1 top=3372 y=0 active=BODY tab=- events=[] clicks= errors=0
passed [webkit] hydrated click, rule A, dc-bare :: reloaded=false url=/guide/a#s5 hist=1 top=6374 y=6374 active=s5 tab=- events=["popstate http://localhost:4784/guide/a#s5","hashchange http://localhost:4784/guide/a#s5"] clicks=scrolled, preventDefault() returned errors=0
passed [webkit] hydrated click, rule A, dl-bare :: reloaded=false url=/guide/a hist=0 top=7875 y=7875 active=s6 tab=- events=[] clicks=scrolled, preventDefault() skipped errors=0
passed [webkit] hydrated click, rule A, nc-bare :: reloaded=false url=/guide/a#s2 hist=1 top=1871 y=1871 active=BODY tab=- events=["popstate http://localhost:4784/guide/a#s2","hashchange http://localhost:4784/guide/a#s2"] clicks= errors=0
passed [webkit] pre-hydration click, rule A, c-bare :: reloaded=false url=/guide/a#s2 hist=- top=1871 y=1871 active=s2 tab=- events="-" clicks=scrolled, calling preventDefault() errors=1 ["ERROR Error: `preventDefault` called during event replay."]
passed [webkit] pre-hydration click, rule A, l-bare :: reloaded=false url=/guide/a#s4 hist=- top=4873 y=4873 active=s4 tab=- events="-" clicks=scrolled, preventDefault() skipped errors=0
timedOut [webkit] pre-hydration click, rule A, c-safe :: Test timeout of 60000ms exceeded.
passed [webkit] modified clicks, rule A, c-bare :: {"rule":"a","results":{"ControlOrMeta+click":{"newPageUrl":"http://localhost:4784/guide/a#s2","openerUrl":"http://localhost:4784/guide/a"},"middle click":{"noNewPage":"TimeoutError: browserContext.waitForEvent: Timeout 5000ms exceeded while waiting for event \"page\"","openerUrl":"http://localhost:4784/guide/a#s2"}}}
passed [webkit] hydrated click, rule B, c-bare :: reloaded=false url=/guide/b hist=0 top=1871 y=1871 active=s2 tab=- events=[] clicks=scrolled, preventDefault() returned errors=0
passed [webkit] hydrated click, rule B, c-safe :: reloaded=false url=/guide/b hist=0 top=3372 y=3372 active=s3 tab=- events=[] clicks=scrolled, preventDefault() returned errors=0
passed [webkit] hydrated click, rule B, l-bare :: reloaded=false url=/guide/b hist=0 top=4873 y=4873 active=s4 tab=- events=[] clicks=scrolled, preventDefault() returned errors=0
passed [webkit] hydrated click, rule B, plain-bare :: reloaded=false url=/guide/b#s2 hist=1 top=1871 y=1871 active=BODY tab=- events=["popstate http://localhost:4784/guide/b#s2","hashchange http://localhost:4784/guide/b#s2"] clicks= errors=0
passed [webkit] hydrated click, rule B, plain-safe :: reloaded=false url=/guide/b#s3 hist=1 top=3372 y=3372 active=BODY tab=- events=["popstate http://localhost:4784/guide/b#s3","hashchange http://localhost:4784/guide/b#s3"] clicks= errors=0
passed [webkit] hydrated click, rule B, router-link :: reloaded=false url=/guide/b#s3 hist=1 top=3372 y=0 active=BODY tab=- events=[] clicks= errors=0
passed [webkit] hydrated click, rule B, dc-bare :: reloaded=false url=/guide/b#s5 hist=1 top=6374 y=6374 active=s5 tab=- events=["popstate http://localhost:4784/guide/b#s5","hashchange http://localhost:4784/guide/b#s5"] clicks=scrolled, preventDefault() returned errors=0
passed [webkit] hydrated click, rule B, dl-bare :: reloaded=false url=/guide/b hist=0 top=7875 y=7875 active=s6 tab=- events=[] clicks=scrolled, preventDefault() skipped errors=0
passed [webkit] hydrated click, rule B, nc-bare :: reloaded=false url=/guide/b#s2 hist=1 top=1871 y=1871 active=BODY tab=- events=["popstate http://localhost:4784/guide/b#s2","hashchange http://localhost:4784/guide/b#s2"] clicks= errors=0
passed [webkit] pre-hydration click, rule B, c-bare :: reloaded=false url=/guide/b#s2 hist=- top=1871 y=1871 active=s2 tab=- events="-" clicks=scrolled, calling preventDefault() errors=1 ["ERROR Error: `preventDefault` called during event replay."]
passed [webkit] pre-hydration click, rule B, l-bare :: reloaded=false url=/guide/b#s4 hist=- top=4873 y=4873 active=s4 tab=- events="-" clicks=scrolled, preventDefault() skipped errors=0
timedOut [webkit] pre-hydration click, rule B, c-safe :: Test timeout of 60000ms exceeded.
passed [webkit] modified clicks, rule B, c-bare :: {"rule":"b","results":{"ControlOrMeta+click":{"newPageUrl":"http://localhost:4784/guide/b#s2","openerUrl":"http://localhost:4784/guide/b"},"middle click":{"noNewPage":"TimeoutError: browserContext.waitForEvent: Timeout 5000ms exceeded while waiting for event \"page\"","openerUrl":"http://localhost:4784/guide/b#s2"}}}
passed [webkit] JavaScript disabled :: {"c-bare":{"url":"/guide/a#s2","scrollY":1871},"l-bare":{"url":"/guide/a#s4","scrollY":4873},"c-safe":{"url":"/guide/a#s3","scrollY":3372},"dl-bare":{"url":"/guide/a#s6","scrollY":7875},"nc-bare":{"url":"/guide/a#s2","scrollY":1871}}
passed [chromium] recipe after component reuse, once :: {"testId":"once","componentReused":true,"urlBeforeClick":"/docs/y","hrefBeforeClick":"/docs/x#s3","reloaded":true,"urlAfter":"/docs/x#s3","active":"BODY","scrollY":3168}
passed [chromium] recipe after component reuse, live :: {"testId":"live","componentReused":true,"urlBeforeClick":"/docs/y","hrefBeforeClick":"/docs/y#s3","reloaded":false,"urlAfter":"/docs/y","active":"s3","scrollY":3168}
passed [firefox] recipe after component reuse, once :: {"testId":"once","componentReused":true,"urlBeforeClick":"/docs/y","hrefBeforeClick":"/docs/x#s3","reloaded":true,"urlAfter":"/docs/x#s3","active":"BODY","scrollY":3171}
passed [firefox] recipe after component reuse, live :: {"testId":"live","componentReused":true,"urlBeforeClick":"/docs/y","hrefBeforeClick":"/docs/y#s3","reloaded":false,"urlAfter":"/docs/y","active":"s3","scrollY":3171}
passed [webkit] recipe after component reuse, once :: {"testId":"once","componentReused":true,"urlBeforeClick":"/docs/y","hrefBeforeClick":"/docs/x#s3","reloaded":true,"urlAfter":"/docs/x#s3","active":"BODY","scrollY":3168}
passed [webkit] recipe after component reuse, live :: {"testId":"live","componentReused":true,"urlBeforeClick":"/docs/y","hrefBeforeClick":"/docs/y#s3","reloaded":false,"urlAfter":"/docs/y","active":"s3","scrollY":3168}
