# Final full run (run3, 1.8 min): npx playwright test -- 33 passed, 3 failed (case 7 in each engine: the check that rules 4 and 7 place a dialog taller than the cap where Foundation does).
# Case 4 re-run (run4) after adding device pixel ratio 1.5: 9 passed; its lines replace run3's case 4 lines below.
# Per engine and case: measurements, PASS/FAIL, largest |delta| in px (css dialog minus Foundation reference).
chromium case1                           n=15 pass=15 fail=0 max|dx|=0 max|dy|=0.78 max|dw|=0 max|dh|=0
chromium case2-nested                    n=6 pass=6 fail=0 max|dx|=0 max|dy|=0.78 max|dw|=0 max|dh|=0
chromium case2-nested-rtl-scrolled       n=6 pass=6 fail=0 max|dx|=0 max|dy|=0.78 max|dw|=0 max|dh|=0
chromium case2-rtl                       n=15 pass=15 fail=0 max|dx|=0 max|dy|=0.78 max|dw|=0 max|dh|=0
chromium case2-scrolled                  n=15 pass=15 fail=0 max|dx|=0 max|dy|=0.78 max|dw|=0 max|dh|=0
chromium case3                           n=30 pass=30 fail=0 max|dx|=0 max|dy|=0.78 max|dw|=0 max|dh|=0
chromium case6                           n=15 pass=15 fail=0 max|dx|=0 max|dy|=0 max|dw|=0 max|dh|=0
chromium extra-resize                    n=1 pass=1 fail=0 max|dx|=0 max|dy|=0.78 max|dw|=0 max|dh|=0
firefox case1                            n=15 pass=15 fail=0 max|dx|=0 max|dy|=0.78 max|dw|=0 max|dh|=0
firefox case2-nested                     n=6 pass=6 fail=0 max|dx|=0 max|dy|=0.78 max|dw|=0 max|dh|=0
firefox case2-nested-rtl-scrolled        n=6 pass=6 fail=0 max|dx|=0 max|dy|=0.78 max|dw|=0 max|dh|=0
firefox case2-rtl                        n=15 pass=15 fail=0 max|dx|=0 max|dy|=0.78 max|dw|=0 max|dh|=0
firefox case2-scrolled                   n=15 pass=15 fail=0 max|dx|=0 max|dy|=0.78 max|dw|=0 max|dh|=0
firefox case3                            n=30 pass=30 fail=0 max|dx|=0 max|dy|=0.78 max|dw|=0 max|dh|=0
firefox case6                            n=15 pass=15 fail=0 max|dx|=0 max|dy|=0 max|dw|=0 max|dh|=0
firefox extra-resize                     n=1 pass=1 fail=0 max|dx|=0 max|dy|=0.78 max|dw|=0 max|dh|=0
webkit case1                             n=15 pass=15 fail=0 max|dx|=0 max|dy|=0.75 max|dw|=0 max|dh|=0
webkit case2-nested                      n=6 pass=6 fail=0 max|dx|=0 max|dy|=0.75 max|dw|=0 max|dh|=0
webkit case2-nested-rtl-scrolled         n=6 pass=6 fail=0 max|dx|=0 max|dy|=0.75 max|dw|=0 max|dh|=0
webkit case2-rtl                         n=15 pass=15 fail=0 max|dx|=0 max|dy|=0.75 max|dw|=0 max|dh|=0
webkit case2-scrolled                    n=15 pass=15 fail=0 max|dx|=0 max|dy|=0.75 max|dw|=0 max|dh|=0
webkit case3                             n=30 pass=30 fail=0 max|dx|=0 max|dy|=0.75 max|dw|=0 max|dh|=0
webkit case6                             n=15 pass=15 fail=0 max|dx|=0 max|dy|=0 max|dw|=0 max|dh|=0
webkit extra-resize                      n=1 pass=1 fail=0 max|dx|=0 max|dy|=0.75 max|dw|=0 max|dh|=0

# Selected observation lines
[chromium] case2-scrolled default html="zf-has-scroll is-reveal-open" top=-1000px clientWidth=640 innerWidth=640
[chromium] case2-scrolled default vp=640x800 dir=ltr scrollY=0 css=20,148.78,600,204.88 ref=20,148,600,204.88 d={"dx":0,"dy":0.78,"dw":0,"dh":0} PASS
[chromium] case2-scrolled default html="zf-has-scroll is-reveal-open" top=-1000px clientWidth=1024 innerWidth=1024
[chromium] case2-scrolled default vp=1024x800 dir=ltr scrollY=0 css=212,148.78,600,204.88 ref=212,148,600,204.88 d={"dx":0,"dy":0.78,"dw":0,"dh":0} PASS
[chromium] case2-scrolled default html="zf-has-scroll is-reveal-open" top=-1000px clientWidth=1440 innerWidth=1440
[chromium] case2-scrolled default vp=1440x900 dir=ltr scrollY=0 css=420,173.78,600,204.88 ref=420,173,600,204.88 d={"dx":0,"dy":0.78,"dw":0,"dh":0} PASS
[chromium] case3-rtl default h20 css=20,148.78,600,204.88 ref=444,148,600,204.88 d={"dx":-424,"dy":0.78,"dw":0,"dh":0} DIFFERENT css.x==hOffset:true
[chromium] case3-rtl default v50-h20 css=20,50,600,204.88 ref=444,50,600,204.88 d={"dx":-424,"dy":0,"dw":0,"dh":0} DIFFERENT css.x==hOffset:true
[chromium] case3-rtl without-overlay h20 css=20,148.78,600,204.88 ref=20,148,600,204.88 d={"dx":0,"dy":0.78,"dw":0,"dh":0} SAME css.x==hOffset:true
[chromium] case3-rtl without-overlay v50-h20 css=20,50,600,204.88 ref=20,50,600,204.88 d={"dx":0,"dy":0,"dw":0,"dh":0} SAME css.x==hOffset:true
[firefox] case2-scrolled default html="zf-has-scroll is-reveal-open" top=-1000px clientWidth=640 innerWidth=640
[firefox] case2-scrolled default vp=640x800 dir=ltr scrollY=0 css=20,148.78,600,204.87 ref=20,148,600,204.87 d={"dx":0,"dy":0.78,"dw":0,"dh":0} PASS
[firefox] case2-scrolled default html="zf-has-scroll is-reveal-open" top=-1000px clientWidth=1024 innerWidth=1024
[firefox] case2-scrolled default vp=1024x800 dir=ltr scrollY=0 css=212,148.78,600,204.87 ref=212,148,600,204.87 d={"dx":0,"dy":0.78,"dw":0,"dh":0} PASS
[firefox] case2-scrolled default html="zf-has-scroll is-reveal-open" top=-1000px clientWidth=1440 innerWidth=1440
[firefox] case2-scrolled default vp=1440x900 dir=ltr scrollY=0 css=420,173.78,600,204.87 ref=420,173,600,204.87 d={"dx":0,"dy":0.78,"dw":0,"dh":0} PASS
[firefox] case3-rtl default h20 css=20,148.78,600,204.87 ref=444,148,600,204.87 d={"dx":-424,"dy":0.78,"dw":0,"dh":0} DIFFERENT css.x==hOffset:true
[firefox] case3-rtl default v50-h20 css=20,50,600,204.87 ref=444,50,600,204.87 d={"dx":-424,"dy":0,"dw":0,"dh":0} DIFFERENT css.x==hOffset:true
[firefox] case3-rtl without-overlay h20 css=20,148.78,600,204.87 ref=20,148,600,204.87 d={"dx":0,"dy":0.78,"dw":0,"dh":0} SAME css.x==hOffset:true
[firefox] case3-rtl without-overlay v50-h20 css=20,50,600,204.87 ref=20,50,600,204.87 d={"dx":0,"dy":0,"dw":0,"dh":0} SAME css.x==hOffset:true
[webkit] case2-scrolled default html="zf-has-scroll is-reveal-open" top=-1000px clientWidth=640 innerWidth=640
[webkit] case2-scrolled default vp=640x800 dir=ltr scrollY=0 css=20,148.75,600,204.88 ref=20,148,600,204.88 d={"dx":0,"dy":0.75,"dw":0,"dh":0} PASS
[webkit] case2-scrolled default html="zf-has-scroll is-reveal-open" top=-1000px clientWidth=1024 innerWidth=1024
[webkit] case2-scrolled default vp=1024x800 dir=ltr scrollY=0 css=212,148.75,600,204.88 ref=212,148,600,204.88 d={"dx":0,"dy":0.75,"dw":0,"dh":0} PASS
[webkit] case2-scrolled default html="zf-has-scroll is-reveal-open" top=-1000px clientWidth=1440 innerWidth=1440
[webkit] case2-scrolled default vp=1440x900 dir=ltr scrollY=0 css=420,173.75,600,204.88 ref=420,173,600,204.88 d={"dx":0,"dy":0.75,"dw":0,"dh":0} PASS
[webkit] case3-rtl default h20 css=20,148.75,600,204.88 ref=444,148,600,204.88 d={"dx":-424,"dy":0.75,"dw":0,"dh":0} DIFFERENT css.x==hOffset:true
[webkit] case3-rtl default v50-h20 css=20,50,600,204.88 ref=444,50,600,204.88 d={"dx":-424,"dy":0,"dw":0,"dh":0} DIFFERENT css.x==hOffset:true
[webkit] case3-rtl without-overlay h20 css=20,148.75,600,204.88 ref=20,148,600,204.88 d={"dx":0,"dy":0.75,"dw":0,"dh":0} SAME css.x==hOffset:true
[webkit] case3-rtl without-overlay v50-h20 css=20,50,600,204.88 ref=20,50,600,204.88 d={"dx":0,"dy":0,"dw":0,"dh":0} SAME css.x==hOffset:true
[chromium] case4 dpr=1 y=137.5 (target .5) translate=0px -25% h=249.98 rule7-vs-integer={"differing":2342,"inkRows":35,"matched":35,"shifts":[1],"greyA":1215,"greyF":1215} layoutFractional-vs-integer={"differing":1696,"inkRows":35,"matched":35,"shifts":[0,1],"greyA":1215,"greyF":1215} blurControl=0/35 CRISP
[chromium] case4 dpr=1 y=137.75 (target .75) translate=0px -25% h=248.98 rule7-vs-integer={"differing":2342,"inkRows":35,"matched":35,"shifts":[1],"greyA":1215,"greyF":1215} layoutFractional-vs-integer={"differing":2342,"inkRows":35,"matched":35,"shifts":[1],"greyA":1215,"greyF":1215} blurControl=0/35 CRISP
[chromium] case4 dpr=1 y=137.25 (target .25) translate=0px -25% h=250.98 rule7-vs-integer={"differing":0,"inkRows":35,"matched":35,"shifts":[0],"greyA":1215,"greyF":1215} layoutFractional-vs-integer={"differing":1696,"inkRows":35,"matched":35,"shifts":[0,1],"greyA":1215,"greyF":1215} blurControl=0/35 CRISP
[chromium] case4 dpr=1.5 y=137.5 (target .5) translate=0px -25% h=249.98 rule7-vs-integer={"differing":3798,"inkRows":52,"matched":52,"shifts":[1],"greyA":1812,"greyF":1812} layoutFractional-vs-integer={"differing":3644,"inkRows":52,"matched":52,"shifts":[0,2],"greyA":1812,"greyF":1812} blurControl=0/52 CRISP
[chromium] case4 dpr=1.5 y=137.75 (target .75) translate=0px -25% h=248.98 rule7-vs-integer={"differing":3798,"inkRows":52,"matched":52,"shifts":[1],"greyA":1812,"greyF":1812} layoutFractional-vs-integer={"differing":5193,"inkRows":52,"matched":52,"shifts":[2],"greyA":1812,"greyF":1812} blurControl=0/52 CRISP
[chromium] case4 dpr=1.5 y=137.25 (target .25) translate=0px -25% h=250.98 rule7-vs-integer={"differing":0,"inkRows":52,"matched":52,"shifts":[0],"greyA":1812,"greyF":1812} layoutFractional-vs-integer={"differing":3644,"inkRows":52,"matched":52,"shifts":[0,2],"greyA":1812,"greyF":1812} blurControl=0/52 CRISP
[chromium] case4 dpr=2 y=137.5 (target .5) translate=0px -25% h=249.98 rule7-vs-integer={"differing":5136,"inkRows":70,"matched":70,"shifts":[1],"greyA":2644,"greyF":2644} layoutFractional-vs-integer={"differing":4902,"inkRows":70,"matched":70,"shifts":[0,2],"greyA":2644,"greyF":2644} blurControl=0/78 CRISP
[chromium] case4 dpr=2 y=137.75 (target .75) translate=0px -25% h=248.98 rule7-vs-integer={"differing":7157,"inkRows":70,"matched":70,"shifts":[2],"greyA":2644,"greyF":2644} layoutFractional-vs-integer={"differing":7157,"inkRows":70,"matched":70,"shifts":[2],"greyA":2644,"greyF":2644} blurControl=0/76 CRISP
[chromium] case4 dpr=2 y=137.25 (target .25) translate=0px -25% h=250.98 rule7-vs-integer={"differing":5136,"inkRows":70,"matched":70,"shifts":[1],"greyA":2644,"greyF":2644} layoutFractional-vs-integer={"differing":4902,"inkRows":70,"matched":70,"shifts":[0,2],"greyA":2644,"greyF":2644} blurControl=0/78 CRISP
[firefox] case4 dpr=1 y=137.5 (target .5) translate=0px -25% h=250 rule7-vs-integer={"differing":1892,"inkRows":35,"matched":35,"shifts":[1],"greyA":976,"greyF":976} layoutFractional-vs-integer={"differing":1892,"inkRows":35,"matched":35,"shifts":[1],"greyA":976,"greyF":976} blurControl=0/38 CRISP
[firefox] case4 dpr=1 y=137.75 (target .75) translate=0px -25% h=249 rule7-vs-integer={"differing":1892,"inkRows":35,"matched":35,"shifts":[1],"greyA":976,"greyF":976} layoutFractional-vs-integer={"differing":1892,"inkRows":35,"matched":35,"shifts":[1],"greyA":976,"greyF":976} blurControl=0/38 CRISP
[firefox] case4 dpr=1 y=137.25 (target .25) translate=0px -25% h=251 rule7-vs-integer={"differing":1892,"inkRows":35,"matched":35,"shifts":[1],"greyA":976,"greyF":976} layoutFractional-vs-integer={"differing":1892,"inkRows":35,"matched":35,"shifts":[1],"greyA":976,"greyF":976} blurControl=0/38 CRISP
[firefox] case4 dpr=1.5 y=137.5 (target .5) translate=0px -25% h=250 rule7-vs-integer={"differing":3052,"inkRows":52,"matched":52,"shifts":[1],"greyA":1771,"greyF":1771} layoutFractional-vs-integer={"differing":3052,"inkRows":52,"matched":52,"shifts":[1],"greyA":1771,"greyF":1771} blurControl=0/57 CRISP
[firefox] case4 dpr=1.5 y=137.75 (target .75) translate=0px -25% h=249 rule7-vs-integer={"differing":3052,"inkRows":52,"matched":52,"shifts":[1],"greyA":1771,"greyF":1771} layoutFractional-vs-integer={"differing":3052,"inkRows":52,"matched":52,"shifts":[1],"greyA":1771,"greyF":1771} blurControl=0/56 CRISP
[firefox] case4 dpr=1.5 y=137.25 (target .25) translate=0px -25% h=251 rule7-vs-integer={"differing":2079,"inkRows":52,"matched":52,"shifts":[0,1],"greyA":1771,"greyF":1771} layoutFractional-vs-integer={"differing":2079,"inkRows":52,"matched":52,"shifts":[0,1],"greyA":1771,"greyF":1771} blurControl=0/56 CRISP
[firefox] case4 dpr=2 y=137.5 (target .5) translate=0px -25% h=250 rule7-vs-integer={"differing":4128,"inkRows":70,"matched":70,"shifts":[1],"greyA":2380,"greyF":2380} layoutFractional-vs-integer={"differing":4128,"inkRows":70,"matched":70,"shifts":[1],"greyA":2380,"greyF":2380} blurControl=0/76 CRISP
[firefox] case4 dpr=2 y=137.75 (target .75) translate=0px -25% h=249 rule7-vs-integer={"differing":4128,"inkRows":70,"matched":70,"shifts":[1],"greyA":2380,"greyF":2380} layoutFractional-vs-integer={"differing":4128,"inkRows":70,"matched":70,"shifts":[1],"greyA":2380,"greyF":2380} blurControl=0/76 CRISP
[firefox] case4 dpr=2 y=137.25 (target .25) translate=0px -25% h=251 rule7-vs-integer={"differing":0,"inkRows":70,"matched":70,"shifts":[0],"greyA":2380,"greyF":2380} layoutFractional-vs-integer={"differing":0,"inkRows":70,"matched":70,"shifts":[0],"greyA":2380,"greyF":2380} blurControl=0/77 CRISP
[webkit] case4 dpr=1 y=137.5 (target .5) translate=0px -25% h=249.98 rule7-vs-integer={"differing":1896,"inkRows":35,"matched":35,"shifts":[1],"greyA":1150,"greyF":1150} layoutFractional-vs-integer={"differing":1896,"inkRows":35,"matched":35,"shifts":[1],"greyA":1150,"greyF":1150} blurControl=0/38 CRISP
[webkit] case4 dpr=1 y=137.75 (target .75) translate=0px -25% h=248.98 rule7-vs-integer={"differing":1896,"inkRows":35,"matched":35,"shifts":[1],"greyA":1150,"greyF":1150} layoutFractional-vs-integer={"differing":1896,"inkRows":35,"matched":35,"shifts":[1],"greyA":1150,"greyF":1150} blurControl=0/38 CRISP
[webkit] case4 dpr=1 y=137.25 (target .25) translate=0px -25% h=250.98 rule7-vs-integer={"differing":0,"inkRows":35,"matched":35,"shifts":[0],"greyA":1150,"greyF":1150} layoutFractional-vs-integer={"differing":1896,"inkRows":35,"matched":35,"shifts":[1],"greyA":1150,"greyF":1150} blurControl=0/38 CRISP
[webkit] case4 dpr=1.5 y=137.5 (target .5) translate=0px -25% h=249.98 rule7-vs-integer={"differing":3068,"inkRows":52,"matched":52,"shifts":[1],"greyA":1775,"greyF":1775} layoutFractional-vs-integer={"differing":3068,"inkRows":52,"matched":52,"shifts":[1],"greyA":1775,"greyF":1775} blurControl=0/57 CRISP
[webkit] case4 dpr=1.5 y=137.83 (target .75) translate=0px -25% h=248.98 rule7-vs-integer={"differing":3068,"inkRows":52,"matched":52,"shifts":[1],"greyA":1775,"greyF":1775} layoutFractional-vs-integer={"differing":3068,"inkRows":52,"matched":52,"shifts":[1],"greyA":1775,"greyF":1775} blurControl=0/57 CRISP
[webkit] case4 dpr=1.5 y=137.33 (target .25) translate=0px -25% h=250.98 rule7-vs-integer={"differing":3068,"inkRows":52,"matched":52,"shifts":[1],"greyA":1775,"greyF":1775} layoutFractional-vs-integer={"differing":3068,"inkRows":52,"matched":52,"shifts":[1],"greyA":1775,"greyF":1775} blurControl=0/57 CRISP
[webkit] case4 dpr=2 y=137.5 (target .5) translate=0px -25% h=249.98 rule7-vs-integer={"differing":4120,"inkRows":70,"matched":70,"shifts":[1],"greyA":2472,"greyF":2472} layoutFractional-vs-integer={"differing":4120,"inkRows":70,"matched":70,"shifts":[1],"greyA":2472,"greyF":2472} blurControl=0/76 CRISP
[webkit] case4 dpr=2 y=137.75 (target .75) translate=0px -25% h=248.98 rule7-vs-integer={"differing":5925,"inkRows":69,"matched":69,"shifts":[2],"greyA":2415,"greyF":2472} layoutFractional-vs-integer={"differing":4120,"inkRows":70,"matched":70,"shifts":[1],"greyA":2472,"greyF":2472} blurControl=0/76 CRISP
[webkit] case4 dpr=2 y=137.25 (target .25) translate=0px -25% h=250.98 rule7-vs-integer={"differing":4120,"inkRows":70,"matched":70,"shifts":[1],"greyA":2472,"greyF":2472} layoutFractional-vs-integer={"differing":0,"inkRows":70,"matched":70,"shifts":[0],"greyA":2472,"greyF":2472} blurControl=0/77 CRISP
[chromium] case5 nfs-slide-in-down vp=1024x800 ended=nfs-slide-in-down start=212,-56.09,600,204.88 (translate=0px -25% transform=matrix(1, 0, 0, 1, 0, -204.875)) mid=212,46.34,600,204.88 atEnd=212,148.78,600,204.88 (transform=matrix(1, 0, 0, 1, 0, 0)) rest=212,148.78,600,204.88 plain=212,148.78,600,204.88 ref=212,148,600,204.88 translateDuring=0px -25% PASS
[chromium] case5 nfs-spin-in vp=1024x800 ended=nfs-spin-in start=409.56,-48.78,204.88,600 (translate=0px -25% transform=matrix(0, 1, -1, 0, 0, 0)) mid=227.43,-33.35,569.13,569.13 atEnd=212,148.78,600,204.88 (transform=matrix(1, 0, 0, 1, 0, 0)) rest=212,148.78,600,204.88 plain=212,148.78,600,204.88 ref=212,148,600,204.88 translateDuring=0px -25% PASS
[chromium] case5 nfs-hinge-in-from-top vp=1024x800 ended=nfs-hinge-in-from-top start=212,148.78,600,0 (translate=0px -25% transform=matrix3d(1, 0, 0, 0, 0, 0, -1, 0.0005, 0, 1, 0, 0, 0, 0, 0, 1)) mid=212,148.78,600,135.08 atEnd=212,148.78,600,204.88 (transform=matrix3d(1, 0, 0, 0, 0, 1, 0, 0, 0, 0, 1, -0.0005, 0, 0, 0, 1)) rest=212,148.78,600,204.88 plain=212,148.78,600,204.88 ref=212,148,600,204.88 translateDuring=0px -25% PASS
[chromium] case5 nfs-scale-in-up vp=1024x800 ended=nfs-scale-in-up start=362,200,300,102.44 (translate=0px -25% transform=matrix(0.5, 0, 0, 0.5, 0, 0)) mid=287,174.39,450,153.66 atEnd=212,148.78,600,204.88 (transform=matrix(1, 0, 0, 1, 0, 0)) rest=212,148.78,600,204.88 plain=212,148.78,600,204.88 ref=212,148,600,204.88 translateDuring=0px -25% PASS
[chromium] case5 slide-in-down first frame y=-56.09 expected=-56.1
[chromium] case5 nfs-slide-in-down vp=1440x900 ended=nfs-slide-in-down start=420,-31.09,600,204.88 (translate=0px -25% transform=matrix(1, 0, 0, 1, 0, -204.875)) mid=420,71.34,600,204.88 atEnd=420,173.78,600,204.88 (transform=matrix(1, 0, 0, 1, 0, 0)) rest=420,173.78,600,204.88 plain=420,173.78,600,204.88 ref=420,173,600,204.88 translateDuring=0px -25% PASS
[chromium] case5 nfs-spin-in vp=1440x900 ended=nfs-spin-in start=617.56,-23.78,204.88,600 (translate=0px -25% transform=matrix(0, 1, -1, 0, 0, 0)) mid=435.43,-8.35,569.13,569.13 atEnd=420,173.78,600,204.88 (transform=matrix(1, 0, 0, 1, 0, 0)) rest=420,173.78,600,204.88 plain=420,173.78,600,204.88 ref=420,173,600,204.88 translateDuring=0px -25% PASS
[chromium] case5 nfs-hinge-in-from-top vp=1440x900 ended=nfs-hinge-in-from-top start=420,173.78,600,0 (translate=0px -25% transform=matrix3d(1, 0, 0, 0, 0, 0, -1, 0.0005, 0, 1, 0, 0, 0, 0, 0, 1)) mid=420,173.78,600,135.08 atEnd=420,173.78,600,204.88 (transform=matrix3d(1, 0, 0, 0, 0, 1, 0, 0, 0, 0, 1, -0.0005, 0, 0, 0, 1)) rest=420,173.78,600,204.88 plain=420,173.78,600,204.88 ref=420,173,600,204.88 translateDuring=0px -25% PASS
[chromium] case5 nfs-scale-in-up vp=1440x900 ended=nfs-scale-in-up start=570,225,300,102.44 (translate=0px -25% transform=matrix(0.5, 0, 0, 0.5, 0, 0)) mid=495,199.39,450,153.66 atEnd=420,173.78,600,204.88 (transform=matrix(1, 0, 0, 1, 0, 0)) rest=420,173.78,600,204.88 plain=420,173.78,600,204.88 ref=420,173,600,204.88 translateDuring=0px -25% PASS
[chromium] case5 slide-in-down first frame y=-31.09 expected=-31.1
[chromium] case6-numeric {"v":50,"h":20} vp=320x800 css=0,0,320,800 ref=20,50,320,800 (Foundation's inline top/left)
[chromium] case6-numeric {"v":50,"h":20} vp=639x800 css=0,0,639,800 ref=20,50,639,800 (Foundation's inline top/left)
[chromium] case6-numeric {"v":50,"h":20,"size":"full"} vp=1024x800 css=0,0,1024,800 ref=20,50,1024,800 (Foundation's inline top/left)
[chromium] case7 vp=1024x800 natural=400 mode=css css=212,100,600,399.98 ref=212,100,600,399.98 d={"dx":0,"dy":0,"dw":0,"dh":0} maxHeight=calc(100% - (2 * min(100px, 10%))) top=200px position=PASS box=SAME bottomGap=300.02
[chromium] case7 vp=1024x800 natural=400 mode=port-offset css=212,100,600,399.98 ref=212,100,600,399.98 d={"dx":0,"dy":0,"dw":0,"dh":0} maxHeight=calc(100% - (2 * min(100px, 10%))) top=100px position=PASS box=SAME bottomGap=300.02
[chromium] case7 vp=1024x800 natural=400 mode=port-natural css=212,100,600,399.98 ref=212,100,600,399.98 d={"dx":0,"dy":0,"dw":0,"dh":0} maxHeight=calc(100% - 200px) top=100px position=PASS box=SAME bottomGap=300.02
[chromium] case7 vp=1024x800 natural=600 mode=css css=212,50,600,599.98 ref=212,50,600,599.98 d={"dx":0,"dy":0,"dw":0,"dh":0} maxHeight=calc(100% - (2 * min(100px, 10%))) top=200px position=PASS box=SAME bottomGap=150.02
[chromium] case7 vp=1024x800 natural=600 mode=port-offset css=212,50,600,599.98 ref=212,50,600,599.98 d={"dx":0,"dy":0,"dw":0,"dh":0} maxHeight=calc(100% - (2 * min(100px, 10%))) top=50px position=PASS box=SAME bottomGap=150.02
[chromium] case7 vp=1024x800 natural=600 mode=port-natural css=212,50,600,599.98 ref=212,50,600,599.98 d={"dx":0,"dy":0,"dw":0,"dh":0} maxHeight=calc(100% - 100px) top=50px position=PASS box=SAME bottomGap=150.02
[chromium] case7 vp=1024x800 natural=700 mode=css css=212,40,600,640 ref=212,25,600,699.98 d={"dx":0,"dy":15,"dw":0,"dh":-59.98} maxHeight=calc(100% - (2 * min(100px, 10%))) top=200px position=FAIL box=DIFFERENT bottomGap=120
[chromium] case7 vp=1024x800 natural=700 mode=port-offset css=212,40,600,640 ref=212,25,600,699.98 d={"dx":0,"dy":15,"dw":0,"dh":-59.98} maxHeight=calc(100% - (2 * min(100px, 10%))) top=40px position=FAIL box=DIFFERENT bottomGap=120
[chromium] case7 vp=1024x800 natural=700 mode=port-natural css=212,25,600,699.98 ref=212,25,600,699.98 d={"dx":0,"dy":0,"dw":0,"dh":0} maxHeight=calc(100% - 50px) top=25px position=PASS box=SAME bottomGap=75.02
[chromium] case7 vp=1024x800 natural=790 mode=css css=212,40,600,640 ref=212,2,600,789.98 d={"dx":0,"dy":38,"dw":0,"dh":-149.98} maxHeight=calc(100% - (2 * min(100px, 10%))) top=200px position=FAIL box=DIFFERENT bottomGap=120
[chromium] case7 vp=1024x800 natural=790 mode=port-offset css=212,40,600,640 ref=212,2,600,789.98 d={"dx":0,"dy":38,"dw":0,"dh":-149.98} maxHeight=calc(100% - (2 * min(100px, 10%))) top=40px position=FAIL box=DIFFERENT bottomGap=120
[chromium] case7 vp=1024x800 natural=790 mode=port-natural css=212,2,600,789.98 ref=212,2,600,789.98 d={"dx":0,"dy":0,"dw":0,"dh":0} maxHeight=calc(100% - 4px) top=2px position=PASS box=SAME bottomGap=8.02
[chromium] case7 vp=1024x800 natural=1000 mode=css css=212,40,600,640 ref=212,80,600,999.98 d={"dx":0,"dy":-40,"dw":0,"dh":-359.98} maxHeight=calc(100% - (2 * min(100px, 10%))) top=200px position=FAIL box=DIFFERENT bottomGap=120
[chromium] case7 vp=1024x800 natural=1000 mode=port-offset css=212,40,600,640 ref=212,80,600,999.98 d={"dx":0,"dy":-40,"dw":0,"dh":-359.98} maxHeight=calc(100% - (2 * min(100px, 10%))) top=40px position=FAIL box=DIFFERENT bottomGap=120
[chromium] case7 vp=1024x800 natural=1000 mode=port-natural css=212,80,600,640 ref=212,80,600,999.98 d={"dx":0,"dy":0,"dw":0,"dh":-359.98} maxHeight=calc(100% - 160px) top=80px position=PASS box=DIFFERENT bottomGap=80
[chromium] case7 vp=1024x800 natural=1600 mode=css css=212,40,600,640 ref=212,80,600,1599.98 d={"dx":0,"dy":-40,"dw":0,"dh":-959.98} maxHeight=calc(100% - (2 * min(100px, 10%))) top=200px position=FAIL box=DIFFERENT bottomGap=120
[chromium] case7 vp=1024x800 natural=1600 mode=port-offset css=212,40,600,640 ref=212,80,600,1599.98 d={"dx":0,"dy":-40,"dw":0,"dh":-959.98} maxHeight=calc(100% - (2 * min(100px, 10%))) top=40px position=FAIL box=DIFFERENT bottomGap=120
[chromium] case7 vp=1024x800 natural=1600 mode=port-natural css=212,80,600,640 ref=212,80,600,1599.98 d={"dx":0,"dy":0,"dw":0,"dh":-959.98} maxHeight=calc(100% - 160px) top=80px position=PASS box=DIFFERENT bottomGap=80
[chromium] case7 vp=1440x900 natural=400 mode=css css=420,125,600,399.98 ref=420,125,600,399.98 d={"dx":0,"dy":0,"dw":0,"dh":0} maxHeight=calc(100% - (2 * min(100px, 10%))) top=225px position=PASS box=SAME bottomGap=375.02
[chromium] case7 vp=1440x900 natural=400 mode=port-offset css=420,125,600,399.98 ref=420,125,600,399.98 d={"dx":0,"dy":0,"dw":0,"dh":0} maxHeight=calc(100% - (2 * min(100px, 10%))) top=125px position=PASS box=SAME bottomGap=375.02
[chromium] case7 vp=1440x900 natural=400 mode=port-natural css=420,125,600,399.98 ref=420,125,600,399.98 d={"dx":0,"dy":0,"dw":0,"dh":0} maxHeight=calc(100% - 250px) top=125px position=PASS box=SAME bottomGap=375.02
[chromium] case7 vp=1440x900 natural=600 mode=css css=420,75,600,599.98 ref=420,75,600,599.98 d={"dx":0,"dy":0,"dw":0,"dh":0} maxHeight=calc(100% - (2 * min(100px, 10%))) top=225px position=PASS box=SAME bottomGap=225.02
[chromium] case7 vp=1440x900 natural=600 mode=port-offset css=420,75,600,599.98 ref=420,75,600,599.98 d={"dx":0,"dy":0,"dw":0,"dh":0} maxHeight=calc(100% - (2 * min(100px, 10%))) top=75px position=PASS box=SAME bottomGap=225.02
[chromium] case7 vp=1440x900 natural=600 mode=port-natural css=420,75,600,599.98 ref=420,75,600,599.98 d={"dx":0,"dy":0,"dw":0,"dh":0} maxHeight=calc(100% - 150px) top=75px position=PASS box=SAME bottomGap=225.02
[chromium] case7 vp=1440x900 natural=700 mode=css css=420,50,600,699.98 ref=420,50,600,699.98 d={"dx":0,"dy":0,"dw":0,"dh":0} maxHeight=calc(100% - (2 * min(100px, 10%))) top=225px position=PASS box=SAME bottomGap=150.02
[chromium] case7 vp=1440x900 natural=700 mode=port-offset css=420,50,600,699.98 ref=420,50,600,699.98 d={"dx":0,"dy":0,"dw":0,"dh":0} maxHeight=calc(100% - (2 * min(100px, 10%))) top=50px position=PASS box=SAME bottomGap=150.02
[chromium] case7 vp=1440x900 natural=700 mode=port-natural css=420,50,600,699.98 ref=420,50,600,699.98 d={"dx":0,"dy":0,"dw":0,"dh":0} maxHeight=calc(100% - 100px) top=50px position=PASS box=SAME bottomGap=150.02
[chromium] case7 vp=1440x900 natural=790 mode=css css=420,45,600,720 ref=420,27,600,789.98 d={"dx":0,"dy":18,"dw":0,"dh":-69.98} maxHeight=calc(100% - (2 * min(100px, 10%))) top=225px position=FAIL box=DIFFERENT bottomGap=135
[chromium] case7 vp=1440x900 natural=790 mode=port-offset css=420,45,600,720 ref=420,27,600,789.98 d={"dx":0,"dy":18,"dw":0,"dh":-69.98} maxHeight=calc(100% - (2 * min(100px, 10%))) top=45px position=FAIL box=DIFFERENT bottomGap=135
[chromium] case7 vp=1440x900 natural=790 mode=port-natural css=420,27,600,789.98 ref=420,27,600,789.98 d={"dx":0,"dy":0,"dw":0,"dh":0} maxHeight=calc(100% - 54px) top=27px position=PASS box=SAME bottomGap=83.02
[chromium] case7 vp=1440x900 natural=1000 mode=css css=420,45,600,720 ref=420,90,600,999.98 d={"dx":0,"dy":-45,"dw":0,"dh":-279.98} maxHeight=calc(100% - (2 * min(100px, 10%))) top=225px position=FAIL box=DIFFERENT bottomGap=135
[chromium] case7 vp=1440x900 natural=1000 mode=port-offset css=420,45,600,720 ref=420,90,600,999.98 d={"dx":0,"dy":-45,"dw":0,"dh":-279.98} maxHeight=calc(100% - (2 * min(100px, 10%))) top=45px position=FAIL box=DIFFERENT bottomGap=135
[chromium] case7 vp=1440x900 natural=1000 mode=port-natural css=420,90,600,720 ref=420,90,600,999.98 d={"dx":0,"dy":0,"dw":0,"dh":-279.98} maxHeight=calc(100% - 180px) top=90px position=PASS box=DIFFERENT bottomGap=90
[chromium] case7 vp=1440x900 natural=1600 mode=css css=420,45,600,720 ref=420,90,600,1599.98 d={"dx":0,"dy":-45,"dw":0,"dh":-879.98} maxHeight=calc(100% - (2 * min(100px, 10%))) top=225px position=FAIL box=DIFFERENT bottomGap=135
[chromium] case7 vp=1440x900 natural=1600 mode=port-offset css=420,45,600,720 ref=420,90,600,1599.98 d={"dx":0,"dy":-45,"dw":0,"dh":-879.98} maxHeight=calc(100% - (2 * min(100px, 10%))) top=45px position=FAIL box=DIFFERENT bottomGap=135
[chromium] case7 vp=1440x900 natural=1600 mode=port-natural css=420,90,600,720 ref=420,90,600,1599.98 d={"dx":0,"dy":0,"dw":0,"dh":-879.98} maxHeight=calc(100% - 180px) top=90px position=PASS box=DIFFERENT bottomGap=90
[chromium] extra-resize 1024x800->1440x900 vp=1440x900 dir=ltr scrollY=0 css=420,173.78,600,204.88 ref=420,173,600,204.88 d={"dx":0,"dy":0.78,"dw":0,"dh":0} PASS
[chromium] extra-content +120px css before=420,173.78,600,204.88 after=420,143.78,600,324.88 expectedY=143.78 ref after=420,173,600,204.88 (Foundation does not re-place on content change)
[chromium] extra-ssr <dialog nfsrevealoffsets="" id="css" aria-labelledby="css-title" class="reveal" style="--nfs-reveal-top: 50px; --nfs-reveal-shift: 0px; --nfs-reveal-left: 20px;">
[chromium] extra-ssr auto <dialog nfsrevealoffsets="" id="css" aria-labelledby="css-title" class="reveal">
[firefox] case5 nfs-slide-in-down vp=1024x800 ended=nfs-slide-in-down start=212,-56.08,600,204.87 (translate=0px -25% transform=matrix(1, 0, 0, 1, 0, -204.867)) mid=212,46.35,600,204.87 atEnd=212,148.78,600,204.87 (transform=matrix(1, 0, 0, 1, 0, 0)) rest=212,148.78,600,204.87 plain=212,148.78,600,204.87 ref=212,148,600,204.87 translateDuring=0px -25% PASS
[firefox] case5 nfs-spin-in vp=1024x800 ended=nfs-spin-in start=409.57,-48.78,204.87,600 (translate=0px -25% transform=matrix(0, 1, -1, 0, 0, 0)) mid=227.43,-33.35,569.13,569.13 atEnd=212,148.78,600,204.87 (transform=matrix(1, 0, 0, 1, 0, 0)) rest=212,148.78,600,204.87 plain=212,148.78,600,204.87 ref=212,148,600,204.87 translateDuring=0px -25% PASS
[firefox] case5 nfs-hinge-in-from-top vp=1024x800 ended=nfs-hinge-in-from-top start=212,148.78,600,0 (translate=0px -25% transform=matrix3d(1, 0, 0, 0, 0, 0, -1, 0.0005, 0, 1, 0, 0, 0, 0, 0, 1)) mid=212,148.78,600,135.08 atEnd=212,148.78,600,204.87 (transform=matrix3d(1, 0, 0, 0, 0, 1, 0, 0, 0, 0, 1, -0.0005, 0, 0, 0, 1)) rest=212,148.78,600,204.87 plain=212,148.78,600,204.87 ref=212,148,600,204.87 translateDuring=0px -25% PASS
[firefox] case5 nfs-scale-in-up vp=1024x800 ended=nfs-scale-in-up start=362,200,300,102.43 (translate=0px -25% transform=matrix(0.5, 0, 0, 0.5, 0, 0)) mid=287,174.4,450,153.65 atEnd=212,148.78,600,204.87 (transform=matrix(1, 0, 0, 1, 0, 0)) rest=212,148.78,600,204.87 plain=212,148.78,600,204.87 ref=212,148,600,204.87 translateDuring=0px -25% PASS
[firefox] case5 slide-in-down first frame y=-56.08 expected=-56.09
[firefox] case5 nfs-slide-in-down vp=1440x900 ended=nfs-slide-in-down start=420,-31.08,600,204.87 (translate=0px -25% transform=matrix(1, 0, 0, 1, 0, -204.867)) mid=420,71.35,600,204.87 atEnd=420,173.78,600,204.87 (transform=matrix(1, 0, 0, 1, 0, 0)) rest=420,173.78,600,204.87 plain=420,173.78,600,204.87 ref=420,173,600,204.87 translateDuring=0px -25% PASS
[firefox] case5 nfs-spin-in vp=1440x900 ended=nfs-spin-in start=617.57,-23.78,204.87,600 (translate=0px -25% transform=matrix(0, 1, -1, 0, 0, 0)) mid=435.43,-8.35,569.13,569.13 atEnd=420,173.78,600,204.87 (transform=matrix(1, 0, 0, 1, 0, 0)) rest=420,173.78,600,204.87 plain=420,173.78,600,204.87 ref=420,173,600,204.87 translateDuring=0px -25% PASS
[firefox] case5 nfs-hinge-in-from-top vp=1440x900 ended=nfs-hinge-in-from-top start=420,173.78,600,0 (translate=0px -25% transform=matrix3d(1, 0, 0, 0, 0, 0, -1, 0.0005, 0, 1, 0, 0, 0, 0, 0, 1)) mid=420,173.78,600,135.08 atEnd=420,173.78,600,204.87 (transform=matrix3d(1, 0, 0, 0, 0, 1, 0, 0, 0, 0, 1, -0.0005, 0, 0, 0, 1)) rest=420,173.78,600,204.87 plain=420,173.78,600,204.87 ref=420,173,600,204.87 translateDuring=0px -25% PASS
[firefox] case5 nfs-scale-in-up vp=1440x900 ended=nfs-scale-in-up start=570,225,300,102.43 (translate=0px -25% transform=matrix(0.5, 0, 0, 0.5, 0, 0)) mid=495,199.4,450,153.65 atEnd=420,173.78,600,204.87 (transform=matrix(1, 0, 0, 1, 0, 0)) rest=420,173.78,600,204.87 plain=420,173.78,600,204.87 ref=420,173,600,204.87 translateDuring=0px -25% PASS
[firefox] case5 slide-in-down first frame y=-31.08 expected=-31.09
[firefox] case6-numeric {"v":50,"h":20} vp=320x800 css=0,0,320,800 ref=20,50,320,800 (Foundation's inline top/left)
[firefox] case6-numeric {"v":50,"h":20} vp=639x800 css=0,0,639,800 ref=20,50,639,800 (Foundation's inline top/left)
[firefox] case6-numeric {"v":50,"h":20,"size":"full"} vp=1024x800 css=0,0,1024,800 ref=20,50,1024,800 (Foundation's inline top/left)
[firefox] case7 vp=1024x800 natural=400 mode=css css=212,100,600,400 ref=212,100,600,400 d={"dx":0,"dy":0,"dw":0,"dh":0} maxHeight=calc(100% - (2 * min(100px, 10%))) top=200px position=PASS box=SAME bottomGap=300
[firefox] case7 vp=1024x800 natural=400 mode=port-offset css=212,100,600,400 ref=212,100,600,400 d={"dx":0,"dy":0,"dw":0,"dh":0} maxHeight=calc(100% - (2 * min(100px, 10%))) top=100px position=PASS box=SAME bottomGap=300
[firefox] case7 vp=1024x800 natural=400 mode=port-natural css=212,100,600,400 ref=212,100,600,400 d={"dx":0,"dy":0,"dw":0,"dh":0} maxHeight=calc(100% - 200px) top=100px position=PASS box=SAME bottomGap=300
[firefox] case7 vp=1024x800 natural=600 mode=css css=212,50,600,600 ref=212,50,600,600 d={"dx":0,"dy":0,"dw":0,"dh":0} maxHeight=calc(100% - (2 * min(100px, 10%))) top=200px position=PASS box=SAME bottomGap=150
[firefox] case7 vp=1024x800 natural=600 mode=port-offset css=212,50,600,600 ref=212,50,600,600 d={"dx":0,"dy":0,"dw":0,"dh":0} maxHeight=calc(100% - (2 * min(100px, 10%))) top=50px position=PASS box=SAME bottomGap=150
[firefox] case7 vp=1024x800 natural=600 mode=port-natural css=212,50,600,600 ref=212,50,600,600 d={"dx":0,"dy":0,"dw":0,"dh":0} maxHeight=calc(100% - 100px) top=50px position=PASS box=SAME bottomGap=150
[firefox] case7 vp=1024x800 natural=700 mode=css css=212,40,600,640 ref=212,25,600,700 d={"dx":0,"dy":15,"dw":0,"dh":-60} maxHeight=calc(100% - (2 * min(100px, 10%))) top=200px position=FAIL box=DIFFERENT bottomGap=120
[firefox] case7 vp=1024x800 natural=700 mode=port-offset css=212,40,600,640 ref=212,25,600,700 d={"dx":0,"dy":15,"dw":0,"dh":-60} maxHeight=calc(100% - (2 * min(100px, 10%))) top=40px position=FAIL box=DIFFERENT bottomGap=120
[firefox] case7 vp=1024x800 natural=700 mode=port-natural css=212,25,600,700 ref=212,25,600,700 d={"dx":0,"dy":0,"dw":0,"dh":0} maxHeight=calc(100% - 50px) top=25px position=PASS box=SAME bottomGap=75
[firefox] case7 vp=1024x800 natural=790 mode=css css=212,40,600,640 ref=212,2,600,790 d={"dx":0,"dy":38,"dw":0,"dh":-150} maxHeight=calc(100% - (2 * min(100px, 10%))) top=200px position=FAIL box=DIFFERENT bottomGap=120
[firefox] case7 vp=1024x800 natural=790 mode=port-offset css=212,40,600,640 ref=212,2,600,790 d={"dx":0,"dy":38,"dw":0,"dh":-150} maxHeight=calc(100% - (2 * min(100px, 10%))) top=40px position=FAIL box=DIFFERENT bottomGap=120
[firefox] case7 vp=1024x800 natural=790 mode=port-natural css=212,2,600,790 ref=212,2,600,790 d={"dx":0,"dy":0,"dw":0,"dh":0} maxHeight=calc(100% - 4px) top=2px position=PASS box=SAME bottomGap=8
[firefox] case7 vp=1024x800 natural=1000 mode=css css=212,40,600,640 ref=212,80,600,1000 d={"dx":0,"dy":-40,"dw":0,"dh":-360} maxHeight=calc(100% - (2 * min(100px, 10%))) top=200px position=FAIL box=DIFFERENT bottomGap=120
[firefox] case7 vp=1024x800 natural=1000 mode=port-offset css=212,40,600,640 ref=212,80,600,1000 d={"dx":0,"dy":-40,"dw":0,"dh":-360} maxHeight=calc(100% - (2 * min(100px, 10%))) top=40px position=FAIL box=DIFFERENT bottomGap=120
[firefox] case7 vp=1024x800 natural=1000 mode=port-natural css=212,80,600,640 ref=212,80,600,1000 d={"dx":0,"dy":0,"dw":0,"dh":-360} maxHeight=calc(100% - 160px) top=80px position=PASS box=DIFFERENT bottomGap=80
[firefox] case7 vp=1024x800 natural=1600 mode=css css=212,40,600,640 ref=212,80,600,1600 d={"dx":0,"dy":-40,"dw":0,"dh":-960} maxHeight=calc(100% - (2 * min(100px, 10%))) top=200px position=FAIL box=DIFFERENT bottomGap=120
[firefox] case7 vp=1024x800 natural=1600 mode=port-offset css=212,40,600,640 ref=212,80,600,1600 d={"dx":0,"dy":-40,"dw":0,"dh":-960} maxHeight=calc(100% - (2 * min(100px, 10%))) top=40px position=FAIL box=DIFFERENT bottomGap=120
[firefox] case7 vp=1024x800 natural=1600 mode=port-natural css=212,80,600,640 ref=212,80,600,1600 d={"dx":0,"dy":0,"dw":0,"dh":-960} maxHeight=calc(100% - 160px) top=80px position=PASS box=DIFFERENT bottomGap=80
[firefox] case7 vp=1440x900 natural=400 mode=css css=420,125,600,400 ref=420,125,600,400 d={"dx":0,"dy":0,"dw":0,"dh":0} maxHeight=calc(100% - (2 * min(100px, 10%))) top=225px position=PASS box=SAME bottomGap=375
[firefox] case7 vp=1440x900 natural=400 mode=port-offset css=420,125,600,400 ref=420,125,600,400 d={"dx":0,"dy":0,"dw":0,"dh":0} maxHeight=calc(100% - (2 * min(100px, 10%))) top=125px position=PASS box=SAME bottomGap=375
[firefox] case7 vp=1440x900 natural=400 mode=port-natural css=420,125,600,400 ref=420,125,600,400 d={"dx":0,"dy":0,"dw":0,"dh":0} maxHeight=calc(100% - 250px) top=125px position=PASS box=SAME bottomGap=375
[firefox] case7 vp=1440x900 natural=600 mode=css css=420,75,600,600 ref=420,75,600,600 d={"dx":0,"dy":0,"dw":0,"dh":0} maxHeight=calc(100% - (2 * min(100px, 10%))) top=225px position=PASS box=SAME bottomGap=225
[firefox] case7 vp=1440x900 natural=600 mode=port-offset css=420,75,600,600 ref=420,75,600,600 d={"dx":0,"dy":0,"dw":0,"dh":0} maxHeight=calc(100% - (2 * min(100px, 10%))) top=75px position=PASS box=SAME bottomGap=225
[firefox] case7 vp=1440x900 natural=600 mode=port-natural css=420,75,600,600 ref=420,75,600,600 d={"dx":0,"dy":0,"dw":0,"dh":0} maxHeight=calc(100% - 150px) top=75px position=PASS box=SAME bottomGap=225
[firefox] case7 vp=1440x900 natural=700 mode=css css=420,50,600,700 ref=420,50,600,700 d={"dx":0,"dy":0,"dw":0,"dh":0} maxHeight=calc(100% - (2 * min(100px, 10%))) top=225px position=PASS box=SAME bottomGap=150
[firefox] case7 vp=1440x900 natural=700 mode=port-offset css=420,50,600,700 ref=420,50,600,700 d={"dx":0,"dy":0,"dw":0,"dh":0} maxHeight=calc(100% - (2 * min(100px, 10%))) top=50px position=PASS box=SAME bottomGap=150
[firefox] case7 vp=1440x900 natural=700 mode=port-natural css=420,50,600,700 ref=420,50,600,700 d={"dx":0,"dy":0,"dw":0,"dh":0} maxHeight=calc(100% - 100px) top=50px position=PASS box=SAME bottomGap=150
[firefox] case7 vp=1440x900 natural=790 mode=css css=420,45,600,720 ref=420,27,600,790 d={"dx":0,"dy":18,"dw":0,"dh":-70} maxHeight=calc(100% - (2 * min(100px, 10%))) top=225px position=FAIL box=DIFFERENT bottomGap=135
[firefox] case7 vp=1440x900 natural=790 mode=port-offset css=420,45,600,720 ref=420,27,600,790 d={"dx":0,"dy":18,"dw":0,"dh":-70} maxHeight=calc(100% - (2 * min(100px, 10%))) top=45px position=FAIL box=DIFFERENT bottomGap=135
[firefox] case7 vp=1440x900 natural=790 mode=port-natural css=420,27,600,790 ref=420,27,600,790 d={"dx":0,"dy":0,"dw":0,"dh":0} maxHeight=calc(100% - 54px) top=27px position=PASS box=SAME bottomGap=83
[firefox] case7 vp=1440x900 natural=1000 mode=css css=420,45,600,720 ref=420,90,600,1000 d={"dx":0,"dy":-45,"dw":0,"dh":-280} maxHeight=calc(100% - (2 * min(100px, 10%))) top=225px position=FAIL box=DIFFERENT bottomGap=135
[firefox] case7 vp=1440x900 natural=1000 mode=port-offset css=420,45,600,720 ref=420,90,600,1000 d={"dx":0,"dy":-45,"dw":0,"dh":-280} maxHeight=calc(100% - (2 * min(100px, 10%))) top=45px position=FAIL box=DIFFERENT bottomGap=135
[firefox] case7 vp=1440x900 natural=1000 mode=port-natural css=420,90,600,720 ref=420,90,600,1000 d={"dx":0,"dy":0,"dw":0,"dh":-280} maxHeight=calc(100% - 180px) top=90px position=PASS box=DIFFERENT bottomGap=90
[firefox] case7 vp=1440x900 natural=1600 mode=css css=420,45,600,720 ref=420,90,600,1600 d={"dx":0,"dy":-45,"dw":0,"dh":-880} maxHeight=calc(100% - (2 * min(100px, 10%))) top=225px position=FAIL box=DIFFERENT bottomGap=135
[firefox] case7 vp=1440x900 natural=1600 mode=port-offset css=420,45,600,720 ref=420,90,600,1600 d={"dx":0,"dy":-45,"dw":0,"dh":-880} maxHeight=calc(100% - (2 * min(100px, 10%))) top=45px position=FAIL box=DIFFERENT bottomGap=135
[firefox] case7 vp=1440x900 natural=1600 mode=port-natural css=420,90,600,720 ref=420,90,600,1600 d={"dx":0,"dy":0,"dw":0,"dh":-880} maxHeight=calc(100% - 180px) top=90px position=PASS box=DIFFERENT bottomGap=90
[firefox] extra-resize 1024x800->1440x900 vp=1440x900 dir=ltr scrollY=0 css=420,173.78,600,204.87 ref=420,173,600,204.87 d={"dx":0,"dy":0.78,"dw":0,"dh":0} PASS
[firefox] extra-content +120px css before=420,173.78,600,204.87 after=420,143.78,600,324.87 expectedY=143.78 ref after=420,173,600,204.87 (Foundation does not re-place on content change)
[firefox] extra-ssr <dialog nfsrevealoffsets="" id="css" aria-labelledby="css-title" class="reveal" style="--nfs-reveal-top: 50px; --nfs-reveal-shift: 0px; --nfs-reveal-left: 20px;">
[firefox] extra-ssr auto <dialog nfsrevealoffsets="" id="css" aria-labelledby="css-title" class="reveal">
[webkit] case5 nfs-slide-in-down vp=1024x800 ended=nfs-slide-in-down start=212,-56.25,600,204.88 (translate=0px -25% transform=matrix(1, 0, 0, 1, 0, -204.875)) mid=212,46.25,600,204.88 atEnd=212,148.75,600,204.88 (transform=matrix(1, 0, 0, 1, 0, 0)) rest=212,148.75,600,204.88 plain=212,148.75,600,204.88 ref=212,148,600,204.88 translateDuring=0px -25% PASS
[webkit] case5 nfs-spin-in vp=1024x800 ended=nfs-spin-in start=409.63,-48.75,204.88,600 (translate=0px -25% transform=matrix(0, 1, -1, 0, 0, 0)) mid=227.39,-33.27,569.13,569.13 atEnd=212,148.75,600,204.88 (transform=matrix(1, 0, 0, 1, 0, 0)) rest=212,148.75,600,204.88 plain=212,148.75,600,204.88 ref=212,148,600,204.88 translateDuring=0px -25% PASS
[webkit] case5 nfs-hinge-in-from-top vp=1024x800 ended=nfs-hinge-in-from-top start=212,143.5,630.73,5.25 (translate=0px -25% transform=matrix3d(1, 0, 0, 0, 0, 0, -1, 0.0005, 0, 1, 0, 0, 0, 0, 0, 1)) mid=212,148.75,621.73,141.16 atEnd=212,148.75,600,204.88 (transform=matrix3d(1, 0, 0, 0, 0, 1, 0, 0, 0, 0, 1, -0.0005, 0, 0, 0, 1)) rest=212,148.75,600,204.88 plain=212,148.75,600,204.88 ref=212,148,600,204.88 translateDuring=0px -25% PASS
[webkit] case5 nfs-scale-in-up vp=1024x800 ended=nfs-scale-in-up start=362,200,300,102.44 (translate=0px -25% transform=matrix(0.5, 0, 0, 0.5, 0, 0)) mid=287,174.38,450,153.66 atEnd=212,148.75,600,204.88 (transform=matrix(1, 0, 0, 1, 0, 0)) rest=212,148.75,600,204.88 plain=212,148.75,600,204.88 ref=212,148,600,204.88 translateDuring=0px -25% PASS
[webkit] case5 slide-in-down first frame y=-56.25 expected=-56.13
[webkit] case5 nfs-slide-in-down vp=1440x900 ended=nfs-slide-in-down start=420,-31.25,600,204.88 (translate=0px -25% transform=matrix(1, 0, 0, 1, 0, -204.875)) mid=420,71.25,600,204.88 atEnd=420,173.75,600,204.88 (transform=matrix(1, 0, 0, 1, 0, 0)) rest=420,173.75,600,204.88 plain=420,173.75,600,204.88 ref=420,173,600,204.88 translateDuring=0px -25% PASS
[webkit] case5 nfs-spin-in vp=1440x900 ended=nfs-spin-in start=617.63,-23.75,204.88,600 (translate=0px -25% transform=matrix(0, 1, -1, 0, 0, 0)) mid=435.39,-8.27,569.13,569.13 atEnd=420,173.75,600,204.88 (transform=matrix(1, 0, 0, 1, 0, 0)) rest=420,173.75,600,204.88 plain=420,173.75,600,204.88 ref=420,173,600,204.88 translateDuring=0px -25% PASS
[webkit] case5 nfs-hinge-in-from-top vp=1440x900 ended=nfs-hinge-in-from-top start=420,168.5,630.73,5.25 (translate=0px -25% transform=matrix3d(1, 0, 0, 0, 0, 0, -1, 0.0005, 0, 1, 0, 0, 0, 0, 0, 1)) mid=420,173.75,621.73,141.16 atEnd=420,173.75,600,204.88 (transform=matrix3d(1, 0, 0, 0, 0, 1, 0, 0, 0, 0, 1, -0.0005, 0, 0, 0, 1)) rest=420,173.75,600,204.88 plain=420,173.75,600,204.88 ref=420,173,600,204.88 translateDuring=0px -25% PASS
[webkit] case5 nfs-scale-in-up vp=1440x900 ended=nfs-scale-in-up start=570,225,300,102.44 (translate=0px -25% transform=matrix(0.5, 0, 0, 0.5, 0, 0)) mid=495,199.38,450,153.66 atEnd=420,173.75,600,204.88 (transform=matrix(1, 0, 0, 1, 0, 0)) rest=420,173.75,600,204.88 plain=420,173.75,600,204.88 ref=420,173,600,204.88 translateDuring=0px -25% PASS
[webkit] case5 slide-in-down first frame y=-31.25 expected=-31.13
[webkit] case6-numeric {"v":50,"h":20} vp=320x800 css=0,0,320,800 ref=20,50,320,800 (Foundation's inline top/left)
[webkit] case6-numeric {"v":50,"h":20} vp=639x800 css=0,0,639,800 ref=20,50,639,800 (Foundation's inline top/left)
[webkit] case6-numeric {"v":50,"h":20,"size":"full"} vp=1024x800 css=0,0,1024,800 ref=20,50,1024,800 (Foundation's inline top/left)
[webkit] case7 vp=1024x800 natural=400 mode=css css=212,100,600,399.98 ref=212,100,600,399.98 d={"dx":0,"dy":0,"dw":0,"dh":0} maxHeight=calc(100% - (2 * min(100px, 10%))) top=200px position=PASS box=SAME bottomGap=300.02
[webkit] case7 vp=1024x800 natural=400 mode=port-offset css=212,100,600,399.98 ref=212,100,600,399.98 d={"dx":0,"dy":0,"dw":0,"dh":0} maxHeight=calc(100% - (2 * min(100px, 10%))) top=100px position=PASS box=SAME bottomGap=300.02
[webkit] case7 vp=1024x800 natural=400 mode=port-natural css=212,100,600,399.98 ref=212,100,600,399.98 d={"dx":0,"dy":0,"dw":0,"dh":0} maxHeight=calc(100% - 200px) top=100px position=PASS box=SAME bottomGap=300.02
[webkit] case7 vp=1024x800 natural=600 mode=css css=212,50,600,599.98 ref=212,50,600,599.98 d={"dx":0,"dy":0,"dw":0,"dh":0} maxHeight=calc(100% - (2 * min(100px, 10%))) top=200px position=PASS box=SAME bottomGap=150.02
[webkit] case7 vp=1024x800 natural=600 mode=port-offset css=212,50,600,599.98 ref=212,50,600,599.98 d={"dx":0,"dy":0,"dw":0,"dh":0} maxHeight=calc(100% - (2 * min(100px, 10%))) top=50px position=PASS box=SAME bottomGap=150.02
[webkit] case7 vp=1024x800 natural=600 mode=port-natural css=212,50,600,599.98 ref=212,50,600,599.98 d={"dx":0,"dy":0,"dw":0,"dh":0} maxHeight=calc(100% - 100px) top=50px position=PASS box=SAME bottomGap=150.02
[webkit] case7 vp=1024x800 natural=700 mode=css css=212,40,600,640 ref=212,25,600,699.98 d={"dx":0,"dy":15,"dw":0,"dh":-59.98} maxHeight=calc(100% - (2 * min(100px, 10%))) top=200px position=FAIL box=DIFFERENT bottomGap=120
[webkit] case7 vp=1024x800 natural=700 mode=port-offset css=212,40,600,640 ref=212,25,600,699.98 d={"dx":0,"dy":15,"dw":0,"dh":-59.98} maxHeight=calc(100% - (2 * min(100px, 10%))) top=40px position=FAIL box=DIFFERENT bottomGap=120
[webkit] case7 vp=1024x800 natural=700 mode=port-natural css=212,25,600,699.98 ref=212,25,600,699.98 d={"dx":0,"dy":0,"dw":0,"dh":0} maxHeight=calc(100% - 50px) top=25px position=PASS box=SAME bottomGap=75.02
[webkit] case7 vp=1024x800 natural=790 mode=css css=212,40,600,640 ref=212,2,600,789.98 d={"dx":0,"dy":38,"dw":0,"dh":-149.98} maxHeight=calc(100% - (2 * min(100px, 10%))) top=200px position=FAIL box=DIFFERENT bottomGap=120
[webkit] case7 vp=1024x800 natural=790 mode=port-offset css=212,40,600,640 ref=212,2,600,789.98 d={"dx":0,"dy":38,"dw":0,"dh":-149.98} maxHeight=calc(100% - (2 * min(100px, 10%))) top=40px position=FAIL box=DIFFERENT bottomGap=120
[webkit] case7 vp=1024x800 natural=790 mode=port-natural css=212,2,600,789.98 ref=212,2,600,789.98 d={"dx":0,"dy":0,"dw":0,"dh":0} maxHeight=calc(100% - 4px) top=2px position=PASS box=SAME bottomGap=8.02
[webkit] case7 vp=1024x800 natural=1000 mode=css css=212,40,600,640 ref=212,80,600,999.98 d={"dx":0,"dy":-40,"dw":0,"dh":-359.98} maxHeight=calc(100% - (2 * min(100px, 10%))) top=200px position=FAIL box=DIFFERENT bottomGap=120
[webkit] case7 vp=1024x800 natural=1000 mode=port-offset css=212,40,600,640 ref=212,80,600,999.98 d={"dx":0,"dy":-40,"dw":0,"dh":-359.98} maxHeight=calc(100% - (2 * min(100px, 10%))) top=40px position=FAIL box=DIFFERENT bottomGap=120
[webkit] case7 vp=1024x800 natural=1000 mode=port-natural css=212,80,600,640 ref=212,80,600,999.98 d={"dx":0,"dy":0,"dw":0,"dh":-359.98} maxHeight=calc(100% - 160px) top=80px position=PASS box=DIFFERENT bottomGap=80
[webkit] case7 vp=1024x800 natural=1600 mode=css css=212,40,600,640 ref=212,80,600,1599.98 d={"dx":0,"dy":-40,"dw":0,"dh":-959.98} maxHeight=calc(100% - (2 * min(100px, 10%))) top=200px position=FAIL box=DIFFERENT bottomGap=120
[webkit] case7 vp=1024x800 natural=1600 mode=port-offset css=212,40,600,640 ref=212,80,600,1599.98 d={"dx":0,"dy":-40,"dw":0,"dh":-959.98} maxHeight=calc(100% - (2 * min(100px, 10%))) top=40px position=FAIL box=DIFFERENT bottomGap=120
[webkit] case7 vp=1024x800 natural=1600 mode=port-natural css=212,80,600,640 ref=212,80,600,1599.98 d={"dx":0,"dy":0,"dw":0,"dh":-959.98} maxHeight=calc(100% - 160px) top=80px position=PASS box=DIFFERENT bottomGap=80
[webkit] case7 vp=1440x900 natural=400 mode=css css=420,125,600,399.98 ref=420,125,600,399.98 d={"dx":0,"dy":0,"dw":0,"dh":0} maxHeight=calc(100% - (2 * min(100px, 10%))) top=225px position=PASS box=SAME bottomGap=375.02
[webkit] case7 vp=1440x900 natural=400 mode=port-offset css=420,125,600,399.98 ref=420,125,600,399.98 d={"dx":0,"dy":0,"dw":0,"dh":0} maxHeight=calc(100% - (2 * min(100px, 10%))) top=125px position=PASS box=SAME bottomGap=375.02
[webkit] case7 vp=1440x900 natural=400 mode=port-natural css=420,125,600,399.98 ref=420,125,600,399.98 d={"dx":0,"dy":0,"dw":0,"dh":0} maxHeight=calc(100% - 250px) top=125px position=PASS box=SAME bottomGap=375.02
[webkit] case7 vp=1440x900 natural=600 mode=css css=420,75,600,599.98 ref=420,75,600,599.98 d={"dx":0,"dy":0,"dw":0,"dh":0} maxHeight=calc(100% - (2 * min(100px, 10%))) top=225px position=PASS box=SAME bottomGap=225.02
[webkit] case7 vp=1440x900 natural=600 mode=port-offset css=420,75,600,599.98 ref=420,75,600,599.98 d={"dx":0,"dy":0,"dw":0,"dh":0} maxHeight=calc(100% - (2 * min(100px, 10%))) top=75px position=PASS box=SAME bottomGap=225.02
[webkit] case7 vp=1440x900 natural=600 mode=port-natural css=420,75,600,599.98 ref=420,75,600,599.98 d={"dx":0,"dy":0,"dw":0,"dh":0} maxHeight=calc(100% - 150px) top=75px position=PASS box=SAME bottomGap=225.02
[webkit] case7 vp=1440x900 natural=700 mode=css css=420,50,600,699.98 ref=420,50,600,699.98 d={"dx":0,"dy":0,"dw":0,"dh":0} maxHeight=calc(100% - (2 * min(100px, 10%))) top=225px position=PASS box=SAME bottomGap=150.02
[webkit] case7 vp=1440x900 natural=700 mode=port-offset css=420,50,600,699.98 ref=420,50,600,699.98 d={"dx":0,"dy":0,"dw":0,"dh":0} maxHeight=calc(100% - (2 * min(100px, 10%))) top=50px position=PASS box=SAME bottomGap=150.02
[webkit] case7 vp=1440x900 natural=700 mode=port-natural css=420,50,600,699.98 ref=420,50,600,699.98 d={"dx":0,"dy":0,"dw":0,"dh":0} maxHeight=calc(100% - 100px) top=50px position=PASS box=SAME bottomGap=150.02
[webkit] case7 vp=1440x900 natural=790 mode=css css=420,45,600,720 ref=420,27,600,789.98 d={"dx":0,"dy":18,"dw":0,"dh":-69.98} maxHeight=calc(100% - (2 * min(100px, 10%))) top=225px position=FAIL box=DIFFERENT bottomGap=135
[webkit] case7 vp=1440x900 natural=790 mode=port-offset css=420,45,600,720 ref=420,27,600,789.98 d={"dx":0,"dy":18,"dw":0,"dh":-69.98} maxHeight=calc(100% - (2 * min(100px, 10%))) top=45px position=FAIL box=DIFFERENT bottomGap=135
[webkit] case7 vp=1440x900 natural=790 mode=port-natural css=420,27,600,789.98 ref=420,27,600,789.98 d={"dx":0,"dy":0,"dw":0,"dh":0} maxHeight=calc(100% - 54px) top=27px position=PASS box=SAME bottomGap=83.02
[webkit] case7 vp=1440x900 natural=1000 mode=css css=420,45,600,720 ref=420,90,600,999.98 d={"dx":0,"dy":-45,"dw":0,"dh":-279.98} maxHeight=calc(100% - (2 * min(100px, 10%))) top=225px position=FAIL box=DIFFERENT bottomGap=135
[webkit] case7 vp=1440x900 natural=1000 mode=port-offset css=420,45,600,720 ref=420,90,600,999.98 d={"dx":0,"dy":-45,"dw":0,"dh":-279.98} maxHeight=calc(100% - (2 * min(100px, 10%))) top=45px position=FAIL box=DIFFERENT bottomGap=135
[webkit] case7 vp=1440x900 natural=1000 mode=port-natural css=420,90,600,720 ref=420,90,600,999.98 d={"dx":0,"dy":0,"dw":0,"dh":-279.98} maxHeight=calc(100% - 180px) top=90px position=PASS box=DIFFERENT bottomGap=90
[webkit] case7 vp=1440x900 natural=1600 mode=css css=420,45,600,720 ref=420,90,600,1599.98 d={"dx":0,"dy":-45,"dw":0,"dh":-879.98} maxHeight=calc(100% - (2 * min(100px, 10%))) top=225px position=FAIL box=DIFFERENT bottomGap=135
[webkit] case7 vp=1440x900 natural=1600 mode=port-offset css=420,45,600,720 ref=420,90,600,1599.98 d={"dx":0,"dy":-45,"dw":0,"dh":-879.98} maxHeight=calc(100% - (2 * min(100px, 10%))) top=45px position=FAIL box=DIFFERENT bottomGap=135
[webkit] case7 vp=1440x900 natural=1600 mode=port-natural css=420,90,600,720 ref=420,90,600,1599.98 d={"dx":0,"dy":0,"dw":0,"dh":-879.98} maxHeight=calc(100% - 180px) top=90px position=PASS box=DIFFERENT bottomGap=90
[webkit] extra-resize 1024x800->1440x900 vp=1440x900 dir=ltr scrollY=0 css=420,173.75,600,204.88 ref=420,173,600,204.88 d={"dx":0,"dy":0.75,"dw":0,"dh":0} PASS
[webkit] extra-content +120px css before=420,173.75,600,204.88 after=420,143.75,600,324.88 expectedY=143.78 ref after=420,173,600,204.88 (Foundation does not re-place on content change)
[webkit] extra-ssr <dialog nfsrevealoffsets="" id="css" aria-labelledby="css-title" class="reveal" style="--nfs-reveal-top: 50px; --nfs-reveal-shift: 0px; --nfs-reveal-left: 20px;">
[webkit] extra-ssr auto <dialog nfsrevealoffsets="" id="css" aria-labelledby="css-title" class="reveal">
