
Running 48 tests using 1 worker

RESULT chromium P1 {"before":{"open":true,"attr":"","modal":false,"display":"block","active":"BODY"},"error":null,"events":[],"after":{"open":true,"attr":"","modal":false,"display":"block","active":"BODY"}}
  [OK]   1 [chromium] > e2e\decision.spec.ts:50:7 > platform: a dialog parsed with open > P1 show() returns without effect (501ms)
RESULT chromium P2 {"error":"InvalidStateError","events":[],"after":{"open":true,"attr":"","modal":false,"display":"block","active":"BODY"}}
  [OK]   2 [chromium] > e2e\decision.spec.ts:61:7 > platform: a dialog parsed with open > P2 showModal() throws InvalidStateError (302ms)
RESULT chromium P3 {"afterSet":{"events":[],"state":{"open":true,"attr":"","modal":false,"display":"block","active":"BODY"}},"afterClose":{"events":["beforetoggle:c","close:c","toggle:c"],"state":{"open":false,"attr":null,"modal":false,"display":"none","active":"BODY"},"returnValue":"x"},"afterShow":{"events":["beforetoggle:c","toggle:c"],"state":{"open":true,"attr":"","modal":false,"display":"block","active":"c-btn"}},"afterClose2":{"events":["beforetoggle:c","toggle:c","close:c"],"state":{"open":false,"attr":null,"modal":false,"display":"none","active":"BODY"}}}
  [OK]   3 [chromium] > e2e\decision.spec.ts:68:7 > platform: a dialog parsed with open > P3 setAttribute same value, then close(), then show() (678ms)
RESULT chromium P4 {"afterRemove":{"events":[],"state":{"open":false,"attr":null,"modal":false,"display":"none","active":"BODY"}},"afterShow":{"error":null,"events":["beforetoggle:d","toggle:d"],"state":{"open":true,"attr":"","modal":false,"display":"block","active":"d-btn"}},"afterClose":{"events":["beforetoggle:d","toggle:d","close:d"],"state":{"open":false,"attr":null,"modal":false,"display":"none","active":"BODY"}}}
  [OK]   4 [chromium] > e2e\decision.spec.ts:81:7 > platform: a dialog parsed with open > P4 removeAttribute fires no close event; show() works afterwards (518ms)
RESULT chromium P5 {"active":"e"}
  [OK]   5 [chromium] > e2e\decision.spec.ts:92:7 > platform: a dialog parsed with open > P5 a static autofocus attribute on a dialog parsed open (340ms)
RESULT chromium P6 {"snapshot":"- button \"Note F\" [expanded]\n- dialog \"Dialog F\":\n  - button \"Close F\"\n- button \"Note G\" [expanded]","chromium":[{"role":"button","name":"Note F","ignored":false,"expanded":true},{"role":"dialog","name":"Dialog F","ignored":false},{"role":"button","name":"Note G","ignored":false,"expanded":true},{"role":"button","name":"Close F","ignored":false}]}
  [OK]   6 [chromium] > e2e\decision.spec.ts:99:7 > platform: a dialog parsed with open > P6 accessibility: expanded Trigger beside an open and a closed dialog (454ms)
RESULT chromium A1 {"candidate":{"trigger":"<button type=\"button\" id=\"trigger\" aria-haspopup=\"dialog\" aria-controls=\"note\" class=\"button\" aria-expanded=\"true\" jsaction=\"click:;\">","dialog":"<dialog probereveal=\"\" id=\"note\" aria-label=\"Note\" class=\"reveal without-overlay\" open=\"\">"},"spec":{"trigger":"<button type=\"button\" id=\"trigger\" aria-haspopup=\"dialog\" aria-controls=\"note\" class=\"button\" aria-expanded=\"true\" jsaction=\"click:;\">","dialog":"<dialog probereveal=\"\" id=\"note\" aria-label=\"Note\" class=\"reveal without-overlay\">"},"diverge":{"trigger":"<button type=\"button\" id=\"trigger\" aria-haspopup=\"dialog\" aria-controls=\"note\" class=\"button\" aria-expanded=\"true\" jsaction=\"click:;\">","dialog":"<dialog probereveal=\"\" id=\"note\" aria-label=\"Note\" class=\"reveal without-overlay\" open=\"\">"},"modal":{"trigger":"<button type=\"button\" id=\"trigger\" aria-haspopup=\"dialog\" aria-controls=\"note\" class=\"button\" aria-expanded=\"true\" jsaction=\"click:;\">","dialog":"<dialog probereveal=\"\" id=\"note\" aria-label=\"Note\" class=\"reveal\">"}}
  [OK]   7 [chromium] > e2e\decision.spec.ts:125:7 > Angular: server HTML and hydration > A1 server HTML per variant (302ms)
RESULT chromium A2 {"candidate":{"dialogVisible":true,"triggerExpanded":"true"},"spec":{"dialogVisible":false,"triggerExpanded":"true"},"candidateAfterFormClose":{"dialogVisible":false}}
  [OK]   8 [chromium] > e2e\decision.spec.ts:146:7 > Angular: server HTML and hydration > A2 JavaScript disabled (385ms)
RESULT chromium A3 {"state":{"open":true,"modal":false,"display":"block","triggerExpanded":"true","active":"BODY"},"log":["note:first-paint-open active=BODY"],"ngDevMode":{"hydratedComponents":2,"hydratedNodes":20,"skipped":0},"jsaction":0,"errors":[]}
  [OK]   9 [chromium] > e2e\decision.spec.ts:169:7 > Angular: server HTML and hydration > A3 hydration keeps the server-rendered open dialog, fires nothing, moves no focus (578ms)
RESULT chromium A4 {"afterClose":{"open":false,"modal":false,"display":"none","triggerExpanded":"false","active":"BODY"},"afterBump":{"open":false,"modal":false,"display":"none","triggerExpanded":"false","active":"bump","attr":null},"afterReopen":{"open":true,"modal":false,"display":"block","triggerExpanded":"true","active":"note-close"},"afterReopenBump":{"open":true,"modal":false,"display":"block","triggerExpanded":"true","active":"bump"},"log":["note:first-paint-open active=BODY","event:beforetoggle:note","note:closed-by-directive","event:close:note","event:toggle:note","toggle-click isOpen-before=false","event:beforetoggle:note","note:shown first=false active=note-close","event:toggle:note"]}
  [OK]  10 [chromium] > e2e\decision.spec.ts:193:7 > Angular: server HTML and hydration > A4 a later close is final, no change detection writes open back, reopen uses show() (1.5s)
RESULT chromium A5-candidate {"atClick":{"dialogVisible":true,"triggerExpanded":"true","hydrated":0},"final":{"open":false,"modal":false,"display":"none","triggerExpanded":"false","active":"trigger"},"log":["note:first-paint-open active=BUTTON","toggle-click isOpen-before=true","event:beforetoggle:note","note:closed-by-directive","event:close:note","event:toggle:note"],"errors":[]}
  [OK]  11 [chromium] > e2e\decision.spec.ts:220:9 > Angular: server HTML and hydration > A5 pre-hydration Trigger click (candidate) (2.8s)
RESULT chromium A5-spec {"atClick":{"dialogVisible":false,"triggerExpanded":"true","hydrated":0},"final":{"open":false,"modal":false,"display":"none","triggerExpanded":"false","active":"trigger"},"log":["event:beforetoggle:note","note:shown first=true active=note-close","toggle-click isOpen-before=true","event:toggle:note","event:beforetoggle:note","note:closed-by-directive","event:close:note","event:toggle:note"],"errors":[]}
  [OK]  12 [chromium] > e2e\decision.spec.ts:220:9 > Angular: server HTML and hydration > A5 pre-hydration Trigger click (spec) (2.8s)
RESULT chromium A6 {"afterHydration":{"open":false,"modal":false,"display":"none","triggerExpanded":"false","active":"BODY"},"afterOpen":{"open":true,"modal":false,"display":"block","triggerExpanded":"true","active":"note-close"},"log":[],"logAfterOpen":["toggle-click isOpen-before=false","event:beforetoggle:note","note:shown first=false active=note-close","event:toggle:note"]}
  [OK]  13 [chromium] > e2e\decision.spec.ts:242:7 > Angular: server HTML and hydration > A6 client state differs from the server: hydration removes open without a close event (752ms)
RESULT chromium A7-adopt1 {"atClick":{"dialogOpenAfterClick":false,"hydrated":0},"final":{"open":true,"modal":false,"display":"block","triggerExpanded":"true","active":"BODY"},"log":["event:beforetoggle:note","event:close:note","event:toggle:note","note:first-paint-open active=BODY"],"errors":[]}
  [OK]  14 [chromium] > e2e\decision.spec.ts:259:9 > Angular: server HTML and hydration > A7 pre-hydration <form method="dialog"> close (adopt=1) (2.8s)
RESULT chromium A7-adopt0 {"atClick":{"dialogOpenAfterClick":false,"hydrated":0},"final":{"open":true,"modal":false,"display":"block","triggerExpanded":"true","active":"BODY"},"log":["event:beforetoggle:note","event:close:note","event:toggle:note","note:first-paint-open active=BODY"],"errors":[]}
  [OK]  15 [chromium] > e2e\decision.spec.ts:259:9 > Angular: server HTML and hydration > A7 pre-hydration <form method="dialog"> close (adopt=0) (2.9s)
RESULT chromium A8 {"state":{"open":true,"modal":true,"display":"block","triggerExpanded":"true","active":"note-close"},"log":["event:beforetoggle:note","note:shown first=true active=note-close","event:toggle:note"]}
  [OK]  16 [chromium] > e2e\decision.spec.ts:280:7 > Angular: server HTML and hydration > A8 modal open-by-default is unchanged: closed on the server, modal after hydration (537ms)
RESULT firefox P1 {"before":{"open":true,"attr":"","modal":false,"display":"block","active":"BODY"},"error":null,"events":[],"after":{"open":true,"attr":"","modal":false,"display":"block","active":"BODY"}}
  [OK]  17 [firefox] > e2e\decision.spec.ts:50:7 > platform: a dialog parsed with open > P1 show() returns without effect (2.3s)
RESULT firefox P2 {"error":"InvalidStateError","events":[],"after":{"open":true,"attr":"","modal":false,"display":"block","active":"BODY"}}
  [OK]  18 [firefox] > e2e\decision.spec.ts:61:7 > platform: a dialog parsed with open > P2 showModal() throws InvalidStateError (733ms)
RESULT firefox P3 {"afterSet":{"events":[],"state":{"open":true,"attr":"","modal":false,"display":"block","active":"BODY"}},"afterClose":{"events":["beforetoggle:c","toggle:c","close:c"],"state":{"open":false,"attr":null,"modal":false,"display":"none","active":"BODY"},"returnValue":"x"},"afterShow":{"events":["beforetoggle:c","toggle:c"],"state":{"open":true,"attr":"","modal":false,"display":"block","active":"c-btn"}},"afterClose2":{"events":["beforetoggle:c","toggle:c","close:c"],"state":{"open":false,"attr":null,"modal":false,"display":"none","active":"BODY"}}}
  [OK]  19 [firefox] > e2e\decision.spec.ts:68:7 > platform: a dialog parsed with open > P3 setAttribute same value, then close(), then show() (1.1s)
RESULT firefox P4 {"afterRemove":{"events":[],"state":{"open":false,"attr":null,"modal":false,"display":"none","active":"BODY"}},"afterShow":{"error":null,"events":["beforetoggle:d","toggle:d"],"state":{"open":true,"attr":"","modal":false,"display":"block","active":"d-btn"}},"afterClose":{"events":["beforetoggle:d","toggle:d","close:d"],"state":{"open":false,"attr":null,"modal":false,"display":"none","active":"BODY"}}}
  [OK]  20 [firefox] > e2e\decision.spec.ts:81:7 > platform: a dialog parsed with open > P4 removeAttribute fires no close event; show() works afterwards (1.4s)
RESULT firefox P5 {"active":"e"}
  [OK]  21 [firefox] > e2e\decision.spec.ts:92:7 > platform: a dialog parsed with open > P5 a static autofocus attribute on a dialog parsed open (681ms)
RESULT firefox P6 {"snapshot":"- button \"Note F\" [expanded]\n- dialog \"Dialog F\":\n  - button \"Close F\"\n- button \"Note G\" [expanded]","chromium":null}
  [OK]  22 [firefox] > e2e\decision.spec.ts:99:7 > platform: a dialog parsed with open > P6 accessibility: expanded Trigger beside an open and a closed dialog (797ms)
RESULT firefox A1 {"candidate":{"trigger":"<button type=\"button\" id=\"trigger\" aria-haspopup=\"dialog\" aria-controls=\"note\" class=\"button\" aria-expanded=\"true\" jsaction=\"click:;\">","dialog":"<dialog probereveal=\"\" id=\"note\" aria-label=\"Note\" class=\"reveal without-overlay\" open=\"\">"},"spec":{"trigger":"<button type=\"button\" id=\"trigger\" aria-haspopup=\"dialog\" aria-controls=\"note\" class=\"button\" aria-expanded=\"true\" jsaction=\"click:;\">","dialog":"<dialog probereveal=\"\" id=\"note\" aria-label=\"Note\" class=\"reveal without-overlay\">"},"diverge":{"trigger":"<button type=\"button\" id=\"trigger\" aria-haspopup=\"dialog\" aria-controls=\"note\" class=\"button\" aria-expanded=\"true\" jsaction=\"click:;\">","dialog":"<dialog probereveal=\"\" id=\"note\" aria-label=\"Note\" class=\"reveal without-overlay\" open=\"\">"},"modal":{"trigger":"<button type=\"button\" id=\"trigger\" aria-haspopup=\"dialog\" aria-controls=\"note\" class=\"button\" aria-expanded=\"true\" jsaction=\"click:;\">","dialog":"<dialog probereveal=\"\" id=\"note\" aria-label=\"Note\" class=\"reveal\">"}}
  [OK]  23 [firefox] > e2e\decision.spec.ts:125:7 > Angular: server HTML and hydration > A1 server HTML per variant (110ms)
RESULT firefox A2 {"candidate":{"dialogVisible":true,"triggerExpanded":"true"},"spec":{"dialogVisible":false,"triggerExpanded":"true"},"candidateAfterFormClose":{"dialogVisible":false}}
  [OK]  24 [firefox] > e2e\decision.spec.ts:146:7 > Angular: server HTML and hydration > A2 JavaScript disabled (1.1s)
RESULT firefox A3 {"state":{"open":true,"modal":false,"display":"block","triggerExpanded":"true","active":"BODY"},"log":["note:first-paint-open active=BODY"],"ngDevMode":{"hydratedComponents":2,"hydratedNodes":20,"skipped":0},"jsaction":0,"errors":[]}
  [OK]  25 [firefox] > e2e\decision.spec.ts:169:7 > Angular: server HTML and hydration > A3 hydration keeps the server-rendered open dialog, fires nothing, moves no focus (1.0s)
RESULT firefox A4 {"afterClose":{"open":false,"modal":false,"display":"none","triggerExpanded":"false","active":"BODY"},"afterBump":{"open":false,"modal":false,"display":"none","triggerExpanded":"false","active":"bump","attr":null},"afterReopen":{"open":true,"modal":false,"display":"block","triggerExpanded":"true","active":"note-close"},"afterReopenBump":{"open":true,"modal":false,"display":"block","triggerExpanded":"true","active":"bump"},"log":["note:first-paint-open active=BODY","event:beforetoggle:note","note:closed-by-directive","event:toggle:note","event:close:note","toggle-click isOpen-before=false","event:beforetoggle:note","note:shown first=false active=note-close","event:toggle:note"]}
  [OK]  26 [firefox] > e2e\decision.spec.ts:193:7 > Angular: server HTML and hydration > A4 a later close is final, no change detection writes open back, reopen uses show() (2.6s)
RESULT firefox A5-candidate {"atClick":{"dialogVisible":true,"triggerExpanded":"true","hydrated":0},"final":{"open":false,"modal":false,"display":"none","triggerExpanded":"false","active":"trigger"},"log":["note:first-paint-open active=BUTTON","toggle-click isOpen-before=true","event:beforetoggle:note","note:closed-by-directive","event:toggle:note","event:close:note"],"errors":[]}
  [OK]  27 [firefox] > e2e\decision.spec.ts:220:9 > Angular: server HTML and hydration > A5 pre-hydration Trigger click (candidate) (4.5s)
RESULT firefox A5-spec {"atClick":{"dialogVisible":false,"triggerExpanded":"true","hydrated":0},"final":{"open":false,"modal":false,"display":"none","triggerExpanded":"false","active":"trigger"},"log":["event:beforetoggle:note","note:shown first=true active=note-close","toggle-click isOpen-before=true","event:beforetoggle:note","note:closed-by-directive","event:toggle:note","event:close:note"],"errors":[]}
  [OK]  28 [firefox] > e2e\decision.spec.ts:220:9 > Angular: server HTML and hydration > A5 pre-hydration Trigger click (spec) (4.0s)
RESULT firefox A6 {"afterHydration":{"open":false,"modal":false,"display":"none","triggerExpanded":"false","active":"BODY"},"afterOpen":{"open":true,"modal":false,"display":"block","triggerExpanded":"true","active":"note-close"},"log":[],"logAfterOpen":["toggle-click isOpen-before=false","event:beforetoggle:note","note:shown first=false active=note-close","event:toggle:note"]}
  [OK]  29 [firefox] > e2e\decision.spec.ts:242:7 > Angular: server HTML and hydration > A6 client state differs from the server: hydration removes open without a close event (1.3s)
RESULT firefox A7-adopt1 {"atClick":{"dialogOpenAfterClick":false,"hydrated":0},"final":{"open":true,"modal":false,"display":"block","triggerExpanded":"true","active":"BODY"},"log":["event:beforetoggle:note","event:toggle:note","event:close:note","note:first-paint-open active=BODY"],"errors":[]}
  [OK]  30 [firefox] > e2e\decision.spec.ts:259:9 > Angular: server HTML and hydration > A7 pre-hydration <form method="dialog"> close (adopt=1) (3.4s)
RESULT firefox A7-adopt0 {"atClick":{"dialogOpenAfterClick":false,"hydrated":0},"final":{"open":true,"modal":false,"display":"block","triggerExpanded":"true","active":"BODY"},"log":["event:beforetoggle:note","event:toggle:note","event:close:note","note:first-paint-open active=BODY"],"errors":[]}
  [OK]  31 [firefox] > e2e\decision.spec.ts:259:9 > Angular: server HTML and hydration > A7 pre-hydration <form method="dialog"> close (adopt=0) (2.9s)
RESULT firefox A8 {"state":{"open":true,"modal":true,"display":"block","triggerExpanded":"true","active":"note-close"},"log":["event:beforetoggle:note","note:shown first=true active=note-close","event:toggle:note"]}
  [OK]  32 [firefox] > e2e\decision.spec.ts:280:7 > Angular: server HTML and hydration > A8 modal open-by-default is unchanged: closed on the server, modal after hydration (995ms)
RESULT webkit P1 {"before":{"open":true,"attr":"","modal":false,"display":"block","active":"BODY"},"error":null,"events":[],"after":{"open":true,"attr":"","modal":false,"display":"block","active":"BODY"}}
  [OK]  33 [webkit] > e2e\decision.spec.ts:50:7 > platform: a dialog parsed with open > P1 show() returns without effect (1.6s)
RESULT webkit P2 {"error":"InvalidStateError","events":[],"after":{"open":true,"attr":"","modal":false,"display":"block","active":"BODY"}}
  [OK]  34 [webkit] > e2e\decision.spec.ts:61:7 > platform: a dialog parsed with open > P2 showModal() throws InvalidStateError (402ms)
RESULT webkit P3 {"afterSet":{"events":[],"state":{"open":true,"attr":"","modal":false,"display":"block","active":"BODY"}},"afterClose":{"events":["beforetoggle:c","toggle:c","close:c"],"state":{"open":false,"attr":null,"modal":false,"display":"none","active":"BODY"},"returnValue":"x"},"afterShow":{"events":["beforetoggle:c","toggle:c"],"state":{"open":true,"attr":"","modal":false,"display":"block","active":"c-btn"}},"afterClose2":{"events":["beforetoggle:c","toggle:c","close:c"],"state":{"open":false,"attr":null,"modal":false,"display":"none","active":"BODY"}}}
  [OK]  35 [webkit] > e2e\decision.spec.ts:68:7 > platform: a dialog parsed with open > P3 setAttribute same value, then close(), then show() (1.1s)
RESULT webkit P4 {"afterRemove":{"events":[],"state":{"open":false,"attr":null,"modal":false,"display":"none","active":"BODY"}},"afterShow":{"error":null,"events":["beforetoggle:d","toggle:d"],"state":{"open":true,"attr":"","modal":false,"display":"block","active":"d-btn"}},"afterClose":{"events":["beforetoggle:d","toggle:d","close:d"],"state":{"open":false,"attr":null,"modal":false,"display":"none","active":"BODY"}}}
  [OK]  36 [webkit] > e2e\decision.spec.ts:81:7 > platform: a dialog parsed with open > P4 removeAttribute fires no close event; show() works afterwards (888ms)
RESULT webkit P5 {"active":"e"}
  [OK]  37 [webkit] > e2e\decision.spec.ts:92:7 > platform: a dialog parsed with open > P5 a static autofocus attribute on a dialog parsed open (766ms)
RESULT webkit P6 {"snapshot":"- button \"Note F\" [expanded]\n- dialog \"Dialog F\":\n  - button \"Close F\"\n- button \"Note G\" [expanded]","chromium":null}
  [OK]  38 [webkit] > e2e\decision.spec.ts:99:7 > platform: a dialog parsed with open > P6 accessibility: expanded Trigger beside an open and a closed dialog (545ms)
RESULT webkit A1 {"candidate":{"trigger":"<button type=\"button\" id=\"trigger\" aria-haspopup=\"dialog\" aria-controls=\"note\" class=\"button\" aria-expanded=\"true\" jsaction=\"click:;\">","dialog":"<dialog probereveal=\"\" id=\"note\" aria-label=\"Note\" class=\"reveal without-overlay\" open=\"\">"},"spec":{"trigger":"<button type=\"button\" id=\"trigger\" aria-haspopup=\"dialog\" aria-controls=\"note\" class=\"button\" aria-expanded=\"true\" jsaction=\"click:;\">","dialog":"<dialog probereveal=\"\" id=\"note\" aria-label=\"Note\" class=\"reveal without-overlay\">"},"diverge":{"trigger":"<button type=\"button\" id=\"trigger\" aria-haspopup=\"dialog\" aria-controls=\"note\" class=\"button\" aria-expanded=\"true\" jsaction=\"click:;\">","dialog":"<dialog probereveal=\"\" id=\"note\" aria-label=\"Note\" class=\"reveal without-overlay\" open=\"\">"},"modal":{"trigger":"<button type=\"button\" id=\"trigger\" aria-haspopup=\"dialog\" aria-controls=\"note\" class=\"button\" aria-expanded=\"true\" jsaction=\"click:;\">","dialog":"<dialog probereveal=\"\" id=\"note\" aria-label=\"Note\" class=\"reveal\">"}}
  [OK]  39 [webkit] > e2e\decision.spec.ts:125:7 > Angular: server HTML and hydration > A1 server HTML per variant (105ms)
RESULT webkit A2 {"candidate":{"dialogVisible":true,"triggerExpanded":"true"},"spec":{"dialogVisible":false,"triggerExpanded":"true"},"candidateAfterFormClose":{"dialogVisible":false}}
  [OK]  40 [webkit] > e2e\decision.spec.ts:146:7 > Angular: server HTML and hydration > A2 JavaScript disabled (994ms)
RESULT webkit A3 {"state":{"open":true,"modal":false,"display":"block","triggerExpanded":"true","active":"BODY"},"log":["note:first-paint-open active=BODY"],"ngDevMode":{"hydratedComponents":2,"hydratedNodes":20,"skipped":0},"jsaction":0,"errors":[]}
  [OK]  41 [webkit] > e2e\decision.spec.ts:169:7 > Angular: server HTML and hydration > A3 hydration keeps the server-rendered open dialog, fires nothing, moves no focus (776ms)
RESULT webkit A4 {"afterClose":{"open":false,"modal":false,"display":"none","triggerExpanded":"false","active":"BODY"},"afterBump":{"open":false,"modal":false,"display":"none","triggerExpanded":"false","active":"BODY","attr":null},"afterReopen":{"open":true,"modal":false,"display":"block","triggerExpanded":"true","active":"note-close"},"afterReopenBump":{"open":true,"modal":false,"display":"block","triggerExpanded":"true","active":"BODY"},"log":["note:first-paint-open active=BODY","event:beforetoggle:note","note:closed-by-directive","event:toggle:note","event:close:note","toggle-click isOpen-before=false","event:beforetoggle:note","note:shown first=false active=note-close","event:toggle:note"]}
  [OK]  42 [webkit] > e2e\decision.spec.ts:193:7 > Angular: server HTML and hydration > A4 a later close is final, no change detection writes open back, reopen uses show() (2.5s)
RESULT webkit A5-candidate {"atClick":{"dialogVisible":true,"triggerExpanded":"true","hydrated":0},"final":{"open":false,"modal":false,"display":"none","triggerExpanded":"false","active":"BODY"},"log":["note:first-paint-open active=BODY","toggle-click isOpen-before=true","event:beforetoggle:note","note:closed-by-directive","event:toggle:note","event:close:note"],"errors":[]}
  [OK]  43 [webkit] > e2e\decision.spec.ts:220:9 > Angular: server HTML and hydration > A5 pre-hydration Trigger click (candidate) (2.8s)
RESULT webkit A5-spec {"atClick":{"dialogVisible":false,"triggerExpanded":"true","hydrated":0},"final":{"open":false,"modal":false,"display":"none","triggerExpanded":"false","active":"BODY"},"log":["event:beforetoggle:note","note:shown first=true active=note-close","toggle-click isOpen-before=true","event:beforetoggle:note","note:closed-by-directive","event:toggle:note","event:close:note"],"errors":[]}
  [OK]  44 [webkit] > e2e\decision.spec.ts:220:9 > Angular: server HTML and hydration > A5 pre-hydration Trigger click (spec) (3.1s)
RESULT webkit A6 {"afterHydration":{"open":false,"modal":false,"display":"none","triggerExpanded":"false","active":"BODY"},"afterOpen":{"open":true,"modal":false,"display":"block","triggerExpanded":"true","active":"note-close"},"log":[],"logAfterOpen":["toggle-click isOpen-before=false","event:beforetoggle:note","note:shown first=false active=note-close","event:toggle:note"]}
  [OK]  45 [webkit] > e2e\decision.spec.ts:242:7 > Angular: server HTML and hydration > A6 client state differs from the server: hydration removes open without a close event (1.4s)
RESULT webkit A7-adopt1 {"atClick":{"dialogOpenAfterClick":false,"hydrated":0},"final":{"open":true,"modal":false,"display":"block","triggerExpanded":"true","active":"BODY"},"log":["event:beforetoggle:note","event:toggle:note","event:close:note","note:first-paint-open active=BODY"],"errors":[]}
  [OK]  46 [webkit] > e2e\decision.spec.ts:259:9 > Angular: server HTML and hydration > A7 pre-hydration <form method="dialog"> close (adopt=1) (2.7s)
RESULT webkit A7-adopt0 {"atClick":{"dialogOpenAfterClick":false,"hydrated":0},"final":{"open":true,"modal":false,"display":"block","triggerExpanded":"true","active":"BODY"},"log":["event:beforetoggle:note","event:toggle:note","event:close:note","note:first-paint-open active=BODY"],"errors":[]}
  [OK]  47 [webkit] > e2e\decision.spec.ts:259:9 > Angular: server HTML and hydration > A7 pre-hydration <form method="dialog"> close (adopt=0) (3.0s)
RESULT webkit A8 {"state":{"open":true,"modal":true,"display":"block","triggerExpanded":"true","active":"note-close"},"log":["event:beforetoggle:note","note:shown first=true active=note-close","event:toggle:note"]}
  [OK]  48 [webkit] > e2e\decision.spec.ts:280:7 > Angular: server HTML and hydration > A8 modal open-by-default is unchanged: closed on the server, modal after hydration (1.1s)

  48 passed (1.3m)
