
Running 54 tests using 1 worker

RESULT chromium P1 {"before":{"open":true,"attr":"","modal":false,"display":"block","active":"BODY"},"error":null,"events":[],"after":{"open":true,"attr":"","modal":false,"display":"block","active":"BODY"}}
  [OK]   1 [chromium] > e2e\decision.spec.ts:50:7 > platform: a dialog parsed with open > P1 show() returns without effect (342ms)
RESULT chromium P2 {"error":"InvalidStateError","events":[],"after":{"open":true,"attr":"","modal":false,"display":"block","active":"BODY"}}
  [OK]   2 [chromium] > e2e\decision.spec.ts:61:7 > platform: a dialog parsed with open > P2 showModal() throws InvalidStateError (304ms)
RESULT chromium P3 {"afterSet":{"events":[],"state":{"open":true,"attr":"","modal":false,"display":"block","active":"BODY"}},"afterClose":{"events":["beforetoggle:c","toggle:c","close:c"],"state":{"open":false,"attr":null,"modal":false,"display":"none","active":"BODY"},"returnValue":"x"},"afterShow":{"events":["beforetoggle:c","toggle:c"],"state":{"open":true,"attr":"","modal":false,"display":"block","active":"c-btn"}},"afterClose2":{"events":["beforetoggle:c","toggle:c","close:c"],"state":{"open":false,"attr":null,"modal":false,"display":"none","active":"BODY"}}}
  [OK]   3 [chromium] > e2e\decision.spec.ts:68:7 > platform: a dialog parsed with open > P3 setAttribute same value, then close(), then show() (668ms)
RESULT chromium P4 {"afterRemove":{"events":[],"state":{"open":false,"attr":null,"modal":false,"display":"none","active":"BODY"}},"afterShow":{"error":null,"events":["beforetoggle:d","toggle:d"],"state":{"open":true,"attr":"","modal":false,"display":"block","active":"d-btn"}},"afterClose":{"events":["beforetoggle:d","toggle:d","close:d"],"state":{"open":false,"attr":null,"modal":false,"display":"none","active":"BODY"}}}
  [OK]   4 [chromium] > e2e\decision.spec.ts:81:7 > platform: a dialog parsed with open > P4 removeAttribute fires no close event; show() works afterwards (563ms)
RESULT chromium P5 {"active":"e"}
  [OK]   5 [chromium] > e2e\decision.spec.ts:92:7 > platform: a dialog parsed with open > P5 a static autofocus attribute on a dialog parsed open (347ms)
RESULT chromium P6 {"snapshot":"- button \"Note F\" [expanded]\n- dialog \"Dialog F\":\n  - button \"Close F\"\n- button \"Note G\" [expanded]","chromium":[{"role":"button","name":"Note F","ignored":false,"expanded":true},{"role":"dialog","name":"Dialog F","ignored":false},{"role":"button","name":"Note G","ignored":false,"expanded":true},{"role":"button","name":"Close F","ignored":false}]}
  [OK]   6 [chromium] > e2e\decision.spec.ts:99:7 > platform: a dialog parsed with open > P6 accessibility: expanded Trigger beside an open and a closed dialog (418ms)
RESULT chromium A1 {"candidate":{"trigger":"<button type=\"button\" id=\"trigger\" aria-haspopup=\"dialog\" aria-controls=\"note\" class=\"button\" aria-expanded=\"true\" jsaction=\"click:;\">","dialog":"<dialog probereveal=\"\" id=\"note\" aria-label=\"Note\" class=\"reveal without-overlay\" open=\"\">"},"spec":{"trigger":"<button type=\"button\" id=\"trigger\" aria-haspopup=\"dialog\" aria-controls=\"note\" class=\"button\" aria-expanded=\"true\" jsaction=\"click:;\">","dialog":"<dialog probereveal=\"\" id=\"note\" aria-label=\"Note\" class=\"reveal without-overlay\">"},"diverge":{"trigger":"<button type=\"button\" id=\"trigger\" aria-haspopup=\"dialog\" aria-controls=\"note\" class=\"button\" aria-expanded=\"true\" jsaction=\"click:;\">","dialog":"<dialog probereveal=\"\" id=\"note\" aria-label=\"Note\" class=\"reveal without-overlay\" open=\"\">"},"modal":{"trigger":"<button type=\"button\" id=\"trigger\" aria-haspopup=\"dialog\" aria-controls=\"note\" class=\"button\" aria-expanded=\"true\" jsaction=\"click:;\">","dialog":"<dialog probereveal=\"\" id=\"note\" aria-label=\"Note\" class=\"reveal\">"}}
  [OK]   7 [chromium] > e2e\decision.spec.ts:125:7 > Angular: server HTML and hydration > A1 server HTML per variant (363ms)
RESULT chromium A2 {"candidate":{"dialogVisible":true,"triggerExpanded":"true"},"spec":{"dialogVisible":false,"triggerExpanded":"true"},"candidateAfterFormClose":{"dialogVisible":false}}
  [OK]   8 [chromium] > e2e\decision.spec.ts:146:7 > Angular: server HTML and hydration > A2 JavaScript disabled (434ms)
RESULT chromium A3 {"state":{"open":true,"modal":false,"display":"block","triggerExpanded":"true","active":"note-close"},"log":["note:first-paint-open active-before=BODY active-after=note-close"],"ngDevMode":{"hydratedComponents":2,"hydratedNodes":24,"skipped":0},"jsaction":0,"errors":[]}
  [OK]   9 [chromium] > e2e\decision.spec.ts:169:7 > Angular: server HTML and hydration > A3 hydration keeps the server-rendered open dialog and fires nothing; focus from body goes inside (575ms)
RESULT chromium A9 {"atType":{"hydrated":0,"dialogVisible":true},"final":{"open":true,"modal":false,"display":"block","triggerExpanded":"true","active":"search"},"value":"abc","log":["note:first-paint-open active-before=search active-after=search"]}
  [OK]  10 [chromium] > e2e\decision.spec.ts:193:7 > Angular: server HTML and hydration > A9 focus the user placed before hydration stays there (2.9s)
RESULT chromium A10 {"beforeHydration":{"hydrated":0,"active":"note"},"afterHydration":{"active":"note-close","autofocusAttr":null,"open":true},"log":["note:first-paint-open active-before=note active-after=note-close"]}
  [OK]  11 [chromium] > e2e\decision.spec.ts:211:7 > Angular: server HTML and hydration > A10 a static autofocus attribute focuses the dialog at load; hydration corrects it (2.6s)
RESULT chromium A4 {"afterClose":{"open":false,"modal":false,"display":"none","triggerExpanded":"false","active":"BODY"},"afterBump":{"open":false,"modal":false,"display":"none","triggerExpanded":"false","active":"bump","attr":null},"afterReopen":{"open":true,"modal":false,"display":"block","triggerExpanded":"true","active":"note-close"},"afterReopenBump":{"open":true,"modal":false,"display":"block","triggerExpanded":"true","active":"bump"},"log":["note:first-paint-open active-before=BODY active-after=note-close","event:beforetoggle:note","note:closed-by-directive","event:toggle:note","event:close:note","toggle-click isOpen-before=false","event:beforetoggle:note","note:shown first=false active=note-close","event:toggle:note"]}
  [OK]  12 [chromium] > e2e\decision.spec.ts:239:7 > Angular: server HTML and hydration > A4 a later close is final, no change detection writes open back, reopen uses show() (1.6s)
RESULT chromium A5-candidate {"atClick":{"dialogVisible":true,"triggerExpanded":"true","hydrated":0},"final":{"open":false,"modal":false,"display":"none","triggerExpanded":"false","active":"trigger"},"log":["note:first-paint-open active-before=trigger active-after=trigger","toggle-click isOpen-before=true","event:beforetoggle:note","note:closed-by-directive","event:close:note","event:toggle:note"],"errors":[]}
  [OK]  13 [chromium] > e2e\decision.spec.ts:266:9 > Angular: server HTML and hydration > A5 pre-hydration Trigger click (candidate) (2.9s)
RESULT chromium A5-spec {"atClick":{"dialogVisible":false,"triggerExpanded":"true","hydrated":0},"final":{"open":false,"modal":false,"display":"none","triggerExpanded":"false","active":"trigger"},"log":["event:beforetoggle:note","note:shown first=true active=note-close","toggle-click isOpen-before=true","event:toggle:note","event:beforetoggle:note","note:closed-by-directive","event:close:note","event:toggle:note"],"errors":[]}
  [OK]  14 [chromium] > e2e\decision.spec.ts:266:9 > Angular: server HTML and hydration > A5 pre-hydration Trigger click (spec) (2.9s)
RESULT chromium A6 {"afterHydration":{"open":false,"modal":false,"display":"none","triggerExpanded":"false","active":"BODY"},"afterOpen":{"open":true,"modal":false,"display":"block","triggerExpanded":"true","active":"note-close"},"log":[],"logAfterOpen":["toggle-click isOpen-before=false","event:beforetoggle:note","note:shown first=false active=note-close","event:toggle:note"]}
  [OK]  15 [chromium] > e2e\decision.spec.ts:288:7 > Angular: server HTML and hydration > A6 client state differs from the server: hydration removes open without a close event (796ms)
RESULT chromium A7-adopt1 {"atClick":{"dialogOpenAfterClick":false,"hydrated":0},"final":{"open":true,"modal":false,"display":"block","triggerExpanded":"true","active":"note-close"},"log":["event:beforetoggle:note","event:close:note","event:toggle:note","note:first-paint-open active-before=BODY active-after=note-close"],"errors":[]}
  [OK]  16 [chromium] > e2e\decision.spec.ts:305:9 > Angular: server HTML and hydration > A7 pre-hydration <form method="dialog"> close (adopt=1) (2.9s)
RESULT chromium A7-adopt0 {"atClick":{"dialogOpenAfterClick":false,"hydrated":0},"final":{"open":true,"modal":false,"display":"block","triggerExpanded":"true","active":"note-close"},"log":["event:beforetoggle:note","event:close:note","event:toggle:note","note:first-paint-open active-before=BODY active-after=note-close"],"errors":[]}
  [OK]  17 [chromium] > e2e\decision.spec.ts:305:9 > Angular: server HTML and hydration > A7 pre-hydration <form method="dialog"> close (adopt=0) (2.8s)
RESULT chromium A8 {"state":{"open":true,"modal":true,"display":"block","triggerExpanded":"true","active":"note-close"},"log":["event:beforetoggle:note","note:shown first=true active=note-close","event:toggle:note"]}
  [OK]  18 [chromium] > e2e\decision.spec.ts:326:7 > Angular: server HTML and hydration > A8 modal open-by-default is unchanged: closed on the server, modal after hydration (578ms)
RESULT firefox P1 {"before":{"open":true,"attr":"","modal":false,"display":"block","active":"BODY"},"error":null,"events":[],"after":{"open":true,"attr":"","modal":false,"display":"block","active":"BODY"}}
  [OK]  19 [firefox] > e2e\decision.spec.ts:50:7 > platform: a dialog parsed with open > P1 show() returns without effect (1.7s)
RESULT firefox P2 {"error":"InvalidStateError","events":[],"after":{"open":true,"attr":"","modal":false,"display":"block","active":"BODY"}}
  [OK]  20 [firefox] > e2e\decision.spec.ts:61:7 > platform: a dialog parsed with open > P2 showModal() throws InvalidStateError (883ms)
RESULT firefox P3 {"afterSet":{"events":[],"state":{"open":true,"attr":"","modal":false,"display":"block","active":"BODY"}},"afterClose":{"events":["beforetoggle:c","toggle:c","close:c"],"state":{"open":false,"attr":null,"modal":false,"display":"none","active":"BODY"},"returnValue":"x"},"afterShow":{"events":["beforetoggle:c","toggle:c"],"state":{"open":true,"attr":"","modal":false,"display":"block","active":"c-btn"}},"afterClose2":{"events":["beforetoggle:c","toggle:c","close:c"],"state":{"open":false,"attr":null,"modal":false,"display":"none","active":"BODY"}}}
  [OK]  21 [firefox] > e2e\decision.spec.ts:68:7 > platform: a dialog parsed with open > P3 setAttribute same value, then close(), then show() (1.5s)
RESULT firefox P4 {"afterRemove":{"events":[],"state":{"open":false,"attr":null,"modal":false,"display":"none","active":"BODY"}},"afterShow":{"error":null,"events":["beforetoggle:d","toggle:d"],"state":{"open":true,"attr":"","modal":false,"display":"block","active":"d-btn"}},"afterClose":{"events":["beforetoggle:d","toggle:d","close:d"],"state":{"open":false,"attr":null,"modal":false,"display":"none","active":"BODY"}}}
  [OK]  22 [firefox] > e2e\decision.spec.ts:81:7 > platform: a dialog parsed with open > P4 removeAttribute fires no close event; show() works afterwards (906ms)
RESULT firefox P5 {"active":"e"}
  [OK]  23 [firefox] > e2e\decision.spec.ts:92:7 > platform: a dialog parsed with open > P5 a static autofocus attribute on a dialog parsed open (716ms)
RESULT firefox P6 {"snapshot":"- button \"Note F\" [expanded]\n- dialog \"Dialog F\":\n  - button \"Close F\"\n- button \"Note G\" [expanded]","chromium":null}
  [OK]  24 [firefox] > e2e\decision.spec.ts:99:7 > platform: a dialog parsed with open > P6 accessibility: expanded Trigger beside an open and a closed dialog (755ms)
RESULT firefox A1 {"candidate":{"trigger":"<button type=\"button\" id=\"trigger\" aria-haspopup=\"dialog\" aria-controls=\"note\" class=\"button\" aria-expanded=\"true\" jsaction=\"click:;\">","dialog":"<dialog probereveal=\"\" id=\"note\" aria-label=\"Note\" class=\"reveal without-overlay\" open=\"\">"},"spec":{"trigger":"<button type=\"button\" id=\"trigger\" aria-haspopup=\"dialog\" aria-controls=\"note\" class=\"button\" aria-expanded=\"true\" jsaction=\"click:;\">","dialog":"<dialog probereveal=\"\" id=\"note\" aria-label=\"Note\" class=\"reveal without-overlay\">"},"diverge":{"trigger":"<button type=\"button\" id=\"trigger\" aria-haspopup=\"dialog\" aria-controls=\"note\" class=\"button\" aria-expanded=\"true\" jsaction=\"click:;\">","dialog":"<dialog probereveal=\"\" id=\"note\" aria-label=\"Note\" class=\"reveal without-overlay\" open=\"\">"},"modal":{"trigger":"<button type=\"button\" id=\"trigger\" aria-haspopup=\"dialog\" aria-controls=\"note\" class=\"button\" aria-expanded=\"true\" jsaction=\"click:;\">","dialog":"<dialog probereveal=\"\" id=\"note\" aria-label=\"Note\" class=\"reveal\">"}}
  [OK]  25 [firefox] > e2e\decision.spec.ts:125:7 > Angular: server HTML and hydration > A1 server HTML per variant (82ms)
RESULT firefox A2 {"candidate":{"dialogVisible":true,"triggerExpanded":"true"},"spec":{"dialogVisible":false,"triggerExpanded":"true"},"candidateAfterFormClose":{"dialogVisible":false}}
  [OK]  26 [firefox] > e2e\decision.spec.ts:146:7 > Angular: server HTML and hydration > A2 JavaScript disabled (1.1s)
RESULT firefox A3 {"state":{"open":true,"modal":false,"display":"block","triggerExpanded":"true","active":"note-close"},"log":["note:first-paint-open active-before=BODY active-after=note-close"],"ngDevMode":{"hydratedComponents":2,"hydratedNodes":24,"skipped":0},"jsaction":0,"errors":[]}
  [OK]  27 [firefox] > e2e\decision.spec.ts:169:7 > Angular: server HTML and hydration > A3 hydration keeps the server-rendered open dialog and fires nothing; focus from body goes inside (1.1s)
RESULT firefox A9 {"atType":{"hydrated":0,"dialogVisible":true},"final":{"open":true,"modal":false,"display":"block","triggerExpanded":"true","active":"search"},"value":"abc","log":["note:first-paint-open active-before=search active-after=search"]}
  [OK]  28 [firefox] > e2e\decision.spec.ts:193:7 > Angular: server HTML and hydration > A9 focus the user placed before hydration stays there (3.2s)
RESULT firefox A10 {"beforeHydration":{"hydrated":0,"active":"note"},"afterHydration":{"active":"note-close","autofocusAttr":null,"open":true},"log":["note:first-paint-open active-before=note active-after=note-close"]}
  [OK]  29 [firefox] > e2e\decision.spec.ts:211:7 > Angular: server HTML and hydration > A10 a static autofocus attribute focuses the dialog at load; hydration corrects it (3.9s)
RESULT firefox A4 {"afterClose":{"open":false,"modal":false,"display":"none","triggerExpanded":"false","active":"BODY"},"afterBump":{"open":false,"modal":false,"display":"none","triggerExpanded":"false","active":"bump","attr":null},"afterReopen":{"open":true,"modal":false,"display":"block","triggerExpanded":"true","active":"note-close"},"afterReopenBump":{"open":true,"modal":false,"display":"block","triggerExpanded":"true","active":"bump"},"log":["note:first-paint-open active-before=BODY active-after=note-close","event:beforetoggle:note","note:closed-by-directive","event:toggle:note","event:close:note","toggle-click isOpen-before=false","event:beforetoggle:note","note:shown first=false active=note-close","event:toggle:note"]}
  [OK]  30 [firefox] > e2e\decision.spec.ts:239:7 > Angular: server HTML and hydration > A4 a later close is final, no change detection writes open back, reopen uses show() (2.4s)
RESULT firefox A5-candidate {"atClick":{"dialogVisible":true,"triggerExpanded":"true","hydrated":0},"final":{"open":false,"modal":false,"display":"none","triggerExpanded":"false","active":"trigger"},"log":["note:first-paint-open active-before=trigger active-after=trigger","toggle-click isOpen-before=true","event:beforetoggle:note","note:closed-by-directive","event:toggle:note","event:close:note"],"errors":[]}
  [OK]  31 [firefox] > e2e\decision.spec.ts:266:9 > Angular: server HTML and hydration > A5 pre-hydration Trigger click (candidate) (3.0s)
RESULT firefox A5-spec {"atClick":{"dialogVisible":false,"triggerExpanded":"true","hydrated":0},"final":{"open":false,"modal":false,"display":"none","triggerExpanded":"false","active":"trigger"},"log":["event:beforetoggle:note","note:shown first=true active=note-close","toggle-click isOpen-before=true","event:beforetoggle:note","note:closed-by-directive","event:toggle:note","event:close:note"],"errors":[]}
  [OK]  32 [firefox] > e2e\decision.spec.ts:266:9 > Angular: server HTML and hydration > A5 pre-hydration Trigger click (spec) (3.5s)
RESULT firefox A6 {"afterHydration":{"open":false,"modal":false,"display":"none","triggerExpanded":"false","active":"BODY"},"afterOpen":{"open":true,"modal":false,"display":"block","triggerExpanded":"true","active":"note-close"},"log":[],"logAfterOpen":["toggle-click isOpen-before=false","event:beforetoggle:note","note:shown first=false active=note-close","event:toggle:note"]}
  [OK]  33 [firefox] > e2e\decision.spec.ts:288:7 > Angular: server HTML and hydration > A6 client state differs from the server: hydration removes open without a close event (1.3s)
RESULT firefox A7-adopt1 {"atClick":{"dialogOpenAfterClick":false,"hydrated":0},"final":{"open":true,"modal":false,"display":"block","triggerExpanded":"true","active":"note-close"},"log":["event:beforetoggle:note","event:toggle:note","event:close:note","note:first-paint-open active-before=BODY active-after=note-close"],"errors":[]}
  [OK]  34 [firefox] > e2e\decision.spec.ts:305:9 > Angular: server HTML and hydration > A7 pre-hydration <form method="dialog"> close (adopt=1) (3.3s)
RESULT firefox A7-adopt0 {"atClick":{"dialogOpenAfterClick":false,"hydrated":0},"final":{"open":true,"modal":false,"display":"block","triggerExpanded":"true","active":"note-close"},"log":["event:beforetoggle:note","event:toggle:note","event:close:note","note:first-paint-open active-before=BODY active-after=note-close"],"errors":[]}
  [OK]  35 [firefox] > e2e\decision.spec.ts:305:9 > Angular: server HTML and hydration > A7 pre-hydration <form method="dialog"> close (adopt=0) (3.0s)
RESULT firefox A8 {"state":{"open":true,"modal":true,"display":"block","triggerExpanded":"true","active":"note-close"},"log":["event:beforetoggle:note","note:shown first=true active=note-close","event:toggle:note"]}
  [OK]  36 [firefox] > e2e\decision.spec.ts:326:7 > Angular: server HTML and hydration > A8 modal open-by-default is unchanged: closed on the server, modal after hydration (1.0s)
RESULT webkit P1 {"before":{"open":true,"attr":"","modal":false,"display":"block","active":"BODY"},"error":null,"events":[],"after":{"open":true,"attr":"","modal":false,"display":"block","active":"BODY"}}
  [OK]  37 [webkit] > e2e\decision.spec.ts:50:7 > platform: a dialog parsed with open > P1 show() returns without effect (489ms)
RESULT webkit P2 {"error":"InvalidStateError","events":[],"after":{"open":true,"attr":"","modal":false,"display":"block","active":"BODY"}}
  [OK]  38 [webkit] > e2e\decision.spec.ts:61:7 > platform: a dialog parsed with open > P2 showModal() throws InvalidStateError (381ms)
RESULT webkit P3 {"afterSet":{"events":[],"state":{"open":true,"attr":"","modal":false,"display":"block","active":"BODY"}},"afterClose":{"events":["beforetoggle:c","toggle:c","close:c"],"state":{"open":false,"attr":null,"modal":false,"display":"none","active":"BODY"},"returnValue":"x"},"afterShow":{"events":["beforetoggle:c","toggle:c"],"state":{"open":true,"attr":"","modal":false,"display":"block","active":"c-btn"}},"afterClose2":{"events":["beforetoggle:c","toggle:c","close:c"],"state":{"open":false,"attr":null,"modal":false,"display":"none","active":"BODY"}}}
  [OK]  39 [webkit] > e2e\decision.spec.ts:68:7 > platform: a dialog parsed with open > P3 setAttribute same value, then close(), then show() (1.2s)
RESULT webkit P4 {"afterRemove":{"events":[],"state":{"open":false,"attr":null,"modal":false,"display":"none","active":"BODY"}},"afterShow":{"error":null,"events":["beforetoggle:d","toggle:d"],"state":{"open":true,"attr":"","modal":false,"display":"block","active":"d-btn"}},"afterClose":{"events":["beforetoggle:d","toggle:d","close:d"],"state":{"open":false,"attr":null,"modal":false,"display":"none","active":"BODY"}}}
  [OK]  40 [webkit] > e2e\decision.spec.ts:81:7 > platform: a dialog parsed with open > P4 removeAttribute fires no close event; show() works afterwards (846ms)
RESULT webkit P5 {"active":"e"}
  [OK]  41 [webkit] > e2e\decision.spec.ts:92:7 > platform: a dialog parsed with open > P5 a static autofocus attribute on a dialog parsed open (749ms)
RESULT webkit P6 {"snapshot":"- button \"Note F\" [expanded]\n- dialog \"Dialog F\":\n  - button \"Close F\"\n- button \"Note G\" [expanded]","chromium":null}
  [OK]  42 [webkit] > e2e\decision.spec.ts:99:7 > platform: a dialog parsed with open > P6 accessibility: expanded Trigger beside an open and a closed dialog (540ms)
RESULT webkit A1 {"candidate":{"trigger":"<button type=\"button\" id=\"trigger\" aria-haspopup=\"dialog\" aria-controls=\"note\" class=\"button\" aria-expanded=\"true\" jsaction=\"click:;\">","dialog":"<dialog probereveal=\"\" id=\"note\" aria-label=\"Note\" class=\"reveal without-overlay\" open=\"\">"},"spec":{"trigger":"<button type=\"button\" id=\"trigger\" aria-haspopup=\"dialog\" aria-controls=\"note\" class=\"button\" aria-expanded=\"true\" jsaction=\"click:;\">","dialog":"<dialog probereveal=\"\" id=\"note\" aria-label=\"Note\" class=\"reveal without-overlay\">"},"diverge":{"trigger":"<button type=\"button\" id=\"trigger\" aria-haspopup=\"dialog\" aria-controls=\"note\" class=\"button\" aria-expanded=\"true\" jsaction=\"click:;\">","dialog":"<dialog probereveal=\"\" id=\"note\" aria-label=\"Note\" class=\"reveal without-overlay\" open=\"\">"},"modal":{"trigger":"<button type=\"button\" id=\"trigger\" aria-haspopup=\"dialog\" aria-controls=\"note\" class=\"button\" aria-expanded=\"true\" jsaction=\"click:;\">","dialog":"<dialog probereveal=\"\" id=\"note\" aria-label=\"Note\" class=\"reveal\">"}}
  [OK]  43 [webkit] > e2e\decision.spec.ts:125:7 > Angular: server HTML and hydration > A1 server HTML per variant (133ms)
RESULT webkit A2 {"candidate":{"dialogVisible":true,"triggerExpanded":"true"},"spec":{"dialogVisible":false,"triggerExpanded":"true"},"candidateAfterFormClose":{"dialogVisible":false}}
  [OK]  44 [webkit] > e2e\decision.spec.ts:146:7 > Angular: server HTML and hydration > A2 JavaScript disabled (1.1s)
RESULT webkit A3 {"state":{"open":true,"modal":false,"display":"block","triggerExpanded":"true","active":"note-close"},"log":["note:first-paint-open active-before=BODY active-after=note-close"],"ngDevMode":{"hydratedComponents":2,"hydratedNodes":24,"skipped":0},"jsaction":0,"errors":[]}
  [OK]  45 [webkit] > e2e\decision.spec.ts:169:7 > Angular: server HTML and hydration > A3 hydration keeps the server-rendered open dialog and fires nothing; focus from body goes inside (1.1s)
RESULT webkit A9 {"atType":{"hydrated":0,"dialogVisible":true},"final":{"open":true,"modal":false,"display":"block","triggerExpanded":"true","active":"search"},"value":"abc","log":["note:first-paint-open active-before=search active-after=search"]}
  [OK]  46 [webkit] > e2e\decision.spec.ts:193:7 > Angular: server HTML and hydration > A9 focus the user placed before hydration stays there (2.7s)
RESULT webkit A10 {"beforeHydration":{"hydrated":0,"active":"note"},"afterHydration":{"active":"note-close","autofocusAttr":null,"open":true},"log":["note:first-paint-open active-before=note active-after=note-close"]}
  [OK]  47 [webkit] > e2e\decision.spec.ts:211:7 > Angular: server HTML and hydration > A10 a static autofocus attribute focuses the dialog at load; hydration corrects it (3.2s)
RESULT webkit A4 {"afterClose":{"open":false,"modal":false,"display":"none","triggerExpanded":"false","active":"BODY"},"afterBump":{"open":false,"modal":false,"display":"none","triggerExpanded":"false","active":"BODY","attr":null},"afterReopen":{"open":true,"modal":false,"display":"block","triggerExpanded":"true","active":"note-close"},"afterReopenBump":{"open":true,"modal":false,"display":"block","triggerExpanded":"true","active":"BODY"},"log":["note:first-paint-open active-before=BODY active-after=note-close","event:beforetoggle:note","note:closed-by-directive","event:toggle:note","event:close:note","toggle-click isOpen-before=false","event:beforetoggle:note","note:shown first=false active=note-close","event:toggle:note"]}
  [OK]  48 [webkit] > e2e\decision.spec.ts:239:7 > Angular: server HTML and hydration > A4 a later close is final, no change detection writes open back, reopen uses show() (2.6s)
RESULT webkit A5-candidate {"atClick":{"dialogVisible":true,"triggerExpanded":"true","hydrated":0},"final":{"open":false,"modal":false,"display":"none","triggerExpanded":"false","active":"BODY"},"log":["note:first-paint-open active-before=BODY active-after=note-close","toggle-click isOpen-before=true","event:beforetoggle:note","note:closed-by-directive","event:toggle:note","event:close:note"],"errors":[]}
  [OK]  49 [webkit] > e2e\decision.spec.ts:266:9 > Angular: server HTML and hydration > A5 pre-hydration Trigger click (candidate) (2.8s)
RESULT webkit A5-spec {"atClick":{"dialogVisible":false,"triggerExpanded":"true","hydrated":0},"final":{"open":false,"modal":false,"display":"none","triggerExpanded":"false","active":"BODY"},"log":["event:beforetoggle:note","note:shown first=true active=note-close","toggle-click isOpen-before=true","event:beforetoggle:note","note:closed-by-directive","event:toggle:note","event:close:note"],"errors":[]}
  [OK]  50 [webkit] > e2e\decision.spec.ts:266:9 > Angular: server HTML and hydration > A5 pre-hydration Trigger click (spec) (2.6s)
RESULT webkit A6 {"afterHydration":{"open":false,"modal":false,"display":"none","triggerExpanded":"false","active":"BODY"},"afterOpen":{"open":true,"modal":false,"display":"block","triggerExpanded":"true","active":"note-close"},"log":[],"logAfterOpen":["toggle-click isOpen-before=false","event:beforetoggle:note","note:shown first=false active=note-close","event:toggle:note"]}
  [OK]  51 [webkit] > e2e\decision.spec.ts:288:7 > Angular: server HTML and hydration > A6 client state differs from the server: hydration removes open without a close event (1.6s)
RESULT webkit A7-adopt1 {"atClick":{"dialogOpenAfterClick":false,"hydrated":0},"final":{"open":true,"modal":false,"display":"block","triggerExpanded":"true","active":"note-close"},"log":["event:beforetoggle:note","event:toggle:note","event:close:note","note:first-paint-open active-before=BODY active-after=note-close"],"errors":[]}
  [OK]  52 [webkit] > e2e\decision.spec.ts:305:9 > Angular: server HTML and hydration > A7 pre-hydration <form method="dialog"> close (adopt=1) (2.8s)
RESULT webkit A7-adopt0 {"atClick":{"dialogOpenAfterClick":false,"hydrated":0},"final":{"open":true,"modal":false,"display":"block","triggerExpanded":"true","active":"note-close"},"log":["event:beforetoggle:note","event:toggle:note","event:close:note","note:first-paint-open active-before=BODY active-after=note-close"],"errors":[]}
  [OK]  53 [webkit] > e2e\decision.spec.ts:305:9 > Angular: server HTML and hydration > A7 pre-hydration <form method="dialog"> close (adopt=0) (2.9s)
RESULT webkit A8 {"state":{"open":true,"modal":true,"display":"block","triggerExpanded":"true","active":"note-close"},"log":["event:beforetoggle:note","note:shown first=true active=note-close","event:toggle:note"]}
  [OK]  54 [webkit] > e2e\decision.spec.ts:326:7 > Angular: server HTML and hydration > A8 modal open-by-default is unchanged: closed on the server, modal after hydration (1.2s)

  54 passed (1.5m)
