Running 147 tests using 1 worker
FINDING F1: plan dropdown->drilldown close=[] focus=button "Item 1A"; commit drilldown; rendered drilldown focus=button "Item 1A" open=[Item 1] | passes=[{"to":"drilldown","passes":1,"bad":0,"firstNewOpen":["Item 1"]}] | focus=button "Item 1A" open=[Item 1]
  [OK]    1 [chromium] > e2e\swap.spec.ts:92:7 > Q1 runtime swaps across each threshold (/ssr, hydrated) > F1 dropdown -> drilldown (800 -> 500), focus inside the open submenu (1.6s)
FINDING F2: plan drilldown->dropdown close=[] focus=button "Item 1A"; commit dropdown; rendered dropdown focus=button "Item 1A" open=[Item 1] | passes=[{"to":"dropdown","passes":1,"bad":0,"firstNewOpen":["Item 1"]}] | focus=button "Item 1A" open=[Item 1]
  [OK]    2 [chromium] > e2e\swap.spec.ts:103:7 > Q1 runtime swaps across each threshold (/ssr, hydrated) > F2 drilldown -> dropdown (500 -> 800), focus inside the open level (2.0s)
FINDING F3: plan dropdown->drilldown close=[Item 1] focus=button "Item 1"; commit drilldown; (closed) Item 1 in drilldown; rendered drilldown focus=button "Item 1" open=[] | passes=[{"to":"drilldown","passes":1,"bad":0,"firstNewOpen":[]}] | focus=button "Item 1" open=[]
  [OK]    3 [chromium] > e2e\swap.spec.ts:115:7 > Q1 runtime swaps across each threshold (/ssr, hydrated) > F3 dropdown -> drilldown (800 -> 500), focus on the open submenu toggle (1.4s)
FINDING F4: plan accordion->dropdown close=[Item 1] focus=a "Boards"; commit dropdown; (closed) Item 1 in dropdown; rendered dropdown focus=a "Boards" open=[Products pages] | passes=[{"to":"dropdown","passes":1,"bad":0,"firstNewOpen":["Products pages"]}] | focus=a "Boards" open=[Products pages]
  [OK]    4 [chromium] > e2e\swap.spec.ts:127:7 > Q1 runtime swaps across each threshold (/ssr, hydrated) > F4 accordion -> dropdown (1280 -> 800), two open, focus in the second (2.2s)
FINDING dropdown->accordion: plan dropdown->accordion close=[] focus=button "Item 1A"; commit accordion; rendered accordion focus=button "Item 1A" open=[Item 1] | passes=[{"to":"accordion","passes":1,"bad":0,"firstNewOpen":["Item 1"]}] | focus=button "Item 1A" open=[Item 1]
  [OK]    5 [chromium] > e2e\swap.spec.ts:140:7 > Q1 runtime swaps across each threshold (/ssr, hydrated) > dropdown -> accordion (800 -> 1280), focus inside: nothing closes (1.4s)
FINDING back->dropdown: plan drilldown->dropdown close=[] focus=button "Back to main menu"; commit dropdown; refocus button "Item 1A"; rendered dropdown focus=button "Item 1A" open=[Item 1] | passes=[{"to":"dropdown","passes":1,"bad":0,"firstNewOpen":["Item 1"]}] | focus=button "Item 1A" open=[Item 1]
  [OK]    6 [chromium] > e2e\swap.spec.ts:151:7 > Q1 runtime swaps across each threshold (/ssr, hydrated) > back button, drilldown -> dropdown (500 -> 800): focus to the level first control (1.9s)
FINDING back->accordion: plan drilldown->accordion close=[] focus=button "Back to main menu"; commit accordion; refocus button "Item 1A"; rendered accordion focus=button "Item 1A" open=[Item 1] | passes=[{"to":"accordion","passes":1,"bad":0,"firstNewOpen":["Item 1"]}] | focus=button "Item 1A" open=[Item 1]
  [OK]    7 [chromium] > e2e\swap.spec.ts:164:7 > Q1 runtime swaps across each threshold (/ssr, hydrated) > back button, drilldown -> accordion (500 -> 1280, two thresholds) (1.9s)
FINDING accordion->drilldown focus inside: plan accordion->drilldown close=[Item 1] focus=a "Boards"; commit drilldown; (closed) Item 1 in drilldown; rendered drilldown focus=a "Boards" open=[Products pages] | passes=[{"to":"drilldown","passes":1,"bad":0,"firstNewOpen":["Products pages"]}] | focus=a "Boards" open=[Products pages]
  [OK]    8 [chromium] > e2e\swap.spec.ts:177:7 > Q1 runtime swaps across each threshold (/ssr, hydrated) > accordion -> drilldown (1280 -> 500), focus inside the second open section (2.2s)
FINDING accordion->drilldown focus outside: plan accordion->drilldown close=[Products pages] focus=a "Link after the menu"; commit drilldown; (closed) Products pages in drilldown; rendered drilldown focus=a "Link after the menu" open=[Item 1] | passes=[{"to":"drilldown","passes":1,"bad":0,"firstNewOpen":["Item 1"]}] | focus=a "Link after the menu" open=[Item 1]
  [OK]    9 [chromium] > e2e\swap.spec.ts:194:7 > Q1 runtime swaps across each threshold (/ssr, hydrated) > accordion -> drilldown (1280 -> 500), focus outside: first open per level stays (2.2s)
FINDING accordion->dropdown focus outside: plan accordion->dropdown close=[Item 1,Item 1A] focus=a "Link after the menu"; commit dropdown; (closed) Item 1 in dropdown; (closed) Item 1A in dropdown; rendered dropdown focus=a "Link after the menu" open=[] | passes=[{"to":"dropdown","passes":1,"bad":0,"firstNewOpen":[]}] | focus=a "Link after the menu" open=[]
  [OK]   10 [chromium] > e2e\swap.spec.ts:211:7 > Q1 runtime swaps across each threshold (/ssr, hydrated) > accordion -> dropdown (1280 -> 800), focus outside: every submenu closes (2.2s)
FINDING hybrid-link spec rule: plan dropdown->drilldown close=[] focus=a "Products"; commit drilldown; rendered drilldown focus=a "Products" open=[Products pages] | bad passes=0 | focus=body open=[Products pages]
  [OK]   11 [chromium] > e2e\swap.spec.ts:228:7 > Q1 runtime swaps across each threshold (/ssr, hydrated) > F3 with a Hybrid link: dropdown -> drilldown, focus on the Products link (published rule) (1.4s)
FINDING hybrid-link row rule: plan dropdown->drilldown close=[Products pages] focus=a "Products"; commit drilldown; (closed) Products pages in drilldown; rendered drilldown focus=a "Products" open=[] | passes=[{"to":"drilldown","passes":1,"bad":0,"firstNewOpen":[]}] | focus=a "Products" open=[]
  [OK]   12 [chromium] > e2e\swap.spec.ts:246:7 > Q1 runtime swaps across each threshold (/ssr, hydrated) > F3 with a Hybrid link, row variant (?rule=row) (1.4s)
FINDING axe after swap to dropdown: no violations
FINDING axe after swap to accordion: no violations
FINDING axe after swap to drilldown: no violations
  [OK]   13 [chromium] > e2e\swap.spec.ts:257:7 > Q1 runtime swaps across each threshold (/ssr, hydrated) > axe (WCAG 2.2 AA tags) after each swap: 500 -> 800 -> 1280 -> 500 (4.8s)
FINDING rules F3: plan dropdown->drilldown close=[Item 1] focus=button "Item 1"; commit drilldown; (closed) Item 1 in drilldown; rendered drilldown focus=button "Item 1" open=[] | passes=[{"to":"drilldown","passes":1,"bad":0,"firstNewOpen":[]}] | focus=button "Item 1" open=[]
  [OK]   14 [chromium] > e2e\swap.spec.ts:280:7 > Q1 rules changes (window.__setRules, focus not moved) > F3 by rules: dropdown -> drilldown at 800 (1.4s)
FINDING rules round trip: plan drilldown->accordion close=[] focus=button "Item 1A"; commit accordion; rendered accordion focus=button "Item 1A" open=[Item 1]; plan accordion->drilldown close=[] focus=button "Item 1A"; commit drilldown; rendered drilldown focus=button "Item 1A" open=[Item 1] | passes=[{"to":"accordion","passes":1,"bad":0,"firstNewOpen":["Item 1"]},{"to":"drilldown","passes":2,"bad":0,"firstNewOpen":["Item 1"]}] | focus=button "Item 1A" open=[Item 1]
  [OK]   15 [chromium] > e2e\swap.spec.ts:291:7 > Q1 rules changes (window.__setRules, focus not moved) > rules drilldown -> accordion -> drilldown at 500, focus inside (2.3s)
FINDING pre-hydration /ssr 1280: plan drilldown->accordion close=[] focus=button "Item 1"; commit accordion; rendered accordion focus=button "Item 1" open=[] | passes=[{"to":"accordion","passes":2,"bad":0,"firstNewOpen":[]}] | focus=button "Item 1" open=[]
  [OK]   16 [chromium] > e2e\swap.spec.ts:315:9 > Q1 focus before hydration, main bundle held back > /ssr at 1280: toggle focused before hydration keeps focus (-> accordion) (835ms)
FINDING pre-hydration /prerendered 1280: plan drilldown->accordion close=[] focus=button "Item 1"; commit accordion; rendered accordion focus=button "Item 1" open=[] | passes=[{"to":"accordion","passes":2,"bad":0,"firstNewOpen":[]}] | focus=button "Item 1" open=[]
  [OK]   17 [chromium] > e2e\swap.spec.ts:315:9 > Q1 focus before hydration, main bundle held back > /prerendered at 1280: toggle focused before hydration keeps focus (-> accordion) (821ms)
FINDING pre-hydration /ssr 800: plan drilldown->dropdown close=[] focus=button "Item 1"; commit dropdown; rendered dropdown focus=button "Item 1" open=[] | passes=[{"to":"dropdown","passes":2,"bad":0,"firstNewOpen":[]}] | focus=button "Item 1" open=[]
  [OK]   18 [chromium] > e2e\swap.spec.ts:315:9 > Q1 focus before hydration, main bundle held back > /ssr at 800: toggle focused before hydration keeps focus (-> dropdown) (836ms)
FINDING pre-hydration current, focus Boards: expandedChange true; plan drilldown->dropdown close=[] focus=a "Boards"; commit dropdown; rendered dropdown focus=a "Boards" open=[Products pages] | passes=[{"to":"dropdown","passes":2,"bad":0,"firstNewOpen":["Products pages"]}] | focus=a "Boards" open=[Products pages]
  [OK]   19 [chromium] > e2e\swap.spec.ts:331:7 > Q1 focus before hydration, main bundle held back > /ssr/current at 800: link inside the open level focused before hydration (854ms)
FINDING pre-hydration back 800: expandedChange true; plan drilldown->dropdown close=[] focus=button "Back to main menu"; commit dropdown; refocus a "Boards"; rendered dropdown focus=a "Boards" open=[Products pages] | passes=[{"to":"dropdown","passes":2,"bad":0,"firstNewOpen":["Products pages"]}] | focus=a "Boards" open=[Products pages]
  [OK]   20 [chromium] > e2e\swap.spec.ts:350:9 > Q1 focus before hydration, main bundle held back > /ssr/current at 800: back button focused before hydration -> dropdown (870ms)
FINDING pre-hydration back 1280: expandedChange true; plan drilldown->accordion close=[] focus=button "Back to main menu"; commit accordion; refocus a "Boards"; rendered accordion focus=a "Boards" open=[Products pages] | passes=[{"to":"accordion","passes":2,"bad":0,"firstNewOpen":["Products pages"]}] | focus=a "Boards" open=[Products pages]
  [OK]   21 [chromium] > e2e\swap.spec.ts:350:9 > Q1 focus before hydration, main bundle held back > /ssr/current at 1280: back button focused before hydration -> accordion (912ms)
FINDING /csr 1280: app-rendered@74.2 mq-ctor@118.5 mq-live@138.9 flag@144.7 swap-plan@148.1 swap-commit@148.3 swap-rendered@151.5 | first paint 40.0 | frames between service ctor and swap render=0 | frames between live and rendered=0 | menu frames before swap render=0 () | drilldown frames after live=0 | drilldown frames total=0 | plan drilldown->accordion close=[] focus=body; commit accordion; rendered accordion focus=body open=[]
  [OK]   22 [chromium] > e2e\swap.spec.ts:379:9 > Q2 first-render handoff, no painted frame of the Server breakpoint mode > /csr at 1280: swap committed in the first tick (-> accordion) (837ms)
FINDING /csr 800: app-rendered@64 mq-ctor@104.3 mq-live@124.7 flag@131.1 swap-plan@134.3 swap-commit@134.5 swap-rendered@138 | first paint 32.0 | frames between service ctor and swap render=0 | frames between live and rendered=0 | menu frames before swap render=0 () | drilldown frames after live=0 | drilldown frames total=0 | plan drilldown->dropdown close=[] focus=body; commit dropdown; rendered dropdown focus=body open=[]
  [OK]   23 [chromium] > e2e\swap.spec.ts:379:9 > Q2 first-render handoff, no painted frame of the Server breakpoint mode > /csr at 800: swap committed in the first tick (-> dropdown) (819ms)
FINDING /ssr 1280: app-rendered@83.8 mq-ctor@116.6 mq-live@140.2 flag@142.3 swap-plan@144.5 swap-commit@144.7 swap-rendered@148.9 | first paint 60.0 | frames between service ctor and swap render=0 | frames between live and rendered=0 | menu frames before swap render=3 (drilldown) | drilldown frames after live=0 | drilldown frames total=3 | plan drilldown->accordion close=[] focus=body; commit accordion; rendered accordion focus=body open=[]
  [OK]   24 [chromium] > e2e\swap.spec.ts:379:9 > Q2 first-render handoff, no painted frame of the Server breakpoint mode > /ssr at 1280: swap committed in the first tick (-> accordion) (844ms)
FINDING /ssr 800: app-rendered@72.5 mq-ctor@102.4 mq-live@127.5 flag@130 swap-plan@132.6 swap-commit@132.8 swap-rendered@137.1 | first paint 48.0 | frames between service ctor and swap render=0 | frames between live and rendered=0 | menu frames before swap render=3 (drilldown) | drilldown frames after live=0 | drilldown frames total=3 | plan drilldown->dropdown close=[] focus=body; commit dropdown; rendered dropdown focus=body open=[]
  [OK]   25 [chromium] > e2e\swap.spec.ts:379:9 > Q2 first-render handoff, no painted frame of the Server breakpoint mode > /ssr at 800: swap committed in the first tick (-> dropdown) (830ms)
FINDING /prerendered 1280: app-rendered@79.9 mq-ctor@113.1 mq-live@133.9 flag@136 swap-plan@138.7 swap-commit@138.9 swap-rendered@144.2 | first paint 52.0 | frames between service ctor and swap render=0 | frames between live and rendered=0 | menu frames before swap render=3 (drilldown) | drilldown frames after live=0 | drilldown frames total=3 | plan drilldown->accordion close=[] focus=body; commit accordion; rendered accordion focus=body open=[]
  [OK]   26 [chromium] > e2e\swap.spec.ts:379:9 > Q2 first-render handoff, no painted frame of the Server breakpoint mode > /prerendered at 1280: swap committed in the first tick (-> accordion) (822ms)
FINDING /prerendered 800: app-rendered@83.9 mq-ctor@122.6 mq-live@145.1 flag@147.1 swap-plan@150.7 swap-commit@150.8 swap-rendered@156.6 | first paint 60.0 | frames between service ctor and swap render=0 | frames between live and rendered=0 | menu frames before swap render=3 (drilldown) | drilldown frames after live=0 | drilldown frames total=3 | plan drilldown->dropdown close=[] focus=body; commit dropdown; rendered dropdown focus=body open=[]
  [OK]   27 [chromium] > e2e\swap.spec.ts:379:9 > Q2 first-render handoff, no painted frame of the Server breakpoint mode > /prerendered at 800: swap committed in the first tick (-> dropdown) (820ms)
  [OK]   28 [chromium] > e2e\swap.spec.ts:429:7 > Q2 first-render handoff, no painted frame of the Server breakpoint mode > /ssr at 500: no swap (808ms)
FINDING /late 800: plan drilldown->dropdown close=[] focus=button "Show menu"; commit dropdown; rendered dropdown focus=button "Show menu" open=[] | drilldown frames=0 | menu frames before swap render=0 | frames with menu=30
  [OK]   29 [chromium] > e2e\swap.spec.ts:437:7 > Q2 first-render handoff, no painted frame of the Server breakpoint mode > /late at 800: client-created instance after the service went live (932ms)
FINDING /deferred 1280: plan drilldown->accordion close=[] focus=body; commit accordion; rendered accordion focus=body open=[] | plan saw drilldown | passes before plan=["drilldown"] | frames between hydration pass and swap render=0 | dev before=null after=null
  [OK]   30 [chromium] > e2e\swap.spec.ts:464:11 > Q2 first-render handoff, no painted frame of the Server breakpoint mode > /deferred at 1280: hydrate on viewport hydrates as sent, then swaps (-> accordion) (893ms)
FINDING /deferred 800: plan drilldown->dropdown close=[] focus=body; commit dropdown; rendered dropdown focus=body open=[] | plan saw drilldown | passes before plan=["drilldown"] | frames between hydration pass and swap render=0 | dev before=null after=null
  [OK]   31 [chromium] > e2e\swap.spec.ts:464:11 > Q2 first-render handoff, no painted frame of the Server breakpoint mode > /deferred at 800: hydrate on viewport hydrates as sent, then swaps (-> dropdown) (886ms)
FINDING /deferred-prerendered 1280: plan drilldown->accordion close=[] focus=body; commit accordion; rendered accordion focus=body open=[] | plan saw drilldown | passes before plan=["drilldown"] | frames between hydration pass and swap render=0 | dev before=null after=null
  [OK]   32 [chromium] > e2e\swap.spec.ts:464:11 > Q2 first-render handoff, no painted frame of the Server breakpoint mode > /deferred-prerendered at 1280: hydrate on viewport hydrates as sent, then swaps (-> accordion) (887ms)
FINDING /deferred-prerendered 800: plan drilldown->dropdown close=[] focus=body; commit dropdown; rendered dropdown focus=body open=[] | plan saw drilldown | passes before plan=["drilldown"] | frames between hydration pass and swap render=0 | dev before=null after=null
  [OK]   33 [chromium] > e2e\swap.spec.ts:464:11 > Q2 first-render handoff, no painted frame of the Server breakpoint mode > /deferred-prerendered at 800: hydrate on viewport hydrates as sent, then swaps (-> dropdown) (886ms)
FINDING deferred focus before block hydration: plan drilldown->accordion close=[] focus=button "Item 1"; commit accordion; rendered accordion focus=button "Item 1" open=[] | passes=[{"to":"accordion","passes":2,"bad":0,"firstNewOpen":[]}] | focus=button "Item 1" open=[]
  [OK]   34 [chromium] > e2e\swap.spec.ts:503:7 > Q2 first-render handoff, no painted frame of the Server breakpoint mode > /deferred at 1280: toggle focused before the block hydrates keeps focus (866ms)
FINDING Q3 /csr/current: expandedChange true; plan drilldown->dropdown close=[Products pages] focus=body; expandedChange false; commit dropdown; (closed) Products pages in dropdown; rendered dropdown focus=body open=[] | passes=[{"to":"dropdown","passes":2,"bad":0,"firstNewOpen":[]}] | focus=body open=[]
FINDING Q3 /csr/current expandedChange sequence: [true,false]
  [OK]   35 [chromium] > e2e\swap.spec.ts:519:9 > Q3 swap into dropdown with focus outside closes a static is-active section > /csr/current at 800: first-render swap closes Products, closed once, [(expanded)] false (805ms)
FINDING Q3 /ssr/current: expandedChange true; plan drilldown->dropdown close=[Products pages] focus=body; expandedChange false; commit dropdown; (closed) Products pages in dropdown; rendered dropdown focus=body open=[] | passes=[{"to":"dropdown","passes":2,"bad":0,"firstNewOpen":[]}] | focus=body open=[]
FINDING Q3 /ssr/current expandedChange sequence: [true,false]
  [OK]   36 [chromium] > e2e\swap.spec.ts:519:9 > Q3 swap into dropdown with focus outside closes a static is-active section > /ssr/current at 800: first-render swap closes Products, closed once, [(expanded)] false (815ms)
FINDING Q3 /prerendered/current: expandedChange true; plan drilldown->dropdown close=[Products pages] focus=body; expandedChange false; commit dropdown; (closed) Products pages in dropdown; rendered dropdown focus=body open=[] | passes=[{"to":"dropdown","passes":2,"bad":0,"firstNewOpen":[]}] | focus=body open=[]
FINDING Q3 /prerendered/current expandedChange sequence: [true,false]
  [OK]   37 [chromium] > e2e\swap.spec.ts:519:9 > Q3 swap into dropdown with focus outside closes a static is-active section > /prerendered/current at 800: first-render swap closes Products, closed once, [(expanded)] false (813ms)
FINDING Q3 /deferred/current: expandedChange true; plan drilldown->dropdown close=[Products pages] focus=body; expandedChange false; commit dropdown; (closed) Products pages in dropdown; rendered dropdown focus=body open=[] | passes=[{"to":"dropdown","passes":2,"bad":0,"firstNewOpen":[]}] | focus=body open=[]
FINDING Q3 /deferred/current expandedChange sequence: [true,false]
  [OK]   38 [chromium] > e2e\swap.spec.ts:519:9 > Q3 swap into dropdown with focus outside closes a static is-active section > /deferred/current at 800: first-render swap closes Products, closed once, [(expanded)] false (926ms)
FINDING Q3 /late/current: expandedChange true; plan drilldown->dropdown close=[Products pages] focus=button "Show menu"; expandedChange false; commit dropdown; (closed) Products pages in dropdown; rendered dropdown focus=button "Show menu" open=[] | passes=[{"to":"dropdown","passes":2,"bad":0,"firstNewOpen":[]}] | focus=a "Link after the menu" open=[]
FINDING Q3 /late/current expandedChange sequence: [true,false]
  [OK]   39 [chromium] > e2e\swap.spec.ts:519:9 > Q3 swap into dropdown with focus outside closes a static is-active section > /late/current at 800: first-render swap closes Products, closed once, [(expanded)] false (922ms)
FINDING Q3 accordion keeps: expandedChange true; plan drilldown->accordion close=[] focus=body; commit accordion; rendered accordion focus=body open=[Products pages] | passes=[{"to":"accordion","passes":2,"bad":0,"firstNewOpen":["Products pages"]}] | focus=body open=[Products pages]
  [OK]   40 [chromium] > e2e\swap.spec.ts:555:7 > Q3 swap into dropdown with focus outside closes a static is-active section > /ssr/current at 1280: first-render swap into accordion keeps Products open, no output (852ms)
FINDING Q3 runtime drilldown: plan drilldown->dropdown close=[Products pages] focus=a "Link after the menu"; expandedChange false; commit dropdown; (closed) Products pages in dropdown; rendered dropdown focus=a "Link after the menu" open=[] | passes=[{"to":"dropdown","passes":1,"bad":0,"firstNewOpen":[]}] | focus=a "Link after the menu" open=[]
  [OK]   41 [chromium] > e2e\swap.spec.ts:569:9 > Q3 swap into dropdown with focus outside closes a static is-active section > /ssr/current: runtime swap drilldown -> dropdown with focus outside (1.3s)
FINDING Q3 runtime accordion: plan accordion->dropdown close=[Products pages] focus=a "Link after the menu"; expandedChange false; commit dropdown; (closed) Products pages in dropdown; rendered dropdown focus=a "Link after the menu" open=[] | passes=[{"to":"dropdown","passes":1,"bad":0,"firstNewOpen":[]}] | focus=a "Link after the menu" open=[]
  [OK]   42 [chromium] > e2e\swap.spec.ts:569:9 > Q3 swap into dropdown with focus outside closes a static is-active section > /csr/current: runtime swap accordion -> dropdown with focus outside (1.3s)
FINDING Q3 rules: plan drilldown->dropdown close=[Products pages] focus=a "Link after the menu"; expandedChange false; commit dropdown; (closed) Products pages in dropdown; rendered dropdown focus=a "Link after the menu" open=[] | passes=[{"to":"dropdown","passes":1,"bad":0,"firstNewOpen":[]}] | focus=a "Link after the menu" open=[]
  [OK]   43 [chromium] > e2e\swap.spec.ts:588:7 > Q3 swap into dropdown with focus outside closes a static is-active section > /ssr/current at 500: rules change to dropdown with focus outside (1.3s)
FINDING CONTROL commit=old F3: plan dropdown->drilldown close=[Item 1] focus=button "Item 1"; commit drilldown; rendered drilldown focus=button "Item 1" open=[]; (closed) Item 1 in drilldown | bad passes=[[{"pass":8,"mode":"drilldown","open":["Item 1"],"focus":"button \"Item 1\""}]] | focus=button "Item 1" open=[] | errors=[]
  [OK]   44 [chromium] > e2e\swap.spec.ts:604:7 > Controls > CONTROL ?commit=old (Nested menu spec as written): F3 shows a pass with drilldown over the open submenu (1.4s)
FINDING CONTROL force=1 commit=old F3: forced-style focus=button "Item 1"; plan dropdown->drilldown close=[Item 1] focus=button "Item 1"; commit drilldown; forced-style focus=button "Item 1"; rendered drilldown focus=button "Item 1" open=[]; forced-style focus=button "Item 1"; (closed) Item 1 in drilldown; forced-style focus=button "Item 1" | bad=1 | focus=button "Item 1" open=[] | errors=[]
  [OK]   45 [chromium] > e2e\swap.spec.ts:623:9 > Controls > CONTROL ?force=1 (a style-forcing earlyRead first), commit=old: F3 focus (1.4s)
FINDING CONTROL force=1 commit=amended F3: forced-style focus=button "Item 1"; plan dropdown->drilldown close=[Item 1] focus=button "Item 1"; commit drilldown; (closed) Item 1 in drilldown; forced-style focus=button "Item 1"; rendered drilldown focus=button "Item 1" open=[]; forced-style focus=button "Item 1" | bad=0 | focus=button "Item 1" open=[] | errors=[]
  [OK]   46 [chromium] > e2e\swap.spec.ts:623:9 > Controls > CONTROL ?force=1 (a style-forcing earlyRead first), commit=amended: F3 focus (1.4s)
FINDING CONTROL start=current /deferred: no swap | passes=[{"mode":"dropdown","open":[]}] | open=[] | dev=null | errors=[]
  [OK]   47 [chromium] > e2e\swap.spec.ts:647:9 > Controls > CONTROL ?start=current (ADR 0014 handoff) on /deferred at 800 (896ms)
FINDING CONTROL start=current /deferred/current: expandedChange true | passes=[{"mode":"dropdown","open":["Products pages"]}] | open=[Products pages] | dev=null | errors=[]
  [OK]   48 [chromium] > e2e\swap.spec.ts:647:9 > Controls > CONTROL ?start=current (ADR 0014 handoff) on /deferred/current at 800 (895ms)
FINDING CONTROL start=current /late/current: expandedChange true | open=[Products pages] | errors=[]
  [OK]   49 [chromium] > e2e\swap.spec.ts:666:7 > Controls > CONTROL ?start=current on /late/current at 800: client-created instance skips the swap rule (928ms)
FINDING F1: plan dropdown->drilldown close=[] focus=button "Item 1A"; commit drilldown; rendered drilldown focus=button "Item 1A" open=[Item 1] | passes=[{"to":"drilldown","passes":1,"bad":0,"firstNewOpen":["Item 1"]}] | focus=button "Item 1A" open=[Item 1]
  [OK]   50 [firefox] > e2e\swap.spec.ts:92:7 > Q1 runtime swaps across each threshold (/ssr, hydrated) > F1 dropdown -> drilldown (800 -> 500), focus inside the open submenu (3.1s)
FINDING F2: plan drilldown->dropdown close=[] focus=button "Item 1A"; commit dropdown; rendered dropdown focus=button "Item 1A" open=[Item 1] | passes=[{"to":"dropdown","passes":1,"bad":0,"firstNewOpen":["Item 1"]}] | focus=button "Item 1A" open=[Item 1]
  [OK]   51 [firefox] > e2e\swap.spec.ts:103:7 > Q1 runtime swaps across each threshold (/ssr, hydrated) > F2 drilldown -> dropdown (500 -> 800), focus inside the open level (2.5s)
FINDING F3: plan dropdown->drilldown close=[Item 1] focus=button "Item 1"; commit drilldown; (closed) Item 1 in drilldown; rendered drilldown focus=button "Item 1" open=[] | passes=[{"to":"drilldown","passes":1,"bad":0,"firstNewOpen":[]}] | focus=button "Item 1" open=[]
  [OK]   52 [firefox] > e2e\swap.spec.ts:115:7 > Q1 runtime swaps across each threshold (/ssr, hydrated) > F3 dropdown -> drilldown (800 -> 500), focus on the open submenu toggle (2.0s)
FINDING F4: plan accordion->dropdown close=[Item 1] focus=a "Boards"; commit dropdown; (closed) Item 1 in dropdown; rendered dropdown focus=a "Boards" open=[Products pages] | passes=[{"to":"dropdown","passes":1,"bad":0,"firstNewOpen":["Products pages"]}] | focus=a "Boards" open=[Products pages]
  [OK]   53 [firefox] > e2e\swap.spec.ts:127:7 > Q1 runtime swaps across each threshold (/ssr, hydrated) > F4 accordion -> dropdown (1280 -> 800), two open, focus in the second (3.1s)
FINDING dropdown->accordion: plan dropdown->accordion close=[] focus=button "Item 1A"; commit accordion; rendered accordion focus=button "Item 1A" open=[Item 1] | passes=[{"to":"accordion","passes":1,"bad":0,"firstNewOpen":["Item 1"]}] | focus=button "Item 1A" open=[Item 1]
  [OK]   54 [firefox] > e2e\swap.spec.ts:140:7 > Q1 runtime swaps across each threshold (/ssr, hydrated) > dropdown -> accordion (800 -> 1280), focus inside: nothing closes (2.0s)
FINDING back->dropdown: plan drilldown->dropdown close=[] focus=button "Back to main menu"; commit dropdown; refocus button "Item 1A"; rendered dropdown focus=button "Item 1A" open=[Item 1] | passes=[{"to":"dropdown","passes":1,"bad":0,"firstNewOpen":["Item 1"]}] | focus=button "Item 1A" open=[Item 1]
  [OK]   55 [firefox] > e2e\swap.spec.ts:151:7 > Q1 runtime swaps across each threshold (/ssr, hydrated) > back button, drilldown -> dropdown (500 -> 800): focus to the level first control (2.5s)
FINDING back->accordion: plan drilldown->accordion close=[] focus=button "Back to main menu"; commit accordion; refocus button "Item 1A"; rendered accordion focus=button "Item 1A" open=[Item 1] | passes=[{"to":"accordion","passes":1,"bad":0,"firstNewOpen":["Item 1"]}] | focus=button "Item 1A" open=[Item 1]
  [OK]   56 [firefox] > e2e\swap.spec.ts:164:7 > Q1 runtime swaps across each threshold (/ssr, hydrated) > back button, drilldown -> accordion (500 -> 1280, two thresholds) (2.6s)
FINDING accordion->drilldown focus inside: plan accordion->drilldown close=[Item 1] focus=a "Boards"; commit drilldown; (closed) Item 1 in drilldown; rendered drilldown focus=a "Boards" open=[Products pages] | passes=[{"to":"drilldown","passes":1,"bad":0,"firstNewOpen":["Products pages"]}] | focus=a "Boards" open=[Products pages]
  [OK]   57 [firefox] > e2e\swap.spec.ts:177:7 > Q1 runtime swaps across each threshold (/ssr, hydrated) > accordion -> drilldown (1280 -> 500), focus inside the second open section (2.9s)
FINDING accordion->drilldown focus outside: plan accordion->drilldown close=[Products pages] focus=a "Link after the menu"; commit drilldown; (closed) Products pages in drilldown; rendered drilldown focus=a "Link after the menu" open=[Item 1] | passes=[{"to":"drilldown","passes":1,"bad":0,"firstNewOpen":["Item 1"]}] | focus=a "Link after the menu" open=[Item 1]
  [OK]   58 [firefox] > e2e\swap.spec.ts:194:7 > Q1 runtime swaps across each threshold (/ssr, hydrated) > accordion -> drilldown (1280 -> 500), focus outside: first open per level stays (3.1s)
FINDING accordion->dropdown focus outside: plan accordion->dropdown close=[Item 1,Item 1A] focus=a "Link after the menu"; commit dropdown; (closed) Item 1 in dropdown; (closed) Item 1A in dropdown; rendered dropdown focus=a "Link after the menu" open=[] | passes=[{"to":"dropdown","passes":1,"bad":0,"firstNewOpen":[]}] | focus=a "Link after the menu" open=[]
  [OK]   59 [firefox] > e2e\swap.spec.ts:211:7 > Q1 runtime swaps across each threshold (/ssr, hydrated) > accordion -> dropdown (1280 -> 800), focus outside: every submenu closes (4.1s)
FINDING hybrid-link spec rule: plan dropdown->drilldown close=[] focus=a "Products"; commit drilldown; rendered drilldown focus=a "Products" open=[Products pages] | bad passes=0 | focus=body open=[Products pages]
  [OK]   60 [firefox] > e2e\swap.spec.ts:228:7 > Q1 runtime swaps across each threshold (/ssr, hydrated) > F3 with a Hybrid link: dropdown -> drilldown, focus on the Products link (published rule) (2.2s)
FINDING hybrid-link row rule: plan dropdown->drilldown close=[Products pages] focus=a "Products"; commit drilldown; (closed) Products pages in drilldown; rendered drilldown focus=a "Products" open=[] | passes=[{"to":"drilldown","passes":1,"bad":0,"firstNewOpen":[]}] | focus=a "Products" open=[]
  [OK]   61 [firefox] > e2e\swap.spec.ts:246:7 > Q1 runtime swaps across each threshold (/ssr, hydrated) > F3 with a Hybrid link, row variant (?rule=row) (2.0s)
FINDING axe after swap to dropdown: no violations
FINDING axe after swap to accordion: no violations
FINDING axe after swap to drilldown: no violations
  [OK]   62 [firefox] > e2e\swap.spec.ts:257:7 > Q1 runtime swaps across each threshold (/ssr, hydrated) > axe (WCAG 2.2 AA tags) after each swap: 500 -> 800 -> 1280 -> 500 (7.0s)
FINDING rules F3: plan dropdown->drilldown close=[Item 1] focus=button "Item 1"; commit drilldown; (closed) Item 1 in drilldown; rendered drilldown focus=button "Item 1" open=[] | passes=[{"to":"drilldown","passes":1,"bad":0,"firstNewOpen":[]}] | focus=button "Item 1" open=[]
  [OK]   63 [firefox] > e2e\swap.spec.ts:280:7 > Q1 rules changes (window.__setRules, focus not moved) > F3 by rules: dropdown -> drilldown at 800 (2.0s)
FINDING rules round trip: plan drilldown->accordion close=[] focus=button "Item 1A"; commit accordion; rendered accordion focus=button "Item 1A" open=[Item 1]; plan accordion->drilldown close=[] focus=button "Item 1A"; commit drilldown; rendered drilldown focus=button "Item 1A" open=[Item 1] | passes=[{"to":"accordion","passes":1,"bad":0,"firstNewOpen":["Item 1"]},{"to":"drilldown","passes":2,"bad":0,"firstNewOpen":["Item 1"]}] | focus=button "Item 1A" open=[Item 1]
  [OK]   64 [firefox] > e2e\swap.spec.ts:291:7 > Q1 rules changes (window.__setRules, focus not moved) > rules drilldown -> accordion -> drilldown at 500, focus inside (3.0s)
FINDING pre-hydration /ssr 1280: plan drilldown->accordion close=[] focus=button "Item 1"; commit accordion; rendered accordion focus=button "Item 1" open=[] | passes=[{"to":"accordion","passes":2,"bad":0,"firstNewOpen":[]}] | focus=button "Item 1" open=[]
  [OK]   65 [firefox] > e2e\swap.spec.ts:315:9 > Q1 focus before hydration, main bundle held back > /ssr at 1280: toggle focused before hydration keeps focus (-> accordion) (1.3s)
FINDING pre-hydration /prerendered 1280: plan drilldown->accordion close=[] focus=button "Item 1"; commit accordion; rendered accordion focus=button "Item 1" open=[] | passes=[{"to":"accordion","passes":2,"bad":0,"firstNewOpen":[]}] | focus=button "Item 1" open=[]
  [OK]   66 [firefox] > e2e\swap.spec.ts:315:9 > Q1 focus before hydration, main bundle held back > /prerendered at 1280: toggle focused before hydration keeps focus (-> accordion) (1.3s)
FINDING pre-hydration /ssr 800: plan drilldown->dropdown close=[] focus=button "Item 1"; commit dropdown; rendered dropdown focus=button "Item 1" open=[] | passes=[{"to":"dropdown","passes":2,"bad":0,"firstNewOpen":[]}] | focus=button "Item 1" open=[]
  [OK]   67 [firefox] > e2e\swap.spec.ts:315:9 > Q1 focus before hydration, main bundle held back > /ssr at 800: toggle focused before hydration keeps focus (-> dropdown) (1.3s)
FINDING pre-hydration current, focus Boards: expandedChange true; plan drilldown->dropdown close=[] focus=a "Boards"; commit dropdown; rendered dropdown focus=a "Boards" open=[Products pages] | passes=[{"to":"dropdown","passes":2,"bad":0,"firstNewOpen":["Products pages"]}] | focus=a "Boards" open=[Products pages]
  [OK]   68 [firefox] > e2e\swap.spec.ts:331:7 > Q1 focus before hydration, main bundle held back > /ssr/current at 800: link inside the open level focused before hydration (1.3s)
FINDING pre-hydration back 800: expandedChange true; plan drilldown->dropdown close=[] focus=button "Back to main menu"; commit dropdown; refocus a "Boards"; rendered dropdown focus=a "Boards" open=[Products pages] | passes=[{"to":"dropdown","passes":2,"bad":0,"firstNewOpen":["Products pages"]}] | focus=a "Boards" open=[Products pages]
  [OK]   69 [firefox] > e2e\swap.spec.ts:350:9 > Q1 focus before hydration, main bundle held back > /ssr/current at 800: back button focused before hydration -> dropdown (3.5s)
FINDING pre-hydration back 1280: expandedChange true; plan drilldown->accordion close=[] focus=button "Back to main menu"; commit accordion; refocus a "Boards"; rendered accordion focus=a "Boards" open=[Products pages] | passes=[{"to":"accordion","passes":2,"bad":0,"firstNewOpen":["Products pages"]}] | focus=a "Boards" open=[Products pages]
  [OK]   70 [firefox] > e2e\swap.spec.ts:350:9 > Q1 focus before hydration, main bundle held back > /ssr/current at 1280: back button focused before hydration -> accordion (1.5s)
FINDING /csr 1280: app-rendered@111 mq-ctor@140 mq-live@162 flag@168 swap-plan@170 swap-commit@171 swap-rendered@175 | first paint 178.0 | frames between service ctor and swap render=0 | frames between live and rendered=0 | menu frames before swap render=0 () | drilldown frames after live=0 | drilldown frames total=0 | plan drilldown->accordion close=[] focus=body; commit accordion; rendered accordion focus=body open=[]
  [OK]   71 [firefox] > e2e\swap.spec.ts:379:9 > Q2 first-render handoff, no painted frame of the Server breakpoint mode > /csr at 1280: swap committed in the first tick (-> accordion) (1.2s)
FINDING /csr 800: app-rendered@116 mq-ctor@139 mq-live@160 flag@168 swap-plan@170 swap-commit@170 swap-rendered@174 | first paint 177.0 | frames between service ctor and swap render=0 | frames between live and rendered=0 | menu frames before swap render=0 () | drilldown frames after live=0 | drilldown frames total=0 | plan drilldown->dropdown close=[] focus=body; commit dropdown; rendered dropdown focus=body open=[]
  [OK]   72 [firefox] > e2e\swap.spec.ts:379:9 > Q2 first-render handoff, no painted frame of the Server breakpoint mode > /csr at 800: swap committed in the first tick (-> dropdown) (1.3s)
FINDING /ssr 1280: app-rendered@125 mq-ctor@148 mq-live@173 flag@176 swap-plan@179 swap-commit@179 swap-rendered@184 | first paint 75.0 | frames between service ctor and swap render=0 | frames between live and rendered=0 | menu frames before swap render=3 (drilldown) | drilldown frames after live=0 | drilldown frames total=3 | plan drilldown->accordion close=[] focus=body; commit accordion; rendered accordion focus=body open=[]
  [OK]   73 [firefox] > e2e\swap.spec.ts:379:9 > Q2 first-render handoff, no painted frame of the Server breakpoint mode > /ssr at 1280: swap committed in the first tick (-> accordion) (1.2s)
FINDING /ssr 800: app-rendered@131 mq-ctor@158 mq-live@179 flag@180 swap-plan@183 swap-commit@184 swap-rendered@188 | first paint 65.0 | frames between service ctor and swap render=0 | frames between live and rendered=0 | menu frames before swap render=4 (drilldown) | drilldown frames after live=0 | drilldown frames total=4 | plan drilldown->dropdown close=[] focus=body; commit dropdown; rendered dropdown focus=body open=[]
  [OK]   74 [firefox] > e2e\swap.spec.ts:379:9 > Q2 first-render handoff, no painted frame of the Server breakpoint mode > /ssr at 800: swap committed in the first tick (-> dropdown) (1.3s)
FINDING /prerendered 1280: app-rendered@150 mq-ctor@171 mq-live@193 flag@194 swap-plan@196 swap-commit@196 swap-rendered@202 | first paint 73.0 | frames between service ctor and swap render=0 | frames between live and rendered=0 | menu frames before swap render=4 (drilldown) | drilldown frames after live=0 | drilldown frames total=4 | plan drilldown->accordion close=[] focus=body; commit accordion; rendered accordion focus=body open=[]
  [OK]   75 [firefox] > e2e\swap.spec.ts:379:9 > Q2 first-render handoff, no painted frame of the Server breakpoint mode > /prerendered at 1280: swap committed in the first tick (-> accordion) (1.4s)
FINDING /prerendered 800: app-rendered@121 mq-ctor@149 mq-live@174 flag@177 swap-plan@179 swap-commit@179 swap-rendered@186 | first paint 64.0 | frames between service ctor and swap render=0 | frames between live and rendered=0 | menu frames before swap render=2 (drilldown) | drilldown frames after live=0 | drilldown frames total=2 | plan drilldown->dropdown close=[] focus=body; commit dropdown; rendered dropdown focus=body open=[]
  [OK]   76 [firefox] > e2e\swap.spec.ts:379:9 > Q2 first-render handoff, no painted frame of the Server breakpoint mode > /prerendered at 800: swap committed in the first tick (-> dropdown) (1.3s)
  [OK]   77 [firefox] > e2e\swap.spec.ts:429:7 > Q2 first-render handoff, no painted frame of the Server breakpoint mode > /ssr at 500: no swap (1.3s)
FINDING /late 800: plan drilldown->dropdown close=[] focus=button "Show menu"; commit dropdown; rendered dropdown focus=button "Show menu" open=[] | drilldown frames=0 | menu frames before swap render=0 | frames with menu=20
  [OK]   78 [firefox] > e2e\swap.spec.ts:437:7 > Q2 first-render handoff, no painted frame of the Server breakpoint mode > /late at 800: client-created instance after the service went live (1.5s)
FINDING /deferred 1280: plan drilldown->accordion close=[] focus=body; commit accordion; rendered accordion focus=body open=[] | plan saw drilldown | passes before plan=["drilldown"] | frames between hydration pass and swap render=0 | dev before=null after=null
  [OK]   79 [firefox] > e2e\swap.spec.ts:464:11 > Q2 first-render handoff, no painted frame of the Server breakpoint mode > /deferred at 1280: hydrate on viewport hydrates as sent, then swaps (-> accordion) (2.9s)
FINDING /deferred 800: plan drilldown->dropdown close=[] focus=body; commit dropdown; rendered dropdown focus=body open=[] | plan saw drilldown | passes before plan=["drilldown"] | frames between hydration pass and swap render=0 | dev before=null after=null
  [OK]   80 [firefox] > e2e\swap.spec.ts:464:11 > Q2 first-render handoff, no painted frame of the Server breakpoint mode > /deferred at 800: hydrate on viewport hydrates as sent, then swaps (-> dropdown) (1.6s)
FINDING /deferred-prerendered 1280: plan drilldown->accordion close=[] focus=body; commit accordion; rendered accordion focus=body open=[] | plan saw drilldown | passes before plan=["drilldown"] | frames between hydration pass and swap render=0 | dev before=null after=null
  [OK]   81 [firefox] > e2e\swap.spec.ts:464:11 > Q2 first-render handoff, no painted frame of the Server breakpoint mode > /deferred-prerendered at 1280: hydrate on viewport hydrates as sent, then swaps (-> accordion) (1.5s)
FINDING /deferred-prerendered 800: plan drilldown->dropdown close=[] focus=body; commit dropdown; rendered dropdown focus=body open=[] | plan saw drilldown | passes before plan=["drilldown"] | frames between hydration pass and swap render=0 | dev before=null after=null
  [OK]   82 [firefox] > e2e\swap.spec.ts:464:11 > Q2 first-render handoff, no painted frame of the Server breakpoint mode > /deferred-prerendered at 800: hydrate on viewport hydrates as sent, then swaps (-> dropdown) (1.4s)
FINDING deferred focus before block hydration: plan drilldown->accordion close=[] focus=button "Item 1"; commit accordion; rendered accordion focus=button "Item 1" open=[] | passes=[{"to":"accordion","passes":2,"bad":0,"firstNewOpen":[]}] | focus=button "Item 1" open=[]
  [OK]   83 [firefox] > e2e\swap.spec.ts:503:7 > Q2 first-render handoff, no painted frame of the Server breakpoint mode > /deferred at 1280: toggle focused before the block hydrates keeps focus (1.4s)
FINDING Q3 /csr/current: expandedChange true; plan drilldown->dropdown close=[Products pages] focus=body; expandedChange false; commit dropdown; (closed) Products pages in dropdown; rendered dropdown focus=body open=[] | passes=[{"to":"dropdown","passes":2,"bad":0,"firstNewOpen":[]}] | focus=body open=[]
FINDING Q3 /csr/current expandedChange sequence: [true,false]
  [OK]   84 [firefox] > e2e\swap.spec.ts:519:9 > Q3 swap into dropdown with focus outside closes a static is-active section > /csr/current at 800: first-render swap closes Products, closed once, [(expanded)] false (1.3s)
FINDING Q3 /ssr/current: expandedChange true; plan drilldown->dropdown close=[Products pages] focus=body; expandedChange false; commit dropdown; (closed) Products pages in dropdown; rendered dropdown focus=body open=[] | passes=[{"to":"dropdown","passes":2,"bad":0,"firstNewOpen":[]}] | focus=body open=[]
FINDING Q3 /ssr/current expandedChange sequence: [true,false]
  [OK]   85 [firefox] > e2e\swap.spec.ts:519:9 > Q3 swap into dropdown with focus outside closes a static is-active section > /ssr/current at 800: first-render swap closes Products, closed once, [(expanded)] false (1.3s)
FINDING Q3 /prerendered/current: expandedChange true; plan drilldown->dropdown close=[Products pages] focus=body; expandedChange false; commit dropdown; (closed) Products pages in dropdown; rendered dropdown focus=body open=[] | passes=[{"to":"dropdown","passes":2,"bad":0,"firstNewOpen":[]}] | focus=body open=[]
FINDING Q3 /prerendered/current expandedChange sequence: [true,false]
  [OK]   86 [firefox] > e2e\swap.spec.ts:519:9 > Q3 swap into dropdown with focus outside closes a static is-active section > /prerendered/current at 800: first-render swap closes Products, closed once, [(expanded)] false (1.4s)
FINDING Q3 /deferred/current: expandedChange true; plan drilldown->dropdown close=[Products pages] focus=body; expandedChange false; commit dropdown; (closed) Products pages in dropdown; rendered dropdown focus=body open=[] | passes=[{"to":"dropdown","passes":2,"bad":0,"firstNewOpen":[]}] | focus=body open=[]
FINDING Q3 /deferred/current expandedChange sequence: [true,false]
  [OK]   87 [firefox] > e2e\swap.spec.ts:519:9 > Q3 swap into dropdown with focus outside closes a static is-active section > /deferred/current at 800: first-render swap closes Products, closed once, [(expanded)] false (1.5s)
FINDING Q3 /late/current: expandedChange true; plan drilldown->dropdown close=[Products pages] focus=button "Show menu"; expandedChange false; commit dropdown; (closed) Products pages in dropdown; rendered dropdown focus=button "Show menu" open=[] | passes=[{"to":"dropdown","passes":2,"bad":0,"firstNewOpen":[]}] | focus=a "Link after the menu" open=[]
FINDING Q3 /late/current expandedChange sequence: [true,false]
  [OK]   88 [firefox] > e2e\swap.spec.ts:519:9 > Q3 swap into dropdown with focus outside closes a static is-active section > /late/current at 800: first-render swap closes Products, closed once, [(expanded)] false (1.4s)
FINDING Q3 accordion keeps: expandedChange true; plan drilldown->accordion close=[] focus=body; commit accordion; rendered accordion focus=body open=[Products pages] | passes=[{"to":"accordion","passes":2,"bad":0,"firstNewOpen":["Products pages"]}] | focus=body open=[Products pages]
  [OK]   89 [firefox] > e2e\swap.spec.ts:555:7 > Q3 swap into dropdown with focus outside closes a static is-active section > /ssr/current at 1280: first-render swap into accordion keeps Products open, no output (2.8s)
FINDING Q3 runtime drilldown: plan drilldown->dropdown close=[Products pages] focus=a "Link after the menu"; expandedChange false; commit dropdown; (closed) Products pages in dropdown; rendered dropdown focus=a "Link after the menu" open=[] | passes=[{"to":"dropdown","passes":1,"bad":0,"firstNewOpen":[]}] | focus=a "Link after the menu" open=[]
  [OK]   90 [firefox] > e2e\swap.spec.ts:569:9 > Q3 swap into dropdown with focus outside closes a static is-active section > /ssr/current: runtime swap drilldown -> dropdown with focus outside (2.0s)
FINDING Q3 runtime accordion: plan accordion->dropdown close=[Products pages] focus=a "Link after the menu"; expandedChange false; commit dropdown; (closed) Products pages in dropdown; rendered dropdown focus=a "Link after the menu" open=[] | passes=[{"to":"dropdown","passes":1,"bad":0,"firstNewOpen":[]}] | focus=a "Link after the menu" open=[]
  [OK]   91 [firefox] > e2e\swap.spec.ts:569:9 > Q3 swap into dropdown with focus outside closes a static is-active section > /csr/current: runtime swap accordion -> dropdown with focus outside (1.9s)
FINDING Q3 rules: plan drilldown->dropdown close=[Products pages] focus=a "Link after the menu"; expandedChange false; commit dropdown; (closed) Products pages in dropdown; rendered dropdown focus=a "Link after the menu" open=[] | passes=[{"to":"dropdown","passes":1,"bad":0,"firstNewOpen":[]}] | focus=a "Link after the menu" open=[]
  [OK]   92 [firefox] > e2e\swap.spec.ts:588:7 > Q3 swap into dropdown with focus outside closes a static is-active section > /ssr/current at 500: rules change to dropdown with focus outside (1.9s)
FINDING CONTROL commit=old F3: plan dropdown->drilldown close=[Item 1] focus=button "Item 1"; commit drilldown; rendered drilldown focus=button "Item 1" open=[]; (closed) Item 1 in drilldown | bad passes=[[{"pass":8,"mode":"drilldown","open":["Item 1"],"focus":"button \"Item 1\""}]] | focus=button "Item 1" open=[] | errors=[]
  [OK]   93 [firefox] > e2e\swap.spec.ts:604:7 > Controls > CONTROL ?commit=old (Nested menu spec as written): F3 shows a pass with drilldown over the open submenu (2.0s)
FINDING CONTROL force=1 commit=old F3: forced-style focus=button "Item 1"; plan dropdown->drilldown close=[Item 1] focus=button "Item 1"; commit drilldown; forced-style focus=button "Item 1"; rendered drilldown focus=button "Item 1" open=[]; forced-style focus=button "Item 1"; (closed) Item 1 in drilldown; forced-style focus=button "Item 1" | bad=1 | focus=button "Item 1" open=[] | errors=[]
  [OK]   94 [firefox] > e2e\swap.spec.ts:623:9 > Controls > CONTROL ?force=1 (a style-forcing earlyRead first), commit=old: F3 focus (2.1s)
FINDING CONTROL force=1 commit=amended F3: forced-style focus=button "Item 1"; plan dropdown->drilldown close=[Item 1] focus=button "Item 1"; commit drilldown; (closed) Item 1 in drilldown; forced-style focus=button "Item 1"; rendered drilldown focus=button "Item 1" open=[]; forced-style focus=button "Item 1" | bad=0 | focus=button "Item 1" open=[] | errors=[]
  [OK]   95 [firefox] > e2e\swap.spec.ts:623:9 > Controls > CONTROL ?force=1 (a style-forcing earlyRead first), commit=amended: F3 focus (2.1s)
FINDING CONTROL start=current /deferred: no swap | passes=[{"mode":"dropdown","open":[]}] | open=[] | dev=null | errors=[]
  [OK]   96 [firefox] > e2e\swap.spec.ts:647:9 > Controls > CONTROL ?start=current (ADR 0014 handoff) on /deferred at 800 (1.5s)
FINDING CONTROL start=current /deferred/current: expandedChange true | passes=[{"mode":"dropdown","open":["Products pages"]}] | open=[Products pages] | dev=null | errors=[]
  [OK]   97 [firefox] > e2e\swap.spec.ts:647:9 > Controls > CONTROL ?start=current (ADR 0014 handoff) on /deferred/current at 800 (1.4s)
FINDING CONTROL start=current /late/current: expandedChange true | open=[Products pages] | errors=[]
  [OK]   98 [firefox] > e2e\swap.spec.ts:666:7 > Controls > CONTROL ?start=current on /late/current at 800: client-created instance skips the swap rule (1.4s)
FINDING F1: plan dropdown->drilldown close=[] focus=button "Item 1A"; commit drilldown; rendered drilldown focus=button "Item 1A" open=[Item 1] | passes=[{"to":"drilldown","passes":1,"bad":0,"firstNewOpen":["Item 1"]}] | focus=button "Item 1A" open=[Item 1]
  [OK]   99 [webkit] > e2e\swap.spec.ts:92:7 > Q1 runtime swaps across each threshold (/ssr, hydrated) > F1 dropdown -> drilldown (800 -> 500), focus inside the open submenu (1.8s)
FINDING F2: plan drilldown->dropdown close=[] focus=button "Item 1A"; commit dropdown; rendered dropdown focus=button "Item 1A" open=[Item 1] | passes=[{"to":"dropdown","passes":1,"bad":0,"firstNewOpen":["Item 1"]}] | focus=button "Item 1A" open=[Item 1]
  [OK]  100 [webkit] > e2e\swap.spec.ts:103:7 > Q1 runtime swaps across each threshold (/ssr, hydrated) > F2 drilldown -> dropdown (500 -> 800), focus inside the open level (2.4s)
FINDING F3: plan dropdown->drilldown close=[Item 1] focus=button "Item 1"; commit drilldown; (closed) Item 1 in drilldown; rendered drilldown focus=button "Item 1" open=[] | passes=[{"to":"drilldown","passes":1,"bad":0,"firstNewOpen":[]}] | focus=button "Item 1" open=[]
  [OK]  101 [webkit] > e2e\swap.spec.ts:115:7 > Q1 runtime swaps across each threshold (/ssr, hydrated) > F3 dropdown -> drilldown (800 -> 500), focus on the open submenu toggle (1.8s)
FINDING F4: plan accordion->dropdown close=[Item 1] focus=a "Boards"; commit dropdown; (closed) Item 1 in dropdown; rendered dropdown focus=a "Boards" open=[Products pages] | passes=[{"to":"dropdown","passes":1,"bad":0,"firstNewOpen":["Products pages"]}] | focus=a "Boards" open=[Products pages]
  [OK]  102 [webkit] > e2e\swap.spec.ts:127:7 > Q1 runtime swaps across each threshold (/ssr, hydrated) > F4 accordion -> dropdown (1280 -> 800), two open, focus in the second (2.7s)
FINDING dropdown->accordion: plan dropdown->accordion close=[] focus=button "Item 1A"; commit accordion; rendered accordion focus=button "Item 1A" open=[Item 1] | passes=[{"to":"accordion","passes":1,"bad":0,"firstNewOpen":["Item 1"]}] | focus=button "Item 1A" open=[Item 1]
  [OK]  103 [webkit] > e2e\swap.spec.ts:140:7 > Q1 runtime swaps across each threshold (/ssr, hydrated) > dropdown -> accordion (800 -> 1280), focus inside: nothing closes (2.1s)
FINDING back->dropdown: plan drilldown->dropdown close=[] focus=button "Back to main menu"; commit dropdown; refocus button "Item 1A"; rendered dropdown focus=button "Item 1A" open=[Item 1] | passes=[{"to":"dropdown","passes":1,"bad":0,"firstNewOpen":["Item 1"]}] | focus=button "Item 1A" open=[Item 1]
  [OK]  104 [webkit] > e2e\swap.spec.ts:151:7 > Q1 runtime swaps across each threshold (/ssr, hydrated) > back button, drilldown -> dropdown (500 -> 800): focus to the level first control (2.5s)
FINDING back->accordion: plan drilldown->accordion close=[] focus=button "Back to main menu"; commit accordion; refocus button "Item 1A"; rendered accordion focus=button "Item 1A" open=[Item 1] | passes=[{"to":"accordion","passes":1,"bad":0,"firstNewOpen":["Item 1"]}] | focus=button "Item 1A" open=[Item 1]
  [OK]  105 [webkit] > e2e\swap.spec.ts:164:7 > Q1 runtime swaps across each threshold (/ssr, hydrated) > back button, drilldown -> accordion (500 -> 1280, two thresholds) (2.2s)
FINDING accordion->drilldown focus inside: plan accordion->drilldown close=[Item 1] focus=a "Boards"; commit drilldown; (closed) Item 1 in drilldown; rendered drilldown focus=a "Boards" open=[Products pages] | passes=[{"to":"drilldown","passes":1,"bad":0,"firstNewOpen":["Products pages"]}] | focus=a "Boards" open=[Products pages]
  [OK]  106 [webkit] > e2e\swap.spec.ts:177:7 > Q1 runtime swaps across each threshold (/ssr, hydrated) > accordion -> drilldown (1280 -> 500), focus inside the second open section (2.7s)
FINDING accordion->drilldown focus outside: plan accordion->drilldown close=[Products pages] focus=a "Link after the menu"; commit drilldown; (closed) Products pages in drilldown; rendered drilldown focus=a "Link after the menu" open=[Item 1] | passes=[{"to":"drilldown","passes":1,"bad":0,"firstNewOpen":["Item 1"]}] | focus=a "Link after the menu" open=[Item 1]
  [OK]  107 [webkit] > e2e\swap.spec.ts:194:7 > Q1 runtime swaps across each threshold (/ssr, hydrated) > accordion -> drilldown (1280 -> 500), focus outside: first open per level stays (2.9s)
FINDING accordion->dropdown focus outside: plan accordion->dropdown close=[Item 1,Item 1A] focus=a "Link after the menu"; commit dropdown; (closed) Item 1 in dropdown; (closed) Item 1A in dropdown; rendered dropdown focus=a "Link after the menu" open=[] | passes=[{"to":"dropdown","passes":1,"bad":0,"firstNewOpen":[]}] | focus=a "Link after the menu" open=[]
  [OK]  108 [webkit] > e2e\swap.spec.ts:211:7 > Q1 runtime swaps across each threshold (/ssr, hydrated) > accordion -> dropdown (1280 -> 800), focus outside: every submenu closes (3.1s)
FINDING hybrid-link spec rule: plan dropdown->drilldown close=[] focus=a "Products"; commit drilldown; rendered drilldown focus=a "Products" open=[Products pages] | bad passes=0 | focus=body open=[Products pages]
  [OK]  109 [webkit] > e2e\swap.spec.ts:228:7 > Q1 runtime swaps across each threshold (/ssr, hydrated) > F3 with a Hybrid link: dropdown -> drilldown, focus on the Products link (published rule) (2.2s)
FINDING hybrid-link row rule: plan dropdown->drilldown close=[Products pages] focus=a "Products"; commit drilldown; (closed) Products pages in drilldown; rendered drilldown focus=a "Products" open=[] | passes=[{"to":"drilldown","passes":1,"bad":0,"firstNewOpen":[]}] | focus=a "Products" open=[]
  [OK]  110 [webkit] > e2e\swap.spec.ts:246:7 > Q1 runtime swaps across each threshold (/ssr, hydrated) > F3 with a Hybrid link, row variant (?rule=row) (2.1s)
FINDING axe after swap to dropdown: no violations
FINDING axe after swap to accordion: no violations
FINDING axe after swap to drilldown: no violations
  [OK]  111 [webkit] > e2e\swap.spec.ts:257:7 > Q1 runtime swaps across each threshold (/ssr, hydrated) > axe (WCAG 2.2 AA tags) after each swap: 500 -> 800 -> 1280 -> 500 (6.3s)
FINDING rules F3: plan dropdown->drilldown close=[Item 1] focus=button "Item 1"; commit drilldown; (closed) Item 1 in drilldown; rendered drilldown focus=button "Item 1" open=[] | passes=[{"to":"drilldown","passes":1,"bad":0,"firstNewOpen":[]}] | focus=button "Item 1" open=[]
  [OK]  112 [webkit] > e2e\swap.spec.ts:280:7 > Q1 rules changes (window.__setRules, focus not moved) > F3 by rules: dropdown -> drilldown at 800 (1.7s)
FINDING rules round trip: plan drilldown->accordion close=[] focus=button "Item 1A"; commit accordion; rendered accordion focus=button "Item 1A" open=[Item 1]; plan accordion->drilldown close=[] focus=button "Item 1A"; commit drilldown; rendered drilldown focus=button "Item 1A" open=[Item 1] | passes=[{"to":"accordion","passes":1,"bad":0,"firstNewOpen":["Item 1"]},{"to":"drilldown","passes":2,"bad":0,"firstNewOpen":["Item 1"]}] | focus=button "Item 1A" open=[Item 1]
  [OK]  113 [webkit] > e2e\swap.spec.ts:291:7 > Q1 rules changes (window.__setRules, focus not moved) > rules drilldown -> accordion -> drilldown at 500, focus inside (2.7s)
FINDING pre-hydration /ssr 1280: plan drilldown->accordion close=[] focus=button "Item 1"; commit accordion; rendered accordion focus=button "Item 1" open=[] | passes=[{"to":"accordion","passes":2,"bad":0,"firstNewOpen":[]}] | focus=button "Item 1" open=[]
  [OK]  114 [webkit] > e2e\swap.spec.ts:315:9 > Q1 focus before hydration, main bundle held back > /ssr at 1280: toggle focused before hydration keeps focus (-> accordion) (1.5s)
FINDING pre-hydration /prerendered 1280: plan drilldown->accordion close=[] focus=button "Item 1"; commit accordion; rendered accordion focus=button "Item 1" open=[] | passes=[{"to":"accordion","passes":2,"bad":0,"firstNewOpen":[]}] | focus=button "Item 1" open=[]
  [OK]  115 [webkit] > e2e\swap.spec.ts:315:9 > Q1 focus before hydration, main bundle held back > /prerendered at 1280: toggle focused before hydration keeps focus (-> accordion) (1.1s)
FINDING pre-hydration /ssr 800: plan drilldown->dropdown close=[] focus=button "Item 1"; commit dropdown; rendered dropdown focus=button "Item 1" open=[] | passes=[{"to":"dropdown","passes":2,"bad":0,"firstNewOpen":[]}] | focus=button "Item 1" open=[]
  [OK]  116 [webkit] > e2e\swap.spec.ts:315:9 > Q1 focus before hydration, main bundle held back > /ssr at 800: toggle focused before hydration keeps focus (-> dropdown) (1.1s)
FINDING pre-hydration current, focus Boards: expandedChange true; plan drilldown->dropdown close=[] focus=a "Boards"; commit dropdown; rendered dropdown focus=a "Boards" open=[Products pages] | passes=[{"to":"dropdown","passes":2,"bad":0,"firstNewOpen":["Products pages"]}] | focus=a "Boards" open=[Products pages]
  [OK]  117 [webkit] > e2e\swap.spec.ts:331:7 > Q1 focus before hydration, main bundle held back > /ssr/current at 800: link inside the open level focused before hydration (1.1s)
FINDING pre-hydration back 800: expandedChange true; plan drilldown->dropdown close=[] focus=button "Back to main menu"; commit dropdown; refocus a "Boards"; rendered dropdown focus=a "Boards" open=[Products pages] | passes=[{"to":"dropdown","passes":2,"bad":0,"firstNewOpen":["Products pages"]}] | focus=a "Boards" open=[Products pages]
  [OK]  118 [webkit] > e2e\swap.spec.ts:350:9 > Q1 focus before hydration, main bundle held back > /ssr/current at 800: back button focused before hydration -> dropdown (1.1s)
FINDING pre-hydration back 1280: expandedChange true; plan drilldown->accordion close=[] focus=button "Back to main menu"; commit accordion; refocus a "Boards"; rendered accordion focus=a "Boards" open=[Products pages] | passes=[{"to":"accordion","passes":2,"bad":0,"firstNewOpen":["Products pages"]}] | focus=a "Boards" open=[Products pages]
  [OK]  119 [webkit] > e2e\swap.spec.ts:350:9 > Q1 focus before hydration, main bundle held back > /ssr/current at 1280: back button focused before hydration -> accordion (1.1s)
FINDING /csr 1280: app-rendered@98 mq-ctor@153 mq-live@191 flag@198 swap-plan@201 swap-commit@202 swap-rendered@210 | first paint 226.0 | frames between service ctor and swap render=0 | frames between live and rendered=0 | menu frames before swap render=0 () | drilldown frames after live=0 | drilldown frames total=0 | plan drilldown->accordion close=[] focus=body; commit accordion; rendered accordion focus=body open=[]
  [OK]  120 [webkit] > e2e\swap.spec.ts:379:9 > Q2 first-render handoff, no painted frame of the Server breakpoint mode > /csr at 1280: swap committed in the first tick (-> accordion) (977ms)
FINDING /csr 800: app-rendered@107 mq-ctor@164 mq-live@206 flag@213 swap-plan@216 swap-commit@218 swap-rendered@227 | first paint 232.0 | frames between service ctor and swap render=0 | frames between live and rendered=0 | menu frames before swap render=0 () | drilldown frames after live=0 | drilldown frames total=0 | plan drilldown->dropdown close=[] focus=body; commit dropdown; rendered dropdown focus=body open=[]
  [OK]  121 [webkit] > e2e\swap.spec.ts:379:9 > Q2 first-render handoff, no painted frame of the Server breakpoint mode > /csr at 800: swap committed in the first tick (-> dropdown) (1.0s)
FINDING /ssr 1280: app-rendered@167 mq-ctor@231 mq-live@273 flag@275 swap-plan@278 swap-commit@280 swap-rendered@290 | first paint 72.0 | frames between service ctor and swap render=0 | frames between live and rendered=0 | menu frames before swap render=1 (drilldown) | drilldown frames after live=0 | drilldown frames total=1 | plan drilldown->accordion close=[] focus=body; commit accordion; rendered accordion focus=body open=[]
  [OK]  122 [webkit] > e2e\swap.spec.ts:379:9 > Q2 first-render handoff, no painted frame of the Server breakpoint mode > /ssr at 1280: swap committed in the first tick (-> accordion) (1.1s)
FINDING /ssr 800: app-rendered@148 mq-ctor@207 mq-live@243 flag@246 swap-plan@249 swap-commit@251 swap-rendered@259 | first paint 81.0 | frames between service ctor and swap render=0 | frames between live and rendered=0 | menu frames before swap render=1 (drilldown) | drilldown frames after live=0 | drilldown frames total=1 | plan drilldown->dropdown close=[] focus=body; commit dropdown; rendered dropdown focus=body open=[]
  [OK]  123 [webkit] > e2e\swap.spec.ts:379:9 > Q2 first-render handoff, no painted frame of the Server breakpoint mode > /ssr at 800: swap committed in the first tick (-> dropdown) (1.0s)
FINDING /prerendered 1280: app-rendered@98 mq-ctor@162 mq-live@204 flag@207 swap-plan@212 swap-commit@213 swap-rendered@221 | first paint 38.0 | frames between service ctor and swap render=0 | frames between live and rendered=0 | menu frames before swap render=1 (drilldown) | drilldown frames after live=0 | drilldown frames total=1 | plan drilldown->accordion close=[] focus=body; commit accordion; rendered accordion focus=body open=[]
  [OK]  124 [webkit] > e2e\swap.spec.ts:379:9 > Q2 first-render handoff, no painted frame of the Server breakpoint mode > /prerendered at 1280: swap committed in the first tick (-> accordion) (978ms)
FINDING /prerendered 800: app-rendered@104 mq-ctor@165 mq-live@203 flag@206 swap-plan@209 swap-commit@210 swap-rendered@218 | first paint 41.0 | frames between service ctor and swap render=0 | frames between live and rendered=0 | menu frames before swap render=1 (drilldown) | drilldown frames after live=0 | drilldown frames total=1 | plan drilldown->dropdown close=[] focus=body; commit dropdown; rendered dropdown focus=body open=[]
  [OK]  125 [webkit] > e2e\swap.spec.ts:379:9 > Q2 first-render handoff, no painted frame of the Server breakpoint mode > /prerendered at 800: swap committed in the first tick (-> dropdown) (984ms)
  [OK]  126 [webkit] > e2e\swap.spec.ts:429:7 > Q2 first-render handoff, no painted frame of the Server breakpoint mode > /ssr at 500: no swap (985ms)
FINDING /late 800: plan drilldown->dropdown close=[] focus=body; commit dropdown; rendered dropdown focus=body open=[] | drilldown frames=0 | menu frames before swap render=0 | frames with menu=29
  [OK]  127 [webkit] > e2e\swap.spec.ts:437:7 > Q2 first-render handoff, no painted frame of the Server breakpoint mode > /late at 800: client-created instance after the service went live (1.2s)
FINDING /deferred 1280: plan drilldown->accordion close=[] focus=body; commit accordion; rendered accordion focus=body open=[] | plan saw drilldown | passes before plan=["drilldown"] | frames between hydration pass and swap render=0 | dev before=null after=null
  [OK]  128 [webkit] > e2e\swap.spec.ts:464:11 > Q2 first-render handoff, no painted frame of the Server breakpoint mode > /deferred at 1280: hydrate on viewport hydrates as sent, then swaps (-> accordion) (1.2s)
FINDING /deferred 800: plan drilldown->dropdown close=[] focus=body; commit dropdown; rendered dropdown focus=body open=[] | plan saw drilldown | passes before plan=["drilldown"] | frames between hydration pass and swap render=0 | dev before=null after=null
  [OK]  129 [webkit] > e2e\swap.spec.ts:464:11 > Q2 first-render handoff, no painted frame of the Server breakpoint mode > /deferred at 800: hydrate on viewport hydrates as sent, then swaps (-> dropdown) (1.2s)
FINDING /deferred-prerendered 1280: plan drilldown->accordion close=[] focus=body; commit accordion; rendered accordion focus=body open=[] | plan saw drilldown | passes before plan=["drilldown"] | frames between hydration pass and swap render=0 | dev before=null after=null
  [OK]  130 [webkit] > e2e\swap.spec.ts:464:11 > Q2 first-render handoff, no painted frame of the Server breakpoint mode > /deferred-prerendered at 1280: hydrate on viewport hydrates as sent, then swaps (-> accordion) (1.2s)
FINDING /deferred-prerendered 800: plan drilldown->dropdown close=[] focus=body; commit dropdown; rendered dropdown focus=body open=[] | plan saw drilldown | passes before plan=["drilldown"] | frames between hydration pass and swap render=0 | dev before=null after=null
  [OK]  131 [webkit] > e2e\swap.spec.ts:464:11 > Q2 first-render handoff, no painted frame of the Server breakpoint mode > /deferred-prerendered at 800: hydrate on viewport hydrates as sent, then swaps (-> dropdown) (1.6s)
FINDING deferred focus before block hydration: plan drilldown->accordion close=[] focus=button "Item 1"; commit accordion; rendered accordion focus=button "Item 1" open=[] | passes=[{"to":"accordion","passes":2,"bad":0,"firstNewOpen":[]}] | focus=button "Item 1" open=[]
  [OK]  132 [webkit] > e2e\swap.spec.ts:503:7 > Q2 first-render handoff, no painted frame of the Server breakpoint mode > /deferred at 1280: toggle focused before the block hydrates keeps focus (1.1s)
FINDING Q3 /csr/current: expandedChange true; plan drilldown->dropdown close=[Products pages] focus=body; expandedChange false; commit dropdown; (closed) Products pages in dropdown; rendered dropdown focus=body open=[] | passes=[{"to":"dropdown","passes":2,"bad":0,"firstNewOpen":[]}] | focus=body open=[]
FINDING Q3 /csr/current expandedChange sequence: [true,false]
  [OK]  133 [webkit] > e2e\swap.spec.ts:519:9 > Q3 swap into dropdown with focus outside closes a static is-active section > /csr/current at 800: first-render swap closes Products, closed once, [(expanded)] false (1.0s)
FINDING Q3 /ssr/current: expandedChange true; plan drilldown->dropdown close=[Products pages] focus=body; expandedChange false; commit dropdown; (closed) Products pages in dropdown; rendered dropdown focus=body open=[] | passes=[{"to":"dropdown","passes":2,"bad":0,"firstNewOpen":[]}] | focus=body open=[]
FINDING Q3 /ssr/current expandedChange sequence: [true,false]
  [OK]  134 [webkit] > e2e\swap.spec.ts:519:9 > Q3 swap into dropdown with focus outside closes a static is-active section > /ssr/current at 800: first-render swap closes Products, closed once, [(expanded)] false (1.0s)
FINDING Q3 /prerendered/current: expandedChange true; plan drilldown->dropdown close=[Products pages] focus=body; expandedChange false; commit dropdown; (closed) Products pages in dropdown; rendered dropdown focus=body open=[] | passes=[{"to":"dropdown","passes":2,"bad":0,"firstNewOpen":[]}] | focus=body open=[]
FINDING Q3 /prerendered/current expandedChange sequence: [true,false]
  [OK]  135 [webkit] > e2e\swap.spec.ts:519:9 > Q3 swap into dropdown with focus outside closes a static is-active section > /prerendered/current at 800: first-render swap closes Products, closed once, [(expanded)] false (1.0s)
FINDING Q3 /deferred/current: expandedChange true; plan drilldown->dropdown close=[Products pages] focus=body; expandedChange false; commit dropdown; (closed) Products pages in dropdown; rendered dropdown focus=body open=[] | passes=[{"to":"dropdown","passes":2,"bad":0,"firstNewOpen":[]}] | focus=body open=[]
FINDING Q3 /deferred/current expandedChange sequence: [true,false]
  [OK]  136 [webkit] > e2e\swap.spec.ts:519:9 > Q3 swap into dropdown with focus outside closes a static is-active section > /deferred/current at 800: first-render swap closes Products, closed once, [(expanded)] false (1.3s)
FINDING Q3 /late/current: expandedChange true; plan drilldown->dropdown close=[Products pages] focus=body; expandedChange false; commit dropdown; (closed) Products pages in dropdown; rendered dropdown focus=body open=[] | passes=[{"to":"dropdown","passes":2,"bad":0,"firstNewOpen":[]}] | focus=a "Link after the menu" open=[]
FINDING Q3 /late/current expandedChange sequence: [true,false]
  [OK]  137 [webkit] > e2e\swap.spec.ts:519:9 > Q3 swap into dropdown with focus outside closes a static is-active section > /late/current at 800: first-render swap closes Products, closed once, [(expanded)] false (1.7s)
FINDING Q3 accordion keeps: expandedChange true; plan drilldown->accordion close=[] focus=body; commit accordion; rendered accordion focus=body open=[Products pages] | passes=[{"to":"accordion","passes":2,"bad":0,"firstNewOpen":["Products pages"]}] | focus=body open=[Products pages]
  [OK]  138 [webkit] > e2e\swap.spec.ts:555:7 > Q3 swap into dropdown with focus outside closes a static is-active section > /ssr/current at 1280: first-render swap into accordion keeps Products open, no output (1.0s)
FINDING Q3 runtime drilldown: plan drilldown->dropdown close=[Products pages] focus=a "Link after the menu"; expandedChange false; commit dropdown; (closed) Products pages in dropdown; rendered dropdown focus=a "Link after the menu" open=[] | passes=[{"to":"dropdown","passes":1,"bad":0,"firstNewOpen":[]}] | focus=a "Link after the menu" open=[]
  [OK]  139 [webkit] > e2e\swap.spec.ts:569:9 > Q3 swap into dropdown with focus outside closes a static is-active section > /ssr/current: runtime swap drilldown -> dropdown with focus outside (1.6s)
FINDING Q3 runtime accordion: plan accordion->dropdown close=[Products pages] focus=a "Link after the menu"; expandedChange false; commit dropdown; (closed) Products pages in dropdown; rendered dropdown focus=a "Link after the menu" open=[] | passes=[{"to":"dropdown","passes":1,"bad":0,"firstNewOpen":[]}] | focus=a "Link after the menu" open=[]
  [OK]  140 [webkit] > e2e\swap.spec.ts:569:9 > Q3 swap into dropdown with focus outside closes a static is-active section > /csr/current: runtime swap accordion -> dropdown with focus outside (1.8s)
FINDING Q3 rules: plan drilldown->dropdown close=[Products pages] focus=a "Link after the menu"; expandedChange false; commit dropdown; (closed) Products pages in dropdown; rendered dropdown focus=a "Link after the menu" open=[] | passes=[{"to":"dropdown","passes":1,"bad":0,"firstNewOpen":[]}] | focus=a "Link after the menu" open=[]
  [OK]  141 [webkit] > e2e\swap.spec.ts:588:7 > Q3 swap into dropdown with focus outside closes a static is-active section > /ssr/current at 500: rules change to dropdown with focus outside (1.5s)
FINDING CONTROL commit=old F3: plan dropdown->drilldown close=[Item 1] focus=button "Item 1"; commit drilldown; rendered drilldown focus=button "Item 1" open=[]; (closed) Item 1 in drilldown | bad passes=[[{"pass":8,"mode":"drilldown","open":["Item 1"],"focus":"button \"Item 1\""}]] | focus=button "Item 1" open=[] | errors=[]
  [OK]  142 [webkit] > e2e\swap.spec.ts:604:7 > Controls > CONTROL ?commit=old (Nested menu spec as written): F3 shows a pass with drilldown over the open submenu (1.7s)
FINDING CONTROL force=1 commit=old F3: forced-style focus=button "Item 1"; plan dropdown->drilldown close=[Item 1] focus=button "Item 1"; commit drilldown; forced-style focus=button "Item 1"; rendered drilldown focus=button "Item 1" open=[]; forced-style focus=button "Item 1"; (closed) Item 1 in drilldown; forced-style focus=button "Item 1" | bad=1 | focus=button "Item 1" open=[] | errors=[]
  [OK]  143 [webkit] > e2e\swap.spec.ts:623:9 > Controls > CONTROL ?force=1 (a style-forcing earlyRead first), commit=old: F3 focus (1.7s)
FINDING CONTROL force=1 commit=amended F3: forced-style focus=button "Item 1"; plan dropdown->drilldown close=[Item 1] focus=button "Item 1"; commit drilldown; (closed) Item 1 in drilldown; forced-style focus=button "Item 1"; rendered drilldown focus=button "Item 1" open=[]; forced-style focus=button "Item 1" | bad=0 | focus=button "Item 1" open=[] | errors=[]
  [OK]  144 [webkit] > e2e\swap.spec.ts:623:9 > Controls > CONTROL ?force=1 (a style-forcing earlyRead first), commit=amended: F3 focus (1.9s)
FINDING CONTROL start=current /deferred: no swap | passes=[{"mode":"dropdown","open":[]}] | open=[] | dev=null | errors=[]
  [OK]  145 [webkit] > e2e\swap.spec.ts:647:9 > Controls > CONTROL ?start=current (ADR 0014 handoff) on /deferred at 800 (1.5s)
FINDING CONTROL start=current /deferred/current: expandedChange true | passes=[{"mode":"dropdown","open":["Products pages"]}] | open=[Products pages] | dev=null | errors=[]
  [OK]  146 [webkit] > e2e\swap.spec.ts:647:9 > Controls > CONTROL ?start=current (ADR 0014 handoff) on /deferred/current at 800 (1.2s)
FINDING CONTROL start=current /late/current: expandedChange true | open=[Products pages] | errors=[]
  [OK]  147 [webkit] > e2e\swap.spec.ts:666:7 > Controls > CONTROL ?start=current on /late/current at 800: client-created instance skips the swap rule (1.2s)
  147 passed (4.2m)
